Component: ARM Compiler 5.06 update 6 (build 750) Tool: armlink [4d35ed]

==============================================================================

Section Cross References

    startup_stm32f103xb.o(RESET) refers to startup_stm32f103xb.o(STACK) for __initial_sp
    startup_stm32f103xb.o(RESET) refers to startup_stm32f103xb.o(.text) for Reset_Handler
    startup_stm32f103xb.o(RESET) refers to stm32f1xx_it.o(i.NMI_Handler) for NMI_Handler
    startup_stm32f103xb.o(RESET) refers to stm32f1xx_it.o(i.HardFault_Handler) for HardFault_Handler
    startup_stm32f103xb.o(RESET) refers to stm32f1xx_it.o(i.MemManage_Handler) for MemManage_Handler
    startup_stm32f103xb.o(RESET) refers to stm32f1xx_it.o(i.BusFault_Handler) for BusFault_Handler
    startup_stm32f103xb.o(RESET) refers to stm32f1xx_it.o(i.UsageFault_Handler) for UsageFault_Handler
    startup_stm32f103xb.o(RESET) refers to stm32f1xx_it.o(i.SVC_Handler) for SVC_Handler
    startup_stm32f103xb.o(RESET) refers to stm32f1xx_it.o(i.DebugMon_Handler) for DebugMon_Handler
    startup_stm32f103xb.o(RESET) refers to stm32f1xx_it.o(i.PendSV_Handler) for PendSV_Handler
    startup_stm32f103xb.o(RESET) refers to stm32f1xx_it.o(i.SysTick_Handler) for SysTick_Handler
    startup_stm32f103xb.o(RESET) refers to stm32f1xx_it.o(i.USART1_IRQHandler) for USART1_IRQHandler
    startup_stm32f103xb.o(RESET) refers to stm32f1xx_it.o(i.USART2_IRQHandler) for USART2_IRQHandler
    startup_stm32f103xb.o(.text) refers to system_stm32f1xx.o(i.SystemInit) for SystemInit
    startup_stm32f103xb.o(.text) refers to entry.o(.ARM.Collect$$$$00000000) for __main
    main.o(i.SystemClock_Config) refers to memseta.o(.text) for __aeabi_memclr4
    main.o(i.SystemClock_Config) refers to stm32f1xx_hal_rcc.o(i.HAL_RCC_OscConfig) for HAL_RCC_OscConfig
    main.o(i.SystemClock_Config) refers to stm32f1xx_hal_rcc.o(i.HAL_RCC_ClockConfig) for HAL_RCC_ClockConfig
    main.o(i.SystemClock_Config) refers to stm32f1xx_hal_rcc_ex.o(i.HAL_RCCEx_PeriphCLKConfig) for HAL_RCCEx_PeriphCLKConfig
    main.o(i.fputc) refers to stm32f1xx_hal_uart.o(i.HAL_UART_Transmit) for HAL_UART_Transmit
    main.o(i.fputc) refers to usart.o(.bss) for huart2
    main.o(i.key_xz) refers to stm32f1xx_hal_gpio.o(i.HAL_GPIO_ReadPin) for HAL_GPIO_ReadPin
    main.o(i.key_xz) refers to printf3.o(i.__0printf$3) for __2printf
    main.o(i.key_xz) refers to stm32f1xx_hal.o(i.HAL_Delay) for HAL_Delay
    main.o(i.key_xz) refers to mcu_api.o(i.mcu_reset_wifi) for mcu_reset_wifi
    main.o(i.key_xz) refers to mcu_api.o(i.set_speaker_voice) for set_speaker_voice
    main.o(i.key_xz) refers to mcu_api.o(i.mcu_dp_enum_update) for mcu_dp_enum_update
    main.o(i.key_xz) refers to stm32f1xx_hal_gpio.o(i.HAL_GPIO_WritePin) for HAL_GPIO_WritePin
    main.o(i.key_xz) refers to mcu_api.o(i.mcu_dp_value_update) for mcu_dp_value_update
    main.o(i.key_xz) refers to main.o(.data) for .data
    main.o(i.main) refers to stm32f1xx_hal.o(i.HAL_Init) for HAL_Init
    main.o(i.main) refers to main.o(i.SystemClock_Config) for SystemClock_Config
    main.o(i.main) refers to gpio.o(i.MX_GPIO_Init) for MX_GPIO_Init
    main.o(i.main) refers to usart.o(i.MX_USART1_UART_Init) for MX_USART1_UART_Init
    main.o(i.main) refers to usart.o(i.MX_USART2_UART_Init) for MX_USART2_UART_Init
    main.o(i.main) refers to adc.o(i.MX_ADC1_Init) for MX_ADC1_Init
    main.o(i.main) refers to mcu_api.o(i.wifi_protocol_init) for wifi_protocol_init
    main.o(i.main) refers to stm32f1xx_hal_gpio.o(i.HAL_GPIO_WritePin) for HAL_GPIO_WritePin
    main.o(i.main) refers to mcu_api.o(i.wifi_uart_service) for wifi_uart_service
    main.o(i.main) refers to main.o(i.key_xz) for key_xz
    main.o(i.main) refers to hx711.o(i.get_HX711data) for get_HX711data
    main.o(i.main) refers to mcu_api.o(i.mcu_dp_value_update) for mcu_dp_value_update
    main.o(i.main) refers to mcu_api.o(i.mcu_get_wifi_work_state) for mcu_get_wifi_work_state
    main.o(i.main) refers to protocol.o(i.get_wifi_status) for get_wifi_status
    main.o(i.main) refers to usart.o(.bss) for huart1
    main.o(i.main) refers to protocol.o(.data) for Flag_YL_SW
    gpio.o(i.MX_GPIO_Init) refers to stm32f1xx_hal_gpio.o(i.HAL_GPIO_WritePin) for HAL_GPIO_WritePin
    gpio.o(i.MX_GPIO_Init) refers to stm32f1xx_hal_gpio.o(i.HAL_GPIO_Init) for HAL_GPIO_Init
    adc.o(i.HAL_ADC_MspDeInit) refers to stm32f1xx_hal_gpio.o(i.HAL_GPIO_DeInit) for HAL_GPIO_DeInit
    adc.o(i.HAL_ADC_MspInit) refers to stm32f1xx_hal_gpio.o(i.HAL_GPIO_Init) for HAL_GPIO_Init
    adc.o(i.MX_ADC1_Init) refers to stm32f1xx_hal_adc.o(i.HAL_ADC_Init) for HAL_ADC_Init
    adc.o(i.MX_ADC1_Init) refers to main.o(i.Error_Handler) for Error_Handler
    adc.o(i.MX_ADC1_Init) refers to stm32f1xx_hal_adc.o(i.HAL_ADC_ConfigChannel) for HAL_ADC_ConfigChannel
    adc.o(i.MX_ADC1_Init) refers to adc.o(.bss) for .bss
    usart.o(i.HAL_UART_MspDeInit) refers to stm32f1xx_hal_gpio.o(i.HAL_GPIO_DeInit) for HAL_GPIO_DeInit
[...]
    Removing stm32f1xx_hal_adc_ex.o(i.HAL_ADCEx_InjectedConvCpltCallback), (2 bytes).
    Removing stm32f1xx_hal_adc_ex.o(i.HAL_ADCEx_InjectedGetValue), (30 bytes).
    Removing stm32f1xx_hal_adc_ex.o(i.HAL_ADCEx_InjectedPollForConversion), (292 bytes).
    Removing stm32f1xx_hal_adc_ex.o(i.HAL_ADCEx_InjectedStart), (168 bytes).
    Removing stm32f1xx_hal_adc_ex.o(i.HAL_ADCEx_InjectedStart_IT), (180 bytes).
    Removing stm32f1xx_hal_adc_ex.o(i.HAL_ADCEx_InjectedStop), (78 bytes).
    Removing stm32f1xx_hal_adc_ex.o(i.HAL_ADCEx_InjectedStop_IT), (88 bytes).
    Removing stm32f1xx_hal_adc_ex.o(i.HAL_ADCEx_MultiModeConfigChannel), (100 bytes).
    Removing stm32f1xx_hal_adc_ex.o(i.HAL_ADCEx_MultiModeGetValue), (32 bytes).
    Removing stm32f1xx_hal_adc_ex.o(i.HAL_ADCEx_MultiModeStart_DMA), (232 bytes).
    Removing stm32f1xx_hal_adc_ex.o(i.HAL_ADCEx_MultiModeStop_DMA), (116 bytes).
    Removing stm32f1xx_hal.o(.rev16_text), (4 bytes).
    Removing stm32f1xx_hal.o(.revsh_text), (4 bytes).
    Removing stm32f1xx_hal.o(.rrx_text), (6 bytes).
    Removing stm32f1xx_hal.o(i.HAL_DBGMCU_DisableDBGSleepMode), (16 bytes).
    Removing stm32f1xx_hal.o(i.HAL_DBGMCU_DisableDBGStandbyMode), (16 bytes).
    Removing stm32f1xx_hal.o(i.HAL_DBGMCU_DisableDBGStopMode), (16 bytes).
    Removing stm32f1xx_hal.o(i.HAL_DBGMCU_EnableDBGSleepMode), (16 bytes).
    Removing stm32f1xx_hal.o(i.HAL_DBGMCU_EnableDBGStandbyMode), (16 bytes).
    Removing stm32f1xx_hal.o(i.HAL_DBGMCU_EnableDBGStopMode), (16 bytes).
    Removing stm32f1xx_hal.o(i.HAL_DeInit), (32 bytes).
    Removing stm32f1xx_hal.o(i.HAL_GetDEVID), (16 bytes).
    Removing stm32f1xx_hal.o(i.HAL_GetHalVersion), (8 bytes).
    Removing stm32f1xx_hal.o(i.HAL_GetREVID), (12 bytes).
    Removing stm32f1xx_hal.o(i.HAL_GetTickFreq), (12 bytes).
    Removing stm32f1xx_hal.o(i.HAL_GetTickPrio), (12 bytes).
    Removing stm32f1xx_hal.o(i.HAL_GetUIDw0), (12 bytes).
    Removing stm32f1xx_hal.o(i.HAL_GetUIDw1), (12 bytes).
    Removing stm32f1xx_hal.o(i.HAL_GetUIDw2), (12 bytes).
    Removing stm32f1xx_hal.o(i.HAL_MspDeInit), (2 bytes).
    Removing stm32f1xx_hal.o(i.HAL_MspInit), (2 bytes).
    Removing stm32f1xx_hal.o(i.HAL_ResumeTick), (14 bytes).
    Removing stm32f1xx_hal.o(i.HAL_SetTickFreq), (36 bytes).
    Removing stm32f1xx_hal.o(i.HAL_SuspendTick), (14 bytes).
    Removing stm32f1xx_hal_rcc.o(.rev16_text), (4 bytes).
    Removing stm32f1xx_hal_rcc.o(.revsh_text), (4 bytes).
    Removing stm32f1xx_hal_rcc.o(.rrx_text), (6 bytes).
    Removing stm32f1xx_hal_rcc.o(i.HAL_RCC_CSSCallback), (2 bytes).
    Removing stm32f1xx_hal_rcc.o(i.HAL_RCC_DeInit), (220 bytes).
    Removing stm32f1xx_hal_rcc.o(i.HAL_RCC_DisableCSS), (12 bytes).
    Removing stm32f1xx_hal_rcc.o(i.HAL_RCC_EnableCSS), (12 bytes).
    Removing stm32f1xx_hal_rcc.o(i.HAL_RCC_GetClockConfig), (64 bytes).
    Removing stm32f1xx_hal_rcc.o(i.HAL_RCC_GetHCLKFreq), (12 bytes).
    Removing stm32f1xx_hal_rcc.o(i.HAL_RCC_GetOscConfig), (144 bytes).
    Removing stm32f1xx_hal_rcc.o(i.HAL_RCC_MCOConfig), (72 bytes).
    Removing stm32f1xx_hal_rcc.o(i.HAL_RCC_NMI_IRQHandler), (24 bytes).
    Removing stm32f1xx_hal_rcc_ex.o(.rev16_text), (4 bytes).
    Removing stm32f1xx_hal_rcc_ex.o(.revsh_text), (4 bytes).
    Removing stm32f1xx_hal_rcc_ex.o(.rrx_text), (6 bytes).
    Removing stm32f1xx_hal_rcc_ex.o(i.HAL_RCCEx_GetPeriphCLKConfig), (44 bytes).
    Removing stm32f1xx_hal_rcc_ex.o(i.HAL_RCCEx_GetPeriphCLKFreq), (200 bytes).
    Removing stm32f1xx_hal_gpio.o(.rev16_text), (4 bytes).
    Removing stm32f1xx_hal_gpio.o(.revsh_text), (4 bytes).
    Removing stm32f1xx_hal_gpio.o(.rrx_text), (6 bytes).
    Removing stm32f1xx_hal_gpio.o(i.HAL_GPIO_DeInit), (252 bytes).
    Removing stm32f1xx_hal_gpio.o(i.HAL_GPIO_EXTI_Callback), (2 bytes).
    Removing stm32f1xx_hal_gpio.o(i.HAL_GPIO_EXTI_IRQHandler), (24 bytes).
    Removing stm32f1xx_hal_gpio.o(i.HAL_GPIO_LockPin), (34 bytes).
    Removing stm32f1xx_hal_dma.o(.rev16_text), (4 bytes).
    Removing stm32f1xx_hal_dma.o(.revsh_text), (4 bytes).
    Removing stm32f1xx_hal_dma.o(.rrx_text), (6 bytes).
    Removing stm32f1xx_hal_dma.o(i.DMA_SetConfig), (42 bytes).
    Removing stm32f1xx_hal_dma.o(i.HAL_DMA_Abort), (70 bytes).
    Removing stm32f1xx_hal_dma.o(i.HAL_DMA_DeInit), (92 bytes).
    Removing stm32f1xx_hal_dma.o(i.HAL_DMA_GetError), (4 bytes).
    Removing stm32f1xx_hal_dma.o(i.HAL_DMA_GetState), (6 bytes).
    Removing stm32f1xx_hal_dma.o(i.HAL_DMA_IRQHandler), (340 bytes).
    Removing stm32f1xx_hal_dma.o(i.HAL_DMA_Init), (92 bytes).
    Removing stm32f1xx_hal_dma.o(i.HAL_DMA_PollForTransfer), (532 bytes).
    Removing stm32f1xx_hal_dma.o(i.HAL_DMA_RegisterCallback), (74 bytes).
    Removing stm32f1xx_hal_dma.o(i.HAL_DMA_Start), (80 bytes).
    Removing stm32f1xx_hal_dma.o(i.HAL_DMA_Start_IT), (112 bytes).
    Removing stm32f1xx_hal_dma.o(i.HAL_DMA_UnRegisterCallback), (82 bytes).
    Removing stm32f1xx_hal_cortex.o(.rev16_text), (4 bytes).
    Removing stm32f1xx_hal_cortex.o(.revsh_text), (4 bytes).
    Removing stm32f1xx_hal_cortex.o(.rrx_text), (6 bytes).
    Removing stm32f1xx_hal_cortex.o(i.HAL_NVIC_ClearPendingIRQ), (26 bytes).
    Removing stm32f1xx_hal_cortex.o(i.HAL_NVIC_DisableIRQ), (34 bytes).
    Removing stm32f1xx_hal_cortex.o(i.HAL_NVIC_GetActive), (36 bytes).
    Removing stm32f1xx_hal_cortex.o(i.HAL_NVIC_GetPendingIRQ), (36 bytes).
    Removing stm32f1xx_hal_cortex.o(i.HAL_NVIC_GetPriority), (82 bytes).
    Removing stm32f1xx_hal_cortex.o(i.HAL_NVIC_GetPriorityGrouping), (16 bytes).
    Removing stm32f1xx_hal_cortex.o(i.HAL_NVIC_SetPendingIRQ), (26 bytes).
    Removing stm32f1xx_hal_cortex.o(i.HAL_SYSTICK_CLKSourceConfig), (24 bytes).
    Removing stm32f1xx_hal_cortex.o(i.HAL_SYSTICK_Callback), (2 bytes).
    Removing stm32f1xx_hal_cortex.o(i.HAL_SYSTICK_IRQHandler), (8 bytes).
    Removing stm32f1xx_hal_pwr.o(.rev16_text), (4 bytes).
    Removing stm32f1xx_hal_pwr.o(.revsh_text), (4 bytes).
    Removing stm32f1xx_hal_pwr.o(.rrx_text), (6 bytes).
    Removing stm32f1xx_hal_pwr.o(i.HAL_PWR_ConfigPVD), (124 bytes).
    Removing stm32f1xx_hal_pwr.o(i.HAL_PWR_DeInit), (24 bytes).
    Removing stm32f1xx_hal_pwr.o(i.HAL_PWR_DisableBkUpAccess), (12 bytes).
    Removing stm32f1xx_hal_pwr.o(i.HAL_PWR_DisablePVD), (12 bytes).
    Removing stm32f1xx_hal_pwr.o(i.HAL_PWR_DisableSEVOnPend), (16 bytes).
    Removing stm32f1xx_hal_pwr.o(i.HAL_PWR_DisableSleepOnExit), (16 bytes).
    Removing stm32f1xx_hal_pwr.o(i.HAL_PWR_DisableWakeUpPin), (28 bytes).
    Removing stm32f1xx_hal_pwr.o(i.HAL_PWR_EnableBkUpAccess), (12 bytes).
    Removing stm32f1xx_hal_pwr.o(i.HAL_PWR_EnablePVD), (12 bytes).
    Removing stm32f1xx_hal_pwr.o(i.HAL_PWR_EnableSEVOnPend), (16 bytes).
    Removing stm32f1xx_hal_pwr.o(i.HAL_PWR_EnableSleepOnExit), (16 bytes).
    Removing stm32f1xx_hal_pwr.o(i.HAL_PWR_EnableWakeUpPin), (28 bytes).
    Removing stm32f1xx_hal_pwr.o(i.HAL_PWR_EnterSLEEPMode), (32 bytes).
    Removing stm32f1xx_hal_pwr.o(i.HAL_PWR_EnterSTANDBYMode), (32 bytes).
    Removing stm32f1xx_hal_pwr.o(i.HAL_PWR_EnterSTOPMode), (68 bytes).
    Removing stm32f1xx_hal_pwr.o(i.HAL_PWR_PVDCallback), (2 bytes).
    Removing stm32f1xx_hal_pwr.o(i.HAL_PWR_PVD_IRQHandler), (28 bytes).
    Removing stm32f1xx_hal_pwr.o(i.PWR_OverloadWfe), (6 bytes).
    Removing stm32f1xx_hal_flash.o(.rev16_text), (4 bytes).
    Removing stm32f1xx_hal_flash.o(.revsh_text), (4 bytes).
    Removing stm32f1xx_hal_flash.o(.rrx_text), (6 bytes).
    Removing stm32f1xx_hal_flash.o(i.FLASH_Program_HalfWord), (28 bytes).
    Removing stm32f1xx_hal_flash.o(i.FLASH_SetErrorCode), (92 bytes).
    Removing stm32f1xx_hal_flash.o(i.FLASH_WaitForLastOperation), (84 bytes).
    Removing stm32f1xx_hal_flash.o(i.HAL_FLASH_EndOfOperationCallback), (2 bytes).
    Removing stm32f1xx_hal_flash.o(i.HAL_FLASH_GetError), (12 bytes).
    Removing stm32f1xx_hal_flash.o(i.HAL_FLASH_IRQHandler), (264 bytes).
    Removing stm32f1xx_hal_flash.o(i.HAL_FLASH_Lock), (20 bytes).
    Removing stm32f1xx_hal_flash.o(i.HAL_FLASH_OB_Lock), (20 bytes).
    Removing stm32f1xx_hal_flash.o(i.HAL_FLASH_OB_Unlock), (36 bytes).
    Removing stm32f1xx_hal_flash.o(i.HAL_FLASH_OperationErrorCallback), (2 bytes).
    Removing stm32f1xx_hal_flash.o(i.HAL_FLASH_Program), (128 bytes).
    Removing stm32f1xx_hal_flash.o(i.HAL_FLASH_Program_IT), (100 bytes).
    Removing stm32f1xx_hal_flash.o(i.HAL_FLASH_Unlock), (40 bytes).
    Removing stm32f1xx_hal_flash.o(.bss), (32 bytes).
    Removing stm32f1xx_hal_flash_ex.o(.rev16_text), (4 bytes).
    Removing stm32f1xx_hal_flash_ex.o(.revsh_text), (4 bytes).
    Removing stm32f1xx_hal_flash_ex.o(.rrx_text), (6 bytes).
    Removing stm32f1xx_hal_flash_ex.o(i.FLASH_MassErase), (36 bytes).
    Removing stm32f1xx_hal_flash_ex.o(i.FLASH_OB_DisableWRP), (176 bytes).
    Removing stm32f1xx_hal_flash_ex.o(i.FLASH_OB_EnableWRP), (176 bytes).
    Removing stm32f1xx_hal_flash_ex.o(i.FLASH_OB_GetRDP), (24 bytes).
    Removing stm32f1xx_hal_flash_ex.o(i.FLASH_OB_RDP_LevelConfig), (100 bytes).
    Removing stm32f1xx_hal_flash_ex.o(i.FLASH_PageErase), (36 bytes).
    Removing stm32f1xx_hal_flash_ex.o(i.HAL_FLASHEx_Erase), (168 bytes).
    Removing stm32f1xx_hal_flash_ex.o(i.HAL_FLASHEx_Erase_IT), (84 bytes).
    Removing stm32f1xx_hal_flash_ex.o(i.HAL_FLASHEx_OBErase), (84 bytes).
    Removing stm32f1xx_hal_flash_ex.o(i.HAL_FLASHEx_OBGetConfig), (36 bytes).
    Removing stm32f1xx_hal_flash_ex.o(i.HAL_FLASHEx_OBGetUserData), (32 bytes).
    Removing stm32f1xx_hal_flash_ex.o(i.HAL_FLASHEx_OBProgram), (200 bytes).
    Removing stm32f1xx_hal_exti.o(.rev16_text), (4 bytes).
    Removing stm32f1xx_hal_exti.o(.revsh_text), (4 bytes).
    Removing stm32f1xx_hal_exti.o(.rrx_text), (6 bytes).
    Removing stm32f1xx_hal_exti.o(i.HAL_EXTI_ClearConfigLine), (104 bytes).
    Removing stm32f1xx_hal_exti.o(i.HAL_EXTI_ClearPending), (20 bytes).
    Removing stm32f1xx_hal_exti.o(i.HAL_EXTI_GenerateSWI), (20 bytes).
    Removing stm32f1xx_hal_exti.o(i.HAL_EXTI_GetConfigLine), (152 bytes).
    Removing stm32f1xx_hal_exti.o(i.HAL_EXTI_GetHandle), (12 bytes).
    Removing stm32f1xx_hal_exti.o(i.HAL_EXTI_GetPending), (24 bytes).
    Removing stm32f1xx_hal_exti.o(i.HAL_EXTI_IRQHandler), (36 bytes).
    Removing stm32f1xx_hal_exti.o(i.HAL_EXTI_RegisterCallback), (14 bytes).
    Removing stm32f1xx_hal_exti.o(i.HAL_EXTI_SetConfigLine), (164 bytes).
    Removing stm32f1xx_hal_tim.o(.rev16_text), (4 bytes).
    Removing stm32f1xx_hal_tim.o(.revsh_text), (4 bytes).
    Removing stm32f1xx_hal_tim.o(.rrx_text), (6 bytes).
    Removing stm32f1xx_hal_tim_ex.o(.rev16_text), (4 bytes).
    Removing stm32f1xx_hal_tim_ex.o(.revsh_text), (4 bytes).
    Removing stm32f1xx_hal_tim_ex.o(.rrx_text), (6 bytes).
    Removing stm32f1xx_hal_uart.o(.rev16_text), (4 bytes).
    Removing stm32f1xx_hal_uart.o(.revsh_text), (4 bytes).
    Removing stm32f1xx_hal_uart.o(.rrx_text), (6 bytes).
    Removing stm32f1xx_hal_uart.o(i.HAL_HalfDuplex_EnableReceiver), (50 bytes).
    Removing stm32f1xx_hal_uart.o(i.HAL_HalfDuplex_EnableTransmitter), (50 bytes).
    Removing stm32f1xx_hal_uart.o(i.HAL_HalfDuplex_Init), (108 bytes).
    Removing stm32f1xx_hal_uart.o(i.HAL_LIN_Init), (128 bytes).
    Removing stm32f1xx_hal_uart.o(i.HAL_LIN_SendBreak), (46 bytes).
    Removing stm32f1xx_hal_uart.o(i.HAL_MultiProcessor_EnterMuteMode), (46 bytes).
    Removing stm32f1xx_hal_uart.o(i.HAL_MultiProcessor_ExitMuteMode), (46 bytes).
    Removing stm32f1xx_hal_uart.o(i.HAL_MultiProcessor_Init), (142 bytes).
    Removing stm32f1xx_hal_uart.o(i.HAL_UART_Abort), (138 bytes).
    Removing stm32f1xx_hal_uart.o(i.HAL_UART_AbortCpltCallback), (2 bytes).
    Removing stm32f1xx_hal_uart.o(i.HAL_UART_AbortReceive), (88 bytes).
    Removing stm32f1xx_hal_uart.o(i.HAL_UART_AbortReceiveCpltCallback), (2 bytes).
    Removing stm32f1xx_hal_uart.o(i.HAL_UART_AbortReceive_IT), (92 bytes).
    Removing stm32f1xx_hal_uart.o(i.HAL_UART_AbortTransmit), (78 bytes).
    Removing stm32f1xx_hal_uart.o(i.HAL_UART_AbortTransmitCpltCallback), (2 bytes).
    Removing stm32f1xx_hal_uart.o(i.HAL_UART_AbortTransmit_IT), (84 bytes).
    Removing stm32f1xx_hal_uart.o(i.HAL_UART_Abort_IT), (172 bytes).
    Removing stm32f1xx_hal_uart.o(i.HAL_UART_DMAPause), (102 bytes).
    Removing stm32f1xx_hal_uart.o(i.HAL_UART_DMAResume), (94 bytes).
    Removing stm32f1xx_hal_uart.o(i.HAL_UART_DMAStop), (88 bytes).
    Removing stm32f1xx_hal_uart.o(i.HAL_UART_DeInit), (50 bytes).
    Removing stm32f1xx_hal_uart.o(i.HAL_UART_GetError), (4 bytes).
    Removing stm32f1xx_hal_uart.o(i.HAL_UART_GetState), (10 bytes).
    Removing stm32f1xx_hal_uart.o(i.HAL_UART_MspDeInit), (2 bytes).
    Removing stm32f1xx_hal_uart.o(i.HAL_UART_MspInit), (2 bytes).
    Removing stm32f1xx_hal_uart.o(i.HAL_UART_Receive), (188 bytes).
    Removing stm32f1xx_hal_uart.o(i.HAL_UART_Receive_DMA), (152 bytes).
    Removing stm32f1xx_hal_uart.o(i.HAL_UART_Receive_IT), (82 bytes).
    Removing stm32f1xx_hal_uart.o(i.HAL_UART_RxHalfCpltCallback), (2 bytes).
    Removing stm32f1xx_hal_uart.o(i.HAL_UART_Transmit_DMA), (128 bytes).
    Removing stm32f1xx_hal_uart.o(i.HAL_UART_Transmit_IT), (62 bytes).
    Removing stm32f1xx_hal_uart.o(i.HAL_UART_TxHalfCpltCallback), (2 bytes).
    Removing stm32f1xx_hal_uart.o(i.UART_DMAError), (74 bytes).
    Removing stm32f1xx_hal_uart.o(i.UART_DMAReceiveCplt), (60 bytes).
    Removing stm32f1xx_hal_uart.o(i.UART_DMARxAbortCallback), (42 bytes).
    Removing stm32f1xx_hal_uart.o(i.UART_DMARxHalfCplt), (10 bytes).
    Removing stm32f1xx_hal_uart.o(i.UART_DMARxOnlyAbortCallback), (20 bytes).
    Removing stm32f1xx_hal_uart.o(i.UART_DMATransmitCplt), (46 bytes).
    Removing stm32f1xx_hal_uart.o(i.UART_DMATxAbortCallback), (42 bytes).
    Removing stm32f1xx_hal_uart.o(i.UART_DMATxHalfCplt), (10 bytes).
    Removing stm32f1xx_hal_uart.o(i.UART_DMATxOnlyAbortCallback), (20 bytes).
    Removing stm32f1xx_hal_uart.o(i.UART_EndTxTransfer), (18 bytes).
    Removing system_stm32f1xx.o(.rev16_text), (4 bytes).
    Removing system_stm32f1xx.o(.revsh_text), (4 bytes).
    Removing system_stm32f1xx.o(.rrx_text), (6 bytes).
    Removing system_stm32f1xx.o(i.SystemCoreClockUpdate), (104 bytes).
    Removing mcu_api.o(.rev16_text), (4 bytes).
    Removing mcu_api.o(.revsh_text), (4 bytes).
    Removing mcu_api.o(.rrx_text), (6 bytes).
    Removing mcu_api.o(i.get_voice_state), (10 bytes).
    Removing mcu_api.o(i.hex_to_bcd), (74 bytes).
    Removing mcu_api.o(i.int_to_byte), (16 bytes).
    Removing mcu_api.o(i.mcu_dp_fault_update), (104 bytes).
    Removing mcu_api.o(i.mcu_dp_string_update), (68 bytes).
    Removing mcu_api.o(i.mcu_get_dp_download_enum), (4 bytes).
    Removing mcu_api.o(i.mcu_get_reset_wifi_flag), (12 bytes).
    Removing mcu_api.o(i.mcu_get_wifi_connect_status), (10 bytes).
    Removing mcu_api.o(i.mcu_get_wifimode_flag), (12 bytes).
    Removing mcu_api.o(i.mcu_set_wifi_mode), (32 bytes).
    Removing mcu_api.o(i.mcu_start_BLE_test), (24 bytes).
    Removing mcu_api.o(i.mcu_start_wifitest), (10 bytes).
    Removing mcu_api.o(i.my_memset), (20 bytes).
    Removing mcu_api.o(i.my_strcmp), (26 bytes).
    Removing mcu_api.o(i.my_strcpy), (32 bytes).
    Removing mcu_api.o(i.set_voice_MIC_silence), (24 bytes).
    Removing mcu_api.o(i.uart_receive_buff_input), (26 bytes).
    Removing mcu_api.o(i.voice_awaken_test), (10 bytes).
    Removing mcu_api.o(i.voice_mcu_fun_set), (116 bytes).
    Removing mcu_api.o(i.voice_test), (24 bytes).
    Removing protocol.o(.rev16_text), (4 bytes).
    Removing protocol.o(.revsh_text), (4 bytes).
    Removing protocol.o(.rrx_text), (6 bytes).
    Removing protocol.o(.data), (1 bytes).
    Removing system.o(.rev16_text), (4 bytes).
    Removing system.o(.revsh_text), (4 bytes).
    Removing system.o(.rrx_text), (6 bytes).
    Removing hx711.o(.rev16_text), (4 bytes).
    Removing hx711.o(.revsh_text), (4 bytes).
    Removing hx711.o(.rrx_text), (6 bytes).
    Removing hx711.o(.data), (4 bytes).
    Removing dadd.o(.text), (334 bytes).
    Removing dmul.o(.text), (228 bytes).
    Removing dfixul.o(.text), (48 bytes).
    Removing cdrcmple.o(.text), (48 bytes).

303 unused section(s) (total 15383 bytes) removed from the image.

==============================================================================

Image Symbol Table

    Local Symbols

    Symbol Name                              Value     Ov Type        Size  Object(Section)

    ../Drivers/STM32F1xx_HAL_Driver/Src/stm32f1xx_hal.c 0x00000000   Number         0  stm32f1xx_hal.o ABSOLUTE
    ../Drivers/STM32F1xx_HAL_Driver/Src/stm32f1xx_hal_adc.c 0x00000000   Number         0  stm32f1xx_hal_adc.o ABSOLUTE
    ../Drivers/STM32F1xx_HAL_Driver/Src/stm32f1xx_hal_adc_ex.c 0x00000000   Number         0  stm32f1xx_hal_adc_ex.o ABSOLUTE
    ../Drivers/STM32F1xx_HAL_Driver/Src/stm32f1xx_hal_cortex.c 0x00000000   Number         0  stm32f1xx_hal_cortex.o ABSOLUTE
    ../Drivers/STM32F1xx_HAL_Driver/Src/stm32f1xx_hal_dma.c 0x00000000   Number         0  stm32f1xx_hal_dma.o ABSOLUTE
    ../Drivers/STM32F1xx_HAL_Driver/Src/stm32f1xx_hal_exti.c 0x00000000   Number         0  stm32f1xx_hal_exti.o ABSOLUTE
    ../Drivers/STM32F1xx_HAL_Driver/Src/stm32f1xx_hal_flash.c 0x00000000   Number         0  stm32f1xx_hal_flash.o ABSOLUTE
    ../Drivers/STM32F1xx_HAL_Driver/Src/stm32f1xx_hal_flash_ex.c 0x00000000   Number         0  stm32f1xx_hal_flash_ex.o ABSOLUTE
    ../Drivers/STM32F1xx_HAL_Driver/Src/stm32f1xx_hal_gpio.c 0x00000000   Number         0  stm32f1xx_hal_gpio.o ABSOLUTE
    ../Drivers/STM32F1xx_HAL_Driver/Src/stm32f1xx_hal_gpio_ex.c 0x00000000   Number         0  stm32f1xx_hal_gpio_ex.o ABSOLUTE
    ../Drivers/STM32F1xx_HAL_Driver/Src/stm32f1xx_hal_pwr.c 0x00000000   Number         0  stm32f1xx_hal_pwr.o ABSOLUTE
    ../Drivers/STM32F1xx_HAL_Driver/Src/stm32f1xx_hal_rcc.c 0x00000000   Number         0  stm32f1xx_hal_rcc.o ABSOLUTE
    ../Drivers/STM32F1xx_HAL_Driver/Src/stm32f1xx_hal_rcc_ex.c 0x00000000   Number         0  stm32f1xx_hal_rcc_ex.o ABSOLUTE
    ../Drivers/STM32F1xx_HAL_Driver/Src/stm32f1xx_hal_tim.c 0x00000000   Number         0  stm32f1xx_hal_tim.o ABSOLUTE
    ../Drivers/STM32F1xx_HAL_Driver/Src/stm32f1xx_hal_tim_ex.c 0x00000000   Number         0  stm32f1xx_hal_tim_ex.o ABSOLUTE
    ../Drivers/STM32F1xx_HAL_Driver/Src/stm32f1xx_hal_uart.c 0x00000000   Number         0  stm32f1xx_hal_uart.o ABSOLUTE
    ../Src/adc.c                             0x00000000   Number         0  adc.o ABSOLUTE
    ../Src/gpio.c                            0x00000000   Number         0  gpio.o ABSOLUTE
    ../Src/main.c                            0x00000000   Number         0  main.o ABSOLUTE
    ../Src/stm32f1xx_hal_msp.c               0x00000000   Number         0  stm32f1xx_hal_msp.o ABSOLUTE
    ../Src/stm32f1xx_it.c                    0x00000000   Number         0  stm32f1xx_it.o ABSOLUTE
    ../Src/system_stm32f1xx.c                0x00000000   Number         0  system_stm32f1xx.o ABSOLUTE
    ../Src/usart.c                           0x00000000   Number         0  usart.o ABSOLUTE
    ../clib/microlib/division.c              0x00000000   Number         0  uidiv.o ABSOLUTE
    ../clib/microlib/division.c              0x00000000   Number         0  uldiv.o ABSOLUTE
    ../clib/microlib/init/entry.s            0x00000000   Number         0  entry11b.o ABSOLUTE
    ../clib/microlib/init/entry.s            0x00000000   Number         0  entry7a.o ABSOLUTE
    ../clib/microlib/init/entry.s            0x00000000   Number         0  entry11a.o ABSOLUTE
    ../clib/microlib/init/entry.s            0x00000000   Number         0  entry9b.o ABSOLUTE
    ../clib/microlib/init/entry.s            0x00000000   Number         0  entry10b.o ABSOLUTE
    ../clib/microlib/init/entry.s            0x00000000   Number         0  entry10a.o ABSOLUTE
    ../clib/microlib/init/entry.s            0x00000000   Number         0  entry8a.o ABSOLUTE
    ../clib/microlib/init/entry.s            0x00000000   Number         0  entry8b.o ABSOLUTE
    ../clib/microlib/init/entry.s            0x00000000   Number         0  entry.o ABSOLUTE
    ../clib/microlib/init/entry.s            0x00000000   Number         0  entry7b.o ABSOLUTE
    ../clib/microlib/init/entry.s            0x00000000   Number         0  entry9a.o ABSOLUTE
    ../clib/microlib/init/entry.s            0x00000000   Number         0  entry2.o ABSOLUTE
    ../clib/microlib/init/entry.s            0x00000000   Number         0  entry5.o ABSOLUTE
    ../clib/microlib/longlong.c              0x00000000   Number         0  llushr.o ABSOLUTE
    ../clib/microlib/longlong.c              0x00000000   Number         0  llshl.o ABSOLUTE
    ../clib/microlib/longlong.c              0x00000000   Number         0  llsshr.o ABSOLUTE
    ../clib/microlib/printf/printf.c         0x00000000   Number         0  printf4.o ABSOLUTE
    ../clib/microlib/printf/printf.c         0x00000000   Number         0  printf3.o ABSOLUTE
    ../clib/microlib/printf/printf.c         0x00000000   Number         0  printf2.o ABSOLUTE
    ../clib/microlib/printf/printf.c         0x00000000   Number         0  printf1.o ABSOLUTE
    ../clib/microlib/printf/printf.c         0x00000000   Number         0  printf0.o ABSOLUTE
    ../clib/microlib/printf/printf.c         0x00000000   Number         0  printfb.o ABSOLUTE
    ../clib/microlib/printf/printf.c         0x00000000   Number         0  printf6.o ABSOLUTE
    ../clib/microlib/printf/printf.c         0x00000000   Number         0  printf7.o ABSOLUTE
    ../clib/microlib/printf/printf.c         0x00000000   Number         0  printf5.o ABSOLUTE
    ../clib/microlib/printf/printf.c         0x00000000   Number         0  printfa.o ABSOLUTE
    ../clib/microlib/printf/printf.c         0x00000000   Number         0  printf8.o ABSOLUTE
    ../clib/microlib/printf/stubs.s          0x00000000   Number         0  stubs.o ABSOLUTE
    ../clib/microlib/stdio/streams.c         0x00000000   Number         0  stdout.o ABSOLUTE
    ../clib/microlib/string/memcmp.c         0x00000000   Number         0  memcmp.o ABSOLUTE
    ../clib/microlib/string/memset.c         0x00000000   Number         0  memseta.o ABSOLUTE
    ../clib/microlib/string/strstr.c         0x00000000   Number         0  strstr.o ABSOLUTE
    ../clib/microlib/stubs.s                 0x00000000   Number         0  iusefp.o ABSOLUTE
    ../fplib/microlib/f2d.c                  0x00000000   Number         0  f2d.o ABSOLUTE
    ../fplib/microlib/fpadd.c                0x00000000   Number         0  dadd.o ABSOLUTE
    ../fplib/microlib/fpdiv.c                0x00000000   Number         0  ddiv.o ABSOLUTE
    ../fplib/microlib/fpepilogue.c           0x00000000   Number         0  fepilogue.o ABSOLUTE
    ../fplib/microlib/fpepilogue.c           0x00000000   Number         0  depilogue.o ABSOLUTE
    ../fplib/microlib/fpfix.c                0x00000000   Number         0  dfixi.o ABSOLUTE
    ../fplib/microlib/fpfix.c                0x00000000   Number         0  dfixul.o ABSOLUTE
    ../fplib/microlib/fpflt.c                0x00000000   Number         0  fflti.o ABSOLUTE
    ../fplib/microlib/fpmul.c                0x00000000   Number         0  dmul.o ABSOLUTE
    ..\Drivers\STM32F1xx_HAL_Driver\Src\stm32f1xx_hal.c 0x00000000   Number         0  stm32f1xx_hal.o ABSOLUTE
    ..\Drivers\STM32F1xx_HAL_Driver\Src\stm32f1xx_hal_adc.c 0x00000000   Number         0  stm32f1xx_hal_adc.o ABSOLUTE
    ..\Drivers\STM32F1xx_HAL_Driver\Src\stm32f1xx_hal_adc_ex.c 0x00000000   Number         0  stm32f1xx_hal_adc_ex.o ABSOLUTE
    ..\Drivers\STM32F1xx_HAL_Driver\Src\stm32f1xx_hal_cortex.c 0x00000000   Number         0  stm32f1xx_hal_cortex.o ABSOLUTE
    ..\Drivers\STM32F1xx_HAL_Driver\Src\stm32f1xx_hal_dma.c 0x00000000   Number         0  stm32f1xx_hal_dma.o ABSOLUTE
    ..\Drivers\STM32F1xx_HAL_Driver\Src\stm32f1xx_hal_exti.c 0x00000000   Number         0  stm32f1xx_hal_exti.o ABSOLUTE
    ..\Drivers\STM32F1xx_HAL_Driver\Src\stm32f1xx_hal_flash.c 0x00000000   Number         0  stm32f1xx_hal_flash.o ABSOLUTE
    ..\Drivers\STM32F1xx_HAL_Driver\Src\stm32f1xx_hal_flash_ex.c 0x00000000   Number         0  stm32f1xx_hal_flash_ex.o ABSOLUTE
    ..\Drivers\STM32F1xx_HAL_Driver\Src\stm32f1xx_hal_gpio.c 0x00000000   Number         0  stm32f1xx_hal_gpio.o ABSOLUTE
    ..\Drivers\STM32F1xx_HAL_Driver\Src\stm32f1xx_hal_gpio_ex.c 0x00000000   Number         0  stm32f1xx_hal_gpio_ex.o ABSOLUTE
    ..\Drivers\STM32F1xx_HAL_Driver\Src\stm32f1xx_hal_pwr.c 0x00000000   Number         0  stm32f1xx_hal_pwr.o ABSOLUTE
    ..\Drivers\STM32F1xx_HAL_Driver\Src\stm32f1xx_hal_rcc.c 0x00000000   Number         0  stm32f1xx_hal_rcc.o ABSOLUTE
    ..\Drivers\STM32F1xx_HAL_Driver\Src\stm32f1xx_hal_rcc_ex.c 0x00000000   Number         0  stm32f1xx_hal_rcc_ex.o ABSOLUTE
    ..\Drivers\STM32F1xx_HAL_Driver\Src\stm32f1xx_hal_tim.c 0x00000000   Number         0  stm32f1xx_hal_tim.o ABSOLUTE
    ..\Drivers\STM32F1xx_HAL_Driver\Src\stm32f1xx_hal_tim_ex.c 0x00000000   Number         0  stm32f1xx_hal_tim_ex.o ABSOLUTE
    ..\Drivers\STM32F1xx_HAL_Driver\Src\stm32f1xx_hal_uart.c 0x00000000   Number         0  stm32f1xx_hal_uart.o ABSOLUTE
    ..\HX711\HX711.c                         0x00000000   Number         0  hx711.o ABSOLUTE
    ..\Src\adc.c                             0x00000000   Number         0  adc.o ABSOLUTE
    ..\Src\gpio.c                            0x00000000   Number         0  gpio.o ABSOLUTE
    ..\Src\main.c                            0x00000000   Number         0  main.o ABSOLUTE
    ..\Src\stm32f1xx_hal_msp.c               0x00000000   Number         0  stm32f1xx_hal_msp.o ABSOLUTE
    ..\Src\stm32f1xx_it.c                    0x00000000   Number         0  stm32f1xx_it.o ABSOLUTE
    ..\Src\system_stm32f1xx.c                0x00000000   Number         0  system_stm32f1xx.o ABSOLUTE
    ..\Src\usart.c                           0x00000000   Number         0  usart.o ABSOLUTE
    ..\\HX711\\HX711.c                       0x00000000   Number         0  hx711.o ABSOLUTE
    ..\\mcu_sdk\\mcu_api.c                   0x00000000   Number         0  mcu_api.o ABSOLUTE
    ..\\mcu_sdk\\protocol.c                  0x00000000   Number         0  protocol.o ABSOLUTE
    ..\\mcu_sdk\\system.c                    0x00000000   Number         0  system.o ABSOLUTE
    ..\mcu_sdk\mcu_api.c                     0x00000000   Number         0  mcu_api.o ABSOLUTE
    ..\mcu_sdk\protocol.c                    0x00000000   Number         0  protocol.o ABSOLUTE
    ..\mcu_sdk\system.c                      0x00000000   Number         0  system.o ABSOLUTE
    cdrcmple.s                               0x00000000   Number         0  cdrcmple.o ABSOLUTE
    dc.s                                     0x00000000   Number         0  dc.o ABSOLUTE
    handlers.s                               0x00000000   Number         0  handlers.o ABSOLUTE
    init.s                                   0x00000000   Number         0  init.o ABSOLUTE
    startup_stm32f103xb.s                    0x00000000   Number         0  startup_stm32f103xb.o ABSOLUTE
    RESET                                    0x08000000   Section      236  startup_stm32f103xb.o(RESET)
    .ARM.Collect$$$$00000000                 0x080000ec   Section        0  entry.o(.ARM.Collect$$$$00000000)
    .ARM.Collect$$$$00000001                 0x080000ec   Section        4  entry2.o(.ARM.Collect$$$$00000001)
    .ARM.Collect$$$$00000004                 0x080000f0   Section        4  entry5.o(.ARM.Collect$$$$00000004)
    .ARM.Collect$$$$00000008                 0x080000f4   Section        0  entry7b.o(.ARM.Collect$$$$00000008)
    .ARM.Collect$$$$0000000A                 0x080000f4   Section        0  entry8b.o(.ARM.Collect$$$$0000000A)
    .ARM.Collect$$$$0000000B                 0x080000f4   Section        8  entry9a.o(.ARM.Collect$$$$0000000B)
    .ARM.Collect$$$$0000000D                 0x080000fc   Section        0  entry10a.o(.ARM.Collect$$$$0000000D)
    .ARM.Collect$$$$0000000F                 0x080000fc   Section        0  entry11a.o(.ARM.Collect$$$$0000000F)
    .ARM.Collect$$$$00002712                 0x080000fc   Section        4  entry2.o(.ARM.Collect$$$$00002712)
    __lit__00000000                          0x080000fc   Data           4  entry2.o(.ARM.Collect$$$$00002712)
    .text                                    0x08000100   Section       36  startup_stm32f103xb.o(.text)
    .text                                    0x08000124   Section        0  llushr.o(.text)
    .text                                    0x08000144   Section        0  memseta.o(.text)
    .text                                    0x08000168   Section        0  strstr.o(.text)
    .text                                    0x0800018c   Section        0  memcmp.o(.text)
    .text                                    0x080001a6   Section        0  ddiv.o(.text)
    .text                                    0x08000284   Section        0  fflti.o(.text)
    .text                                    0x08000296   Section        0  dfixi.o(.text)
    .text                                    0x080002d4   Section        0  f2d.o(.text)
    .text                                    0x080002fa   Section        0  uidiv.o(.text)
    .text                                    0x08000326   Section        0  iusefp.o(.text)
    .text                                    0x08000326   Section        0  fepilogue.o(.text)
    .text                                    0x08000394   Section        0  depilogue.o(.text)
    .text                                    0x08000450   Section       36  init.o(.text)
    .text                                    0x08000474   Section        0  llshl.o(.text)
    i.ADC_ConversionStop_Disable             0x08000494   Section        0  stm32f1xx_hal_adc.o(i.ADC_ConversionStop_Disable)
    i.BLE_test_result                        0x080004e0   Section        0  protocol.o(i.BLE_test_result)
    i.BusFault_Handler                       0x080004e2   Section        0  stm32f1xx_it.o(i.BusFault_Handler)
    i.DebugMon_Handler                       0x080004e4   Section        0  stm32f1xx_it.o(i.DebugMon_Handler)
    i.Error_Handler                          0x080004e6   Section        0  main.o(i.Error_Handler)
    i.Get_Maopi                              0x080004ec   Section        0  hx711.o(i.Get_Maopi)
    i.Get_Weight                             0x080004fc   Section        0  hx711.o(i.Get_Weight)
    i.HAL_ADC_ConfigChannel                  0x08000530   Section        0  stm32f1xx_hal_adc.o(i.HAL_ADC_ConfigChannel)
    i.HAL_ADC_Init                           0x0800062c   Section        0  stm32f1xx_hal_adc.o(i.HAL_ADC_Init)
    i.HAL_ADC_MspInit                        0x08000748   Section        0  adc.o(i.HAL_ADC_MspInit)
    i.HAL_DMA_Abort_IT                       0x080007a0   Section        0  stm32f1xx_hal_dma.o(i.HAL_DMA_Abort_IT)
    i.HAL_Delay                              0x08000838   Section        0  stm32f1xx_hal.o(i.HAL_Delay)
    i.HAL_FLASH_OB_Launch                    0x0800085c   Section        0  stm32f1xx_hal_flash.o(i.HAL_FLASH_OB_Launch)
    i.HAL_GPIO_Init                          0x08000860   Section        0  stm32f1xx_hal_gpio.o(i.HAL_GPIO_Init)
    i.HAL_GPIO_ReadPin                       0x08000a40   Section        0  stm32f1xx_hal_gpio.o(i.HAL_GPIO_ReadPin)
    i.HAL_GPIO_TogglePin                     0x08000a4a   Section        0  stm32f1xx_hal_gpio.o(i.HAL_GPIO_TogglePin)
    i.HAL_GPIO_WritePin                      0x08000a5a   Section        0  stm32f1xx_hal_gpio.o(i.HAL_GPIO_WritePin)
    i.HAL_GetTick                            0x08000a64   Section        0  stm32f1xx_hal.o(i.HAL_GetTick)
    i.HAL_IncTick                            0x08000a70   Section        0  stm32f1xx_hal.o(i.HAL_IncTick)
    i.HAL_Init                               0x08000a80   Section        0  stm32f1xx_hal.o(i.HAL_Init)
    i.HAL_InitTick                           0x08000aa4   Section        0  stm32f1xx_hal.o(i.HAL_InitTick)
    i.HAL_MspInit                            0x08000ae4   Section        0  stm32f1xx_hal_msp.o(i.HAL_MspInit)
    i.HAL_NVIC_EnableIRQ                     0x08000b20   Section        0  stm32f1xx_hal_cortex.o(i.HAL_NVIC_EnableIRQ)
    i.HAL_NVIC_SetPriority                   0x08000b3c   Section        0  stm32f1xx_hal_cortex.o(i.HAL_NVIC_SetPriority)
    i.HAL_NVIC_SetPriorityGrouping           0x08000b7c   Section        0  stm32f1xx_hal_cortex.o(i.HAL_NVIC_SetPriorityGrouping)
    i.HAL_NVIC_SystemReset                   0x08000ba0   Section        0  stm32f1xx_hal_cortex.o(i.HAL_NVIC_SystemReset)
    i.HAL_RCCEx_PeriphCLKConfig              0x08000bc4   Section        0  stm32f1xx_hal_rcc_ex.o(i.HAL_RCCEx_PeriphCLKConfig)
    i.HAL_RCC_ClockConfig                    0x08000cb0   Section        0  stm32f1xx_hal_rcc.o(i.HAL_RCC_ClockConfig)
    i.HAL_RCC_GetPCLK1Freq                   0x08000ddc   Section        0  stm32f1xx_hal_rcc.o(i.HAL_RCC_GetPCLK1Freq)
    i.HAL_RCC_GetPCLK2Freq                   0x08000dfc   Section        0  stm32f1xx_hal_rcc.o(i.HAL_RCC_GetPCLK2Freq)
    i.HAL_RCC_GetSysClockFreq                0x08000e1c   Section        0  stm32f1xx_hal_rcc.o(i.HAL_RCC_GetSysClockFreq)
    i.HAL_RCC_OscConfig                      0x08000e88   Section        0  stm32f1xx_hal_rcc.o(i.HAL_RCC_OscConfig)
    i.HAL_SYSTICK_Config                     0x080011a8   Section        0  stm32f1xx_hal_cortex.o(i.HAL_SYSTICK_Config)
    i.HAL_UART_ErrorCallback                 0x080011d0   Section        0  stm32f1xx_hal_uart.o(i.HAL_UART_ErrorCallback)
    i.HAL_UART_IRQHandler                    0x080011d4   Section        0  stm32f1xx_hal_uart.o(i.HAL_UART_IRQHandler)
    i.HAL_UART_Init                          0x08001330   Section        0  stm32f1xx_hal_uart.o(i.HAL_UART_Init)
    i.HAL_UART_MspInit                       0x08001394   Section        0  usart.o(i.HAL_UART_MspInit)
    i.HAL_UART_RxCpltCallback                0x0800146c   Section        0  stm32f1xx_hal_uart.o(i.HAL_UART_RxCpltCallback)
    i.HAL_UART_Transmit                      0x08001470   Section        0  stm32f1xx_hal_uart.o(i.HAL_UART_Transmit)
    i.HAL_UART_TxCpltCallback                0x08001522   Section        0  stm32f1xx_hal_uart.o(i.HAL_UART_TxCpltCallback)
    i.HX711_Read                             0x08001524   Section        0  hx711.o(i.HX711_Read)
    i.HardFault_Handler                      0x080015cc   Section        0  stm32f1xx_it.o(i.HardFault_Handler)
    i.Init_HX711pin                          0x080015d0   Section        0  hx711.o(i.Init_HX711pin)
    i.MX_ADC1_Init                           0x080015f4   Section        0  adc.o(i.MX_ADC1_Init)
    i.MX_GPIO_Init                           0x08001640   Section        0  gpio.o(i.MX_GPIO_Init)
    i.MX_USART1_UART_Init                    0x080016cc   Section        0  usart.o(i.MX_USART1_UART_Init)
    i.MX_USART2_UART_Init                    0x08001704   Section        0  usart.o(i.MX_USART2_UART_Init)
    i.MemManage_Handler                      0x0800173c   Section        0  stm32f1xx_it.o(i.MemManage_Handler)
    i.NMI_Handler                            0x0800173e   Section        0  stm32f1xx_it.o(i.NMI_Handler)
    i.PendSV_Handler                         0x08001740   Section        0  stm32f1xx_it.o(i.PendSV_Handler)
    i.SVC_Handler                            0x08001742   Section        0  stm32f1xx_it.o(i.SVC_Handler)
    i.SysTick_Handler                        0x08001744   Section        0  stm32f1xx_it.o(i.SysTick_Handler)
    i.SystemClock_Config                     0x08001748   Section        0  main.o(i.SystemClock_Config)
    i.SystemInit                             0x080017b0   Section        0  system_stm32f1xx.o(i.SystemInit)
    i.UART_DMAAbortOnError                   0x080017b2   Section        0  stm32f1xx_hal_uart.o(i.UART_DMAAbortOnError)
    UART_DMAAbortOnError                     0x080017b3   Thumb Code    16  stm32f1xx_hal_uart.o(i.UART_DMAAbortOnError)
    i.UART_EndRxTransfer                     0x080017c2   Section        0  stm32f1xx_hal_uart.o(i.UART_EndRxTransfer)
    UART_EndRxTransfer                       0x080017c3   Thumb Code    28  stm32f1xx_hal_uart.o(i.UART_EndRxTransfer)
    i.UART_Receive_IT                        0x080017de   Section        0  stm32f1xx_hal_uart.o(i.UART_Receive_IT)
    UART_Receive_IT                          0x080017df   Thumb Code   140  stm32f1xx_hal_uart.o(i.UART_Receive_IT)
    i.UART_SetConfig                         0x0800186c   Section        0  stm32f1xx_hal_uart.o(i.UART_SetConfig)
    UART_SetConfig                           0x0800186d   Thumb Code   178  stm32f1xx_hal_uart.o(i.UART_SetConfig)
    i.UART_WaitOnFlagUntilTimeout            0x08001924   Section        0  stm32f1xx_hal_uart.o(i.UART_WaitOnFlagUntilTimeout)
    UART_WaitOnFlagUntilTimeout              0x08001925   Thumb Code   100  stm32f1xx_hal_uart.o(i.UART_WaitOnFlagUntilTimeout)
    i.USART1_IRQHandler                      0x08001988   Section        0  stm32f1xx_it.o(i.USART1_IRQHandler)
    i.USART2_IRQHandler                      0x080019b4   Section        0  stm32f1xx_it.o(i.USART2_IRQHandler)
    i.UsageFault_Handler                     0x080019c0   Section        0  stm32f1xx_it.o(i.UsageFault_Handler)
    i.__0printf$3                            0x080019c4   Section        0  printf3.o(i.__0printf$3)
    i.__0sprintf$3                           0x080019e4   Section        0  printf3.o(i.__0sprintf$3)
    i.__NVIC_SetPriority                     0x08001a0c   Section        0  stm32f1xx_hal_cortex.o(i.__NVIC_SetPriority)
    __NVIC_SetPriority                       0x08001a0d   Thumb Code    32  stm32f1xx_hal_cortex.o(i.__NVIC_SetPriority)
    i.__scatterload_copy                     0x08001a2c   Section       14  handlers.o(i.__scatterload_copy)
    i.__scatterload_null                     0x08001a3a   Section        2  handlers.o(i.__scatterload_null)
    i.__scatterload_zeroinit                 0x08001a3c   Section       14  handlers.o(i.__scatterload_zeroinit)
    i._printf_core                           0x08001a4c   Section        0  printf3.o(i._printf_core)
    _printf_core                             0x08001a4d   Thumb Code   436  printf3.o(i._printf_core)
    i._sputc                                 0x08001c04   Section        0  printf3.o(i._sputc)
    _sputc                                   0x08001c05   Thumb Code    10  printf3.o(i._sputc)
    i.all_data_update                        0x08001c10   Section        0  protocol.o(i.all_data_update)
    i.byte_to_int                            0x08001c3c   Section        0  mcu_api.o(i.byte_to_int)
    i.data_handle                            0x08001c54   Section        0  system.o(i.data_handle)
    i.dp_download_handle                     0x08001df4   Section        0  protocol.o(i.dp_download_handle)
    i.fputc                                  0x08001ed4   Section        0  main.o(i.fputc)
    i.get_HX711data                          0x08001eec   Section        0  hx711.o(i.get_HX711data)
    i.get_check_sum                          0x08001f18   Section        0  system.o(i.get_check_sum)
    i.get_download_cmd_total                 0x08001f36   Section        0  protocol.o(i.get_download_cmd_total)
    i.get_voice_state_result                 0x08001f3a   Section        0  protocol.o(i.get_voice_state_result)
    i.get_wifi_status                        0x08001f3c   Section        0  protocol.o(i.get_wifi_status)
    i.key_xz                                 0x08001f88   Section        0  main.o(i.key_xz)
    i.main                                   0x08002118   Section        0  main.o(i.main)
    i.mcu_dp_bool_update                     0x08002184   Section        0  mcu_api.o(i.mcu_dp_bool_update)
    i.mcu_dp_enum_update                     0x080021cc   Section        0  mcu_api.o(i.mcu_dp_enum_update)
    i.mcu_dp_raw_update                      0x0800220c   Section        0  mcu_api.o(i.mcu_dp_raw_update)
    i.mcu_dp_value_update                    0x08002250   Section        0  mcu_api.o(i.mcu_dp_value_update)
    i.mcu_get_dp_download_bool               0x080022a4   Section        0  mcu_api.o(i.mcu_get_dp_download_bool)
    i.mcu_get_dp_download_value              0x080022a8   Section        0  mcu_api.o(i.mcu_get_dp_download_value)
    i.mcu_get_wifi_work_state                0x080022ac   Section        0  mcu_api.o(i.mcu_get_wifi_work_state)
    i.mcu_reset_wifi                         0x080022b8   Section        0  mcu_api.o(i.mcu_reset_wifi)
    i.my_memcpy                              0x080022cc   Section        0  mcu_api.o(i.my_memcpy)
    i.my_strlen                              0x08002308   Section        0  mcu_api.o(i.my_strlen)
    i.product_info_update                    0x08002320   Section        0  system.o(i.product_info_update)
    product_info_update                      0x08002321   Thumb Code   174  system.o(i.product_info_update)
    i.set_speaker_voice                      0x08002418   Section        0  mcu_api.o(i.set_speaker_voice)
    i.set_speaker_voice_result               0x08002430   Section        0  protocol.o(i.set_speaker_voice_result)
    i.set_voice_MIC_silence_result           0x08002432   Section        0  protocol.o(i.set_voice_MIC_silence_result)
    i.set_wifi_uart_buffer                   0x08002434   Section        0  system.o(i.set_wifi_uart_buffer)
    i.set_wifi_uart_byte                     0x08002450   Section        0  system.o(i.set_wifi_uart_byte)
    i.take_byte_rxbuff                       0x08002460   Section        0  system.o(i.take_byte_rxbuff)
    i.uart_receive_input                     0x08002488   Section        0  mcu_api.o(i.uart_receive_input)
    i.uart_transmit_output                   0x080024c4   Section        0  protocol.o(i.uart_transmit_output)
    i.voice_awaken_test_result               0x080024dc   Section        0  protocol.o(i.voice_awaken_test_result)
    i.voice_module_extend_fun                0x080024e0   Section        0  protocol.o(i.voice_module_extend_fun)
    i.voice_test_result                      0x080025b8   Section        0  protocol.o(i.voice_test_result)
    i.wifi_protocol_init                     0x080025bc   Section        0  mcu_api.o(i.wifi_protocol_init)
    i.wifi_test_result                       0x080025e8   Section        0  protocol.o(i.wifi_test_result)
    i.wifi_uart_service                      0x08002640   Section        0  mcu_api.o(i.wifi_uart_service)
    i.wifi_uart_write_frame                  0x080026f0   Section        0  system.o(i.wifi_uart_write_frame)
    i.with_data_rxbuff                       0x08002734   Section        0  system.o(i.with_data_rxbuff)
    .constdata                               0x0800274c   Section       16  system_stm32f1xx.o(.constdata)
    .constdata                               0x0800275c   Section        8  system_stm32f1xx.o(.constdata)
    .constdata                               0x08002764   Section       26  protocol.o(.constdata)
    .data                                    0x20000000   Section        4  main.o(.data)
    .data                                    0x20000004   Section       12  stm32f1xx_hal.o(.data)
    .data                                    0x20000010   Section        4  system_stm32f1xx.o(.data)
    .data                                    0x20000014   Section        2  mcu_api.o(.data)
    rx_in                                    0x20000014   Data           2  mcu_api.o(.data)
    .data                                    0x20000018   Section       12  protocol.o(.data)
    .data                                    0x20000024   Section       12  system.o(.data)
    mcu_reset_state                          0x20000024   Data           1  system.o(.data)
    .data                                    0x20000030   Section        1  system.o(.data)
    .data                                    0x20000034   Section       12  hx711.o(.data)
    .data                                    0x20000040   Section        4  stdout.o(.data)
    .bss                                     0x20000044   Section       48  adc.o(.bss)
    .bss                                     0x20000074   Section      128  usart.o(.bss)
    .bss                                     0x200000f4   Section      109  system.o(.bss)
    STACK                                    0x20000168   Section     1024  startup_stm32f103xb.o(STACK)

    Global Symbols

    Symbol Name                              Value     Ov Type        Size  Object(Section)

    BuildAttributes$$THM_ISAv4$P$D$K$B$S$PE$A:L22UL41UL21$X:L11$S22US41US21$IEEE1$IW$USESV6$~STKCKD$USESV7$~SHL$OTIME$ROPI$EBA8$MICROLIB$REQ8$PRES8$EABIv2 0x00000000   Number         0  anon$$obj.o ABSOLUTE
    __ARM_use_no_argv                        0x00000000   Number         0  main.o ABSOLUTE
    _printf_a                                0x00000000   Number         0  stubs.o ABSOLUTE
    _printf_c                                0x00000000   Number         0  stubs.o ABSOLUTE
    _printf_charcount                        0x00000000   Number         0  stubs.o ABSOLUTE
    _printf_d                                0x00000000   Number         0  stubs.o ABSOLUTE
    _printf_e                                0x00000000   Number         0  stubs.o ABSOLUTE
    _printf_f                                0x00000000   Number         0  stubs.o ABSOLUTE
    _printf_flags                            0x00000000   Number         0  stubs.o ABSOLUTE
    _printf_fp_dec                           0x00000000   Number         0  stubs.o ABSOLUTE
    _printf_fp_hex                           0x00000000   Number         0  stubs.o ABSOLUTE
    _printf_g                                0x00000000   Number         0  stubs.o ABSOLUTE
    _printf_i                                0x00000000   Number         0  stubs.o ABSOLUTE
    _printf_int_dec                          0x00000000   Number         0  stubs.o ABSOLUTE
    _printf_l                                0x00000000   Number         0  stubs.o ABSOLUTE
    _printf_lc                               0x00000000   Number         0  stubs.o ABSOLUTE
    _printf_ll                               0x00000000   Number         0  stubs.o ABSOLUTE
    _printf_lld                              0x00000000   Number         0  stubs.o ABSOLUTE
    _printf_lli                              0x00000000   Number         0  stubs.o ABSOLUTE
    _printf_llo                              0x00000000   Number         0  stubs.o ABSOLUTE
    _printf_llu                              0x00000000   Number         0  stubs.o ABSOLUTE
    _printf_llx                              0x00000000   Number         0  stubs.o ABSOLUTE
    _printf_longlong_dec                     0x00000000   Number         0  stubs.o ABSOLUTE
    _printf_longlong_hex                     0x00000000   Number         0  stubs.o ABSOLUTE
    _printf_longlong_oct                     0x00000000   Number         0  stubs.o ABSOLUTE
    _printf_ls                               0x00000000   Number         0  stubs.o ABSOLUTE
    _printf_mbtowc                           0x00000000   Number         0  stubs.o ABSOLUTE
    _printf_n                                0x00000000   Number         0  stubs.o ABSOLUTE
    _printf_o                                0x00000000   Number         0  stubs.o ABSOLUTE
    _printf_p                                0x00000000   Number         0  stubs.o ABSOLUTE
    _printf_percent                          0x00000000   Number         0  stubs.o ABSOLUTE
    _printf_pre_padding                      0x00000000   Number         0  stubs.o ABSOLUTE
    _printf_return_value                     0x00000000   Number         0  stubs.o ABSOLUTE
    _printf_s                                0x00000000   Number         0  stubs.o ABSOLUTE
    _printf_sizespec                         0x00000000   Number         0  stubs.o ABSOLUTE
    _printf_str                              0x00000000   Number         0  stubs.o ABSOLUTE
    _printf_truncate_signed                  0x00000000   Number         0  stubs.o ABSOLUTE
    _printf_truncate_unsigned                0x00000000   Number         0  stubs.o ABSOLUTE
    _printf_u                                0x00000000   Number         0  stubs.o ABSOLUTE
    _printf_wc                               0x00000000   Number         0  stubs.o ABSOLUTE
    _printf_wctomb                           0x00000000   Number         0  stubs.o ABSOLUTE
    _printf_widthprec                        0x00000000   Number         0  stubs.o ABSOLUTE
    _printf_x                                0x00000000   Number         0  stubs.o ABSOLUTE
    __cpp_initialize__aeabi_                  - Undefined Weak Reference
    __cxa_finalize                            - Undefined Weak Reference
    __decompress                              - Undefined Weak Reference
    _clock_init                               - Undefined Weak Reference
    _microlib_exit                            - Undefined Weak Reference
    __Vectors_Size                           0x000000ec   Number         0  startup_stm32f103xb.o ABSOLUTE
    __Vectors                                0x08000000   Data           4  startup_stm32f103xb.o(RESET)
    __Vectors_End                            0x080000ec   Data           0  startup_stm32f103xb.o(RESET)
    __main                                   0x080000ed   Thumb Code     0  entry.o(.ARM.Collect$$$$00000000)
    _main_stk                                0x080000ed   Thumb Code     0  entry2.o(.ARM.Collect$$$$00000001)
    _main_scatterload                        0x080000f1   Thumb Code     0  entry5.o(.ARM.Collect$$$$00000004)
    __main_after_scatterload                 0x080000f5   Thumb Code     0  entry5.o(.ARM.Collect$$$$00000004)
    _main_clock                              0x080000f5   Thumb Code     0  entry7b.o(.ARM.Collect$$$$00000008)
    _main_cpp_init                           0x080000f5   Thumb Code     0  entry8b.o(.ARM.Collect$$$$0000000A)
    _main_init                               0x080000f5   Thumb Code     0  entry9a.o(.ARM.Collect$$$$0000000B)
    __rt_final_cpp                           0x080000fd   Thumb Code     0  entry10a.o(.ARM.Collect$$$$0000000D)
    __rt_final_exit                          0x080000fd   Thumb Code     0  entry11a.o(.ARM.Collect$$$$0000000F)
    Reset_Handler                            0x08000101   Thumb Code     8  startup_stm32f103xb.o(.text)
    ADC1_2_IRQHandler                        0x0800011b   Thumb Code     0  startup_stm32f103xb.o(.text)
    CAN1_RX1_IRQHandler                      0x0800011b   Thumb Code     0  startup_stm32f103xb.o(.text)
    CAN1_SCE_IRQHandler                      0x0800011b   Thumb Code     0  startup_stm32f103xb.o(.text)
    DMA1_Channel1_IRQHandler                 0x0800011b   Thumb Code     0  startup_stm32f103xb.o(.text)
    DMA1_Channel2_IRQHandler                 0x0800011b   Thumb Code     0  startup_stm32f103xb.o(.text)
    DMA1_Channel3_IRQHandler                 0x0800011b   Thumb Code     0  startup_stm32f103xb.o(.text)
    DMA1_Channel4_IRQHandler                 0x0800011b   Thumb Code     0  startup_stm32f103xb.o(.text)
    DMA1_Channel5_IRQHandler                 0x0800011b   Thumb Code     0  startup_stm32f103xb.o(.text)
    DMA1_Channel6_IRQHandler                 0x0800011b   Thumb Code     0  startup_stm32f103xb.o(.text)
    DMA1_Channel7_IRQHandler                 0x0800011b   Thumb Code     0  startup_stm32f103xb.o(.text)
    EXTI0_IRQHandler                         0x0800011b   Thumb Code     0  startup_stm32f103xb.o(.text)
    EXTI15_10_IRQHandler                     0x0800011b   Thumb Code     0  startup_stm32f103xb.o(.text)
    EXTI1_IRQHandler                         0x0800011b   Thumb Code     0  startup_stm32f103xb.o(.text)
    EXTI2_IRQHandler                         0x0800011b   Thumb Code     0  startup_stm32f103xb.o(.text)
    EXTI3_IRQHandler                         0x0800011b   Thumb Code     0  startup_stm32f103xb.o(.text)
    EXTI4_IRQHandler                         0x0800011b   Thumb Code     0  startup_stm32f103xb.o(.text)
    EXTI9_5_IRQHandler                       0x0800011b   Thumb Code     0  startup_stm32f103xb.o(.text)
    FLASH_IRQHandler                         0x0800011b   Thumb Code     0  startup_stm32f103xb.o(.text)
    I2C1_ER_IRQHandler                       0x0800011b   Thumb Code     0  startup_stm32f103xb.o(.text)
    I2C1_EV_IRQHandler                       0x0800011b   Thumb Code     0  startup_stm32f103xb.o(.text)
    I2C2_ER_IRQHandler                       0x0800011b   Thumb Code     0  startup_stm32f103xb.o(.text)
    I2C2_EV_IRQHandler                       0x0800011b   Thumb Code     0  startup_stm32f103xb.o(.text)
    PVD_IRQHandler                           0x0800011b   Thumb Code     0  startup_stm32f103xb.o(.text)
    RCC_IRQHandler                           0x0800011b   Thumb Code     0  startup_stm32f103xb.o(.text)
    RTC_Alarm_IRQHandler                     0x0800011b   Thumb Code     0  startup_stm32f103xb.o(.text)
    RTC_IRQHandler                           0x0800011b   Thumb Code     0  startup_stm32f103xb.o(.text)
    SPI1_IRQHandler                          0x0800011b   Thumb Code     0  startup_stm32f103xb.o(.text)
    SPI2_IRQHandler                          0x0800011b   Thumb Code     0  startup_stm32f103xb.o(.text)
    TAMPER_IRQHandler                        0x0800011b   Thumb Code     0  startup_stm32f103xb.o(.text)
    TIM1_BRK_IRQHandler                      0x0800011b   Thumb Code     0  startup_stm32f103xb.o(.text)
    TIM1_CC_IRQHandler                       0x0800011b   Thumb Code     0  startup_stm32f103xb.o(.text)
    TIM1_TRG_COM_IRQHandler                  0x0800011b   Thumb Code     0  startup_stm32f103xb.o(.text)
    TIM1_UP_IRQHandler                       0x0800011b   Thumb Code     0  startup_stm32f103xb.o(.text)
    TIM2_IRQHandler                          0x0800011b   Thumb Code     0  startup_stm32f103xb.o(.text)
    TIM3_IRQHandler                          0x0800011b   Thumb Code     0  startup_stm32f103xb.o(.text)
    TIM4_IRQHandler                          0x0800011b   Thumb Code     0  startup_stm32f103xb.o(.text)
    USART3_IRQHandler                        0x0800011b   Thumb Code     0  startup_stm32f103xb.o(.text)
    USBWakeUp_IRQHandler                     0x0800011b   Thumb Code     0  startup_stm32f103xb.o(.text)
    USB_HP_CAN1_TX_IRQHandler                0x0800011b   Thumb Code     0  startup_stm32f103xb.o(.text)
    USB_LP_CAN1_RX0_IRQHandler               0x0800011b   Thumb Code     0  startup_stm32f103xb.o(.text)
    WWDG_IRQHandler                          0x0800011b   Thumb Code     0  startup_stm32f103xb.o(.text)
    __aeabi_llsr                             0x08000125   Thumb Code    32  llushr.o(.text)
    _ll_ushift_r                             0x08000125   Thumb Code     0  llushr.o(.text)
    __aeabi_memset                           0x08000145   Thumb Code    14  memseta.o(.text)
    __aeabi_memset4                          0x08000145   Thumb Code     0  memseta.o(.text)
    __aeabi_memset8                          0x08000145   Thumb Code     0  memseta.o(.text)
    __aeabi_memclr                           0x08000153   Thumb Code     4  memseta.o(.text)
    __aeabi_memclr4                          0x08000153   Thumb Code     0  memseta.o(.text)
    __aeabi_memclr8                          0x08000153   Thumb Code     0  memseta.o(.text)
    _memset$wrapper                          0x08000157   Thumb Code    18  memseta.o(.text)
    strstr                                   0x08000169   Thumb Code    36  strstr.o(.text)
    memcmp                                   0x0800018d   Thumb Code    26  memcmp.o(.text)
    __aeabi_ddiv                             0x080001a7   Thumb Code   222  ddiv.o(.text)
    __aeabi_i2f                              0x08000285   Thumb Code    18  fflti.o(.text)
    __aeabi_d2iz                             0x08000297   Thumb Code    62  dfixi.o(.text)
    __aeabi_f2d                              0x080002d5   Thumb Code    38  f2d.o(.text)
    __aeabi_uidiv                            0x080002fb   Thumb Code     0  uidiv.o(.text)
    __aeabi_uidivmod                         0x080002fb   Thumb Code    44  uidiv.o(.text)
    __I$use$fp                               0x08000327   Thumb Code     0  iusefp.o(.text)
    _float_round                             0x08000327   Thumb Code    18  fepilogue.o(.text)
    _float_epilogue                          0x08000339   Thumb Code    92  fepilogue.o(.text)
    _double_round                            0x08000395   Thumb Code    30  depilogue.o(.text)
    _double_epilogue                         0x080003b3   Thumb Code   156  depilogue.o(.text)
    __scatterload                            0x08000451   Thumb Code    28  init.o(.text)
    __scatterload_rt2                        0x08000451   Thumb Code     0  init.o(.text)
    __aeabi_llsl                             0x08000475   Thumb Code    30  llshl.o(.text)
    _ll_shift_l                              0x08000475   Thumb Code     0  llshl.o(.text)
    ADC_ConversionStop_Disable               0x08000495   Thumb Code    76  stm32f1xx_hal_adc.o(i.ADC_ConversionStop_Disable)
    BLE_test_result                          0x080004e1   Thumb Code     2  protocol.o(i.BLE_test_result)
    BusFault_Handler                         0x080004e3   Thumb Code     2  stm32f1xx_it.o(i.BusFault_Handler)
    DebugMon_Handler                         0x080004e5   Thumb Code     2  stm32f1xx_it.o(i.DebugMon_Handler)
    Error_Handler                            0x080004e7   Thumb Code     4  main.o(i.Error_Handler)
    Get_Maopi                                0x080004ed   Thumb Code    12  hx711.o(i.Get_Maopi)
    Get_Weight                               0x080004fd   Thumb Code    42  hx711.o(i.Get_Weight)
    HAL_ADC_ConfigChannel                    0x08000531   Thumb Code   240  stm32f1xx_hal_adc.o(i.HAL_ADC_ConfigChannel)
    HAL_ADC_Init                             0x0800062d   Thumb Code   272  stm32f1xx_hal_adc.o(i.HAL_ADC_Init)
    HAL_ADC_MspInit                          0x08000749   Thumb Code    76  adc.o(i.HAL_ADC_MspInit)
    HAL_DMA_Abort_IT                         0x080007a1   Thumb Code   148  stm32f1xx_hal_dma.o(i.HAL_DMA_Abort_IT)
    HAL_Delay                                0x08000839   Thumb Code    32  stm32f1xx_hal.o(i.HAL_Delay)
    HAL_FLASH_OB_Launch                      0x0800085d   Thumb Code     4  stm32f1xx_hal_flash.o(i.HAL_FLASH_OB_Launch)
    HAL_GPIO_Init                            0x08000861   Thumb Code   446  stm32f1xx_hal_gpio.o(i.HAL_GPIO_Init)
    HAL_GPIO_ReadPin                         0x08000a41   Thumb Code    10  stm32f1xx_hal_gpio.o(i.HAL_GPIO_ReadPin)
    HAL_GPIO_TogglePin                       0x08000a4b   Thumb Code    16  stm32f1xx_hal_gpio.o(i.HAL_GPIO_TogglePin)
    HAL_GPIO_WritePin                        0x08000a5b   Thumb Code    10  stm32f1xx_hal_gpio.o(i.HAL_GPIO_WritePin)
    HAL_GetTick                              0x08000a65   Thumb Code     6  stm32f1xx_hal.o(i.HAL_GetTick)
    HAL_IncTick                              0x08000a71   Thumb Code    12  stm32f1xx_hal.o(i.HAL_IncTick)
    HAL_Init                                 0x08000a81   Thumb Code    32  stm32f1xx_hal.o(i.HAL_Init)
    HAL_InitTick                             0x08000aa5   Thumb Code    54  stm32f1xx_hal.o(i.HAL_InitTick)
    HAL_MspInit                              0x08000ae5   Thumb Code    52  stm32f1xx_hal_msp.o(i.HAL_MspInit)
    HAL_NVIC_EnableIRQ                       0x08000b21   Thumb Code    26  stm32f1xx_hal_cortex.o(i.HAL_NVIC_EnableIRQ)
    HAL_NVIC_SetPriority                     0x08000b3d   Thumb Code    60  stm32f1xx_hal_cortex.o(i.HAL_NVIC_SetPriority)
    HAL_NVIC_SetPriorityGrouping             0x08000b7d   Thumb Code    26  stm32f1xx_hal_cortex.o(i.HAL_NVIC_SetPriorityGrouping)
    HAL_NVIC_SystemReset                     0x08000ba1   Thumb Code    26  stm32f1xx_hal_cortex.o(i.HAL_NVIC_SystemReset)
    HAL_RCCEx_PeriphCLKConfig                0x08000bc5   Thumb Code   224  stm32f1xx_hal_rcc_ex.o(i.HAL_RCCEx_PeriphCLKConfig)
    HAL_RCC_ClockConfig                      0x08000cb1   Thumb Code   280  stm32f1xx_hal_rcc.o(i.HAL_RCC_ClockConfig)
    HAL_RCC_GetPCLK1Freq                     0x08000ddd   Thumb Code    20  stm32f1xx_hal_rcc.o(i.HAL_RCC_GetPCLK1Freq)
    HAL_RCC_GetPCLK2Freq                     0x08000dfd   Thumb Code    20  stm32f1xx_hal_rcc.o(i.HAL_RCC_GetPCLK2Freq)
    HAL_RCC_GetSysClockFreq                  0x08000e1d   Thumb Code    74  stm32f1xx_hal_rcc.o(i.HAL_RCC_GetSysClockFreq)
    HAL_RCC_OscConfig                        0x08000e89   Thumb Code   778  stm32f1xx_hal_rcc.o(i.HAL_RCC_OscConfig)
    HAL_SYSTICK_Config                       0x080011a9   Thumb Code    40  stm32f1xx_hal_cortex.o(i.HAL_SYSTICK_Config)
    HAL_UART_ErrorCallback                   0x080011d1   Thumb Code     2  stm32f1xx_hal_uart.o(i.HAL_UART_ErrorCallback)
    HAL_UART_IRQHandler                      0x080011d5   Thumb Code   344  stm32f1xx_hal_uart.o(i.HAL_UART_IRQHandler)
    HAL_UART_Init                            0x08001331   Thumb Code    98  stm32f1xx_hal_uart.o(i.HAL_UART_Init)
    HAL_UART_MspInit                         0x08001395   Thumb Code   198  usart.o(i.HAL_UART_MspInit)
    HAL_UART_RxCpltCallback                  0x0800146d   Thumb Code     2  stm32f1xx_hal_uart.o(i.HAL_UART_RxCpltCallback)
    HAL_UART_Transmit                        0x08001471   Thumb Code   178  stm32f1xx_hal_uart.o(i.HAL_UART_Transmit)
    HAL_UART_TxCpltCallback                  0x08001523   Thumb Code     2  stm32f1xx_hal_uart.o(i.HAL_UART_TxCpltCallback)
    HX711_Read                               0x08001525   Thumb Code   164  hx711.o(i.HX711_Read)
    HardFault_Handler                        0x080015cd   Thumb Code     2  stm32f1xx_it.o(i.HardFault_Handler)
    Init_HX711pin                            0x080015d1   Thumb Code    32  hx711.o(i.Init_HX711pin)
    MX_ADC1_Init                             0x080015f5   Thumb Code    68  adc.o(i.MX_ADC1_Init)
    MX_GPIO_Init                             0x08001641   Thumb Code   128  gpio.o(i.MX_GPIO_Init)
    MX_USART1_UART_Init                      0x080016cd   Thumb Code    48  usart.o(i.MX_USART1_UART_Init)
    MX_USART2_UART_Init                      0x08001705   Thumb Code    48  usart.o(i.MX_USART2_UART_Init)
    MemManage_Handler                        0x0800173d   Thumb Code     2  stm32f1xx_it.o(i.MemManage_Handler)
    NMI_Handler                              0x0800173f   Thumb Code     2  stm32f1xx_it.o(i.NMI_Handler)
    PendSV_Handler                           0x08001741   Thumb Code     2  stm32f1xx_it.o(i.PendSV_Handler)
    SVC_Handler                              0x08001743   Thumb Code     2  stm32f1xx_it.o(i.SVC_Handler)
    SysTick_Handler                          0x08001745   Thumb Code     4  stm32f1xx_it.o(i.SysTick_Handler)
    SystemClock_Config                       0x08001749   Thumb Code   104  main.o(i.SystemClock_Config)
    SystemInit                               0x080017b1   Thumb Code     2  system_stm32f1xx.o(i.SystemInit)
    USART1_IRQHandler                        0x08001989   Thumb Code    34  stm32f1xx_it.o(i.USART1_IRQHandler)
    USART2_IRQHandler                        0x080019b5   Thumb Code     6  stm32f1xx_it.o(i.USART2_IRQHandler)
    UsageFault_Handler                       0x080019c1   Thumb Code     2  stm32f1xx_it.o(i.UsageFault_Handler)
    __0printf$3                              0x080019c5   Thumb Code    22  printf3.o(i.__0printf$3)
    __1printf$3                              0x080019c5   Thumb Code     0  printf3.o(i.__0printf$3)
    __2printf                                0x080019c5   Thumb Code     0  printf3.o(i.__0printf$3)
    __0sprintf$3                             0x080019e5   Thumb Code    34  printf3.o(i.__0sprintf$3)
    __1sprintf$3                             0x080019e5   Thumb Code     0  printf3.o(i.__0sprintf$3)
    __2sprintf                               0x080019e5   Thumb Code     0  printf3.o(i.__0sprintf$3)
    __scatterload_copy                       0x08001a2d   Thumb Code    14  handlers.o(i.__scatterload_copy)
    __scatterload_null                       0x08001a3b   Thumb Code     2  handlers.o(i.__scatterload_null)
    __scatterload_zeroinit                   0x08001a3d   Thumb Code    14  handlers.o(i.__scatterload_zeroinit)
    all_data_update                          0x08001c11   Thumb Code    40  protocol.o(i.all_data_update)
    byte_to_int                              0x08001c3d   Thumb Code    22  mcu_api.o(i.byte_to_int)
    data_handle                              0x08001c55   Thumb Code   404  system.o(i.data_handle)
    dp_download_handle                       0x08001df5   Thumb Code   218  protocol.o(i.dp_download_handle)
    fputc                                    0x08001ed5   Thumb Code    20  main.o(i.fputc)
    get_HX711data                            0x08001eed   Thumb Code    40  hx711.o(i.get_HX711data)
    get_check_sum                            0x08001f19   Thumb Code    30  system.o(i.get_check_sum)
    get_download_cmd_total                   0x08001f37   Thumb Code     4  protocol.o(i.get_download_cmd_total)
    get_voice_state_result                   0x08001f3b   Thumb Code     2  protocol.o(i.get_voice_state_result)
    get_wifi_status                          0x08001f3d   Thumb Code    70  protocol.o(i.get_wifi_status)
    key_xz                                   0x08001f89   Thumb Code   344  main.o(i.key_xz)
    main                                     0x08002119   Thumb Code    94  main.o(i.main)
    mcu_dp_bool_update                       0x08002185   Thumb Code    66  mcu_api.o(i.mcu_dp_bool_update)
    mcu_dp_enum_update                       0x080021cd   Thumb Code    58  mcu_api.o(i.mcu_dp_enum_update)
    mcu_dp_raw_update                        0x0800220d   Thumb Code    62  mcu_api.o(i.mcu_dp_raw_update)
    mcu_dp_value_update                      0x08002251   Thumb Code    80  mcu_api.o(i.mcu_dp_value_update)
    mcu_get_dp_download_bool                 0x080022a5   Thumb Code     4  mcu_api.o(i.mcu_get_dp_download_bool)
    mcu_get_dp_download_value                0x080022a9   Thumb Code     4  mcu_api.o(i.mcu_get_dp_download_value)
    mcu_get_wifi_work_state                  0x080022ad   Thumb Code     6  mcu_api.o(i.mcu_get_wifi_work_state)
    mcu_reset_wifi                           0x080022b9   Thumb Code    16  mcu_api.o(i.mcu_reset_wifi)
    my_memcpy                                0x080022cd   Thumb Code    60  mcu_api.o(i.my_memcpy)
    my_strlen                                0x08002309   Thumb Code    22  mcu_api.o(i.my_strlen)
    set_speaker_voice                        0x08002419   Thumb Code    24  mcu_api.o(i.set_speaker_voice)
    set_speaker_voice_result                 0x08002431   Thumb Code     2  protocol.o(i.set_speaker_voice_result)
    set_voice_MIC_silence_result             0x08002433   Thumb Code     2  protocol.o(i.set_voice_MIC_silence_result)
    set_wifi_uart_buffer                     0x08002435   Thumb Code    22  system.o(i.set_wifi_uart_buffer)
    set_wifi_uart_byte                       0x08002451   Thumb Code    12  system.o(i.set_wifi_uart_byte)
    take_byte_rxbuff                         0x08002461   Thumb Code    30  system.o(i.take_byte_rxbuff)
    uart_receive_input                       0x08002489   Thumb Code    46  mcu_api.o(i.uart_receive_input)
    uart_transmit_output                     0x080024c5   Thumb Code    18  protocol.o(i.uart_transmit_output)
    voice_awaken_test_result                 0x080024dd   Thumb Code     2  protocol.o(i.voice_awaken_test_result)
    voice_module_extend_fun                  0x080024e1   Thumb Code   182  protocol.o(i.voice_module_extend_fun)
    voice_test_result                        0x080025b9   Thumb Code     2  protocol.o(i.voice_test_result)
    wifi_protocol_init                       0x080025bd   Thumb Code    24  mcu_api.o(i.wifi_protocol_init)
    wifi_test_result                         0x080025e9   Thumb Code    38  protocol.o(i.wifi_test_result)
    wifi_uart_service                        0x08002641   Thumb Code   166  mcu_api.o(i.wifi_uart_service)
    wifi_uart_write_frame                    0x080026f1   Thumb Code    64  system.o(i.wifi_uart_write_frame)
    with_data_rxbuff                         0x08002735   Thumb Code    18  system.o(i.with_data_rxbuff)
    AHBPrescTable                            0x0800274c   Data          16  system_stm32f1xx.o(.constdata)
    APBPrescTable                            0x0800275c   Data           8  system_stm32f1xx.o(.constdata)
    download_cmd                             0x08002764   Data          26  protocol.o(.constdata)
    Region$$Table$$Base                      0x08002780   Number         0  anon$$obj.o(Region$$Table)
    Region$$Table$$Limit                     0x080027a0   Number         0  anon$$obj.o(Region$$Table)
    YY_YL                                    0x20000000   Data           4  main.o(.data)
    uwTickFreq                               0x20000004   Data           1  stm32f1xx_hal.o(.data)
    uwTickPrio                               0x20000008   Data           4  stm32f1xx_hal.o(.data)
    uwTick                                   0x2000000c   Data           4  stm32f1xx_hal.o(.data)
    SystemCoreClock                          0x20000010   Data           4  system_stm32f1xx.o(.data)
    Flag_ZD_KG                               0x20000018   Data           1  protocol.o(.data)
    Flag_YL_LT                               0x2000001c   Data           4  protocol.o(.data)
    Flag_YL_SW                               0x20000020   Data           4  protocol.o(.data)
    reset_wifi_flag                          0x20000025   Data           1  system.o(.data)
    set_wifimode_flag                        0x20000026   Data           1  system.o(.data)
    wifi_work_state                          0x20000027   Data           1  system.o(.data)
    rx_buf_in                                0x20000028   Data           4  system.o(.data)
    rx_buf_out                               0x2000002c   Data           4  system.o(.data)
    stop_update_flag                         0x20000030   Data           1  system.o(.data)
    HX711_Buffer                             0x20000034   Data           4  hx711.o(.data)
    Weight_Maopi                             0x20000038   Data           4  hx711.o(.data)
    Weight_Shiwu                             0x2000003c   Data           4  hx711.o(.data)
    __stdout                                 0x20000040   Data           4  stdout.o(.data)
    hadc1                                    0x20000044   Data          48  adc.o(.bss)
    huart1                                   0x20000074   Data          64  usart.o(.bss)
    huart2                                   0x200000b4   Data          64  usart.o(.bss)
    wifi_data_process_buf                    0x200000f4   Data          31  system.o(.bss)
    wifi_uart_rx_buf                         0x20000113   Data          23  system.o(.bss)
    wifi_uart_tx_buf                         0x2000012a   Data          55  system.o(.bss)
    __initial_sp                             0x20000568   Data           0  startup_stm32f103xb.o(STACK)



==============================================================================

Memory Map of the image

  Image Entry point : 0x080000ed

  Load Region LR_IROM1 (Base: 0x08000000, Size: 0x000027e4, Max: 0x00010000, ABSOLUTE)

    Execution Region ER_IROM1 (Exec base: 0x08000000, Load base: 0x08000000, Size: 0x000027a0, Max: 0x00010000, ABSOLUTE)

    Exec Addr    Load Addr    Size         Type   Attr      Idx    E Section Name        Object

    0x08000000   0x08000000   0x000000ec   Data   RO            3    RESET               startup_stm32f103xb.o
    0x080000ec   0x080000ec   0x00000000   Code   RO         2559  * .ARM.Collect$$$$00000000  mc_w.l(entry.o)
    0x080000ec   0x080000ec   0x00000004   Code   RO         2839    .ARM.Collect$$$$00000001  mc_w.l(entry2.o)
    0x080000f0   0x080000f0   0x00000004   Code   RO         2842    .ARM.Collect$$$$00000004  mc_w.l(entry5.o)
    0x080000f4   0x080000f4   0x00000000   Code   RO         2844    .ARM.Collect$$$$00000008  mc_w.l(entry7b.o)
    0x080000f4   0x080000f4   0x00000000   Code   RO         2846    .ARM.Collect$$$$0000000A  mc_w.l(entry8b.o)
    0x080000f4   0x080000f4   0x00000008   Code   RO         2847    .ARM.Collect$$$$0000000B  mc_w.l(entry9a.o)
    0x080000fc   0x080000fc   0x00000000   Code   RO         2849    .ARM.Collect$$$$0000000D  mc_w.l(entry10a.o)
    0x080000fc   0x080000fc   0x00000000   Code   RO         2851    .ARM.Collect$$$$0000000F  mc_w.l(entry11a.o)
    0x080000fc   0x080000fc   0x00000004   Code   RO         2840    .ARM.Collect$$$$00002712  mc_w.l(entry2.o)
    0x08000100   0x08000100   0x00000024   Code   RO            4    .text               startup_stm32f103xb.o
    0x08000124   0x08000124   0x00000020   Code   RO         2562    .text               mc_w.l(llushr.o)
    0x08000144   0x08000144   0x00000024   Code   RO         2564    .text               mc_w.l(memseta.o)
    0x08000168   0x08000168   0x00000024   Code   RO         2566    .text               mc_w.l(strstr.o)
    0x0800018c   0x0800018c   0x0000001a   Code   RO         2568    .text               mc_w.l(memcmp.o)
    0x080001a6   0x080001a6   0x000000de   Code   RO         2831    .text               mf_w.l(ddiv.o)
    0x08000284   0x08000284   0x00000012   Code   RO         2833    .text               mf_w.l(fflti.o)
    0x08000296   0x08000296   0x0000003e   Code   RO         2835    .text               mf_w.l(dfixi.o)
    0x080002d4   0x080002d4   0x00000026   Code   RO         2837    .text               mf_w.l(f2d.o)
    0x080002fa   0x080002fa   0x0000002c   Code   RO         2854    .text               mc_w.l(uidiv.o)
    0x08000326   0x08000326   0x00000000   Code   RO         2858    .text               mc_w.l(iusefp.o)
    0x08000326   0x08000326   0x0000006e   Code   RO         2859    .text               mf_w.l(fepilogue.o)
    0x08000394   0x08000394   0x000000ba   Code   RO         2861    .text               mf_w.l(depilogue.o)
    0x0800044e   0x0800044e   0x00000002   PAD
    0x08000450   0x08000450   0x00000024   Code   RO         2871    .text               mc_w.l(init.o)
    0x08000474   0x08000474   0x0000001e   Code   RO         2873    .text               mc_w.l(llshl.o)
    0x08000492   0x08000492   0x00000002   PAD
    0x08000494   0x08000494   0x0000004c   Code   RO          439    i.ADC_ConversionStop_Disable  stm32f1xx_hal_adc.o
    0x080004e0   0x080004e0   0x00000002   Code   RO         2333    i.BLE_test_result   protocol.o
    0x080004e2   0x080004e2   0x00000002   Code   RO          292    i.BusFault_Handler  stm32f1xx_it.o
    0x080004e4   0x080004e4   0x00000002   Code   RO          293    i.DebugMon_Handler  stm32f1xx_it.o
    0x080004e6   0x080004e6   0x00000004   Code   RO           13    i.Error_Handler     main.o
    0x080004ea   0x080004ea   0x00000002   PAD
    0x080004ec   0x080004ec   0x00000010   Code   RO         2508    i.Get_Maopi         hx711.o
    0x080004fc   0x080004fc   0x00000034   Code   RO         2509    i.Get_Weight        hx711.o
    0x08000530   0x08000530   0x000000fc   Code   RO          445    i.HAL_ADC_ConfigChannel  stm32f1xx_hal_adc.o
    0x0800062c   0x0800062c   0x0000011c   Code   RO          454    i.HAL_ADC_Init      stm32f1xx_hal_adc.o
    0x08000748   0x08000748   0x00000058   Code   RO          203    i.HAL_ADC_MspInit   adc.o
    0x080007a0   0x080007a0   0x00000098   Code   RO         1095    i.HAL_DMA_Abort_IT  stm32f1xx_hal_dma.o
    0x08000838   0x08000838   0x00000024   Code   RO          722    i.HAL_Delay         stm32f1xx_hal.o
    0x0800085c   0x0800085c   0x00000004   Code   RO         1437    i.HAL_FLASH_OB_Launch  stm32f1xx_hal_flash.o
    0x08000860   0x08000860   0x000001e0   Code   RO         1030    i.HAL_GPIO_Init     stm32f1xx_hal_gpio.o
    0x08000a40   0x08000a40   0x0000000a   Code   RO         1032    i.HAL_GPIO_ReadPin  stm32f1xx_hal_gpio.o
    0x08000a4a   0x08000a4a   0x00000010   Code   RO         1033    i.HAL_GPIO_TogglePin  stm32f1xx_hal_gpio.o
    0x08000a5a   0x08000a5a   0x0000000a   Code   RO         1034    i.HAL_GPIO_WritePin  stm32f1xx_hal_gpio.o
    0x08000a64   0x08000a64   0x0000000c   Code   RO          726    i.HAL_GetTick       stm32f1xx_hal.o
    0x08000a70   0x08000a70   0x00000010   Code   RO          732    i.HAL_IncTick       stm32f1xx_hal.o
    0x08000a80   0x08000a80   0x00000024   Code   RO          733    i.HAL_Init          stm32f1xx_hal.o
    0x08000aa4   0x08000aa4   0x00000040   Code   RO          734    i.HAL_InitTick      stm32f1xx_hal.o
    0x08000ae4   0x08000ae4   0x0000003c   Code   RO          379    i.HAL_MspInit       stm32f1xx_hal_msp.o
    0x08000b20   0x08000b20   0x0000001a   Code   RO         1190    i.HAL_NVIC_EnableIRQ  stm32f1xx_hal_cortex.o
    0x08000b3a   0x08000b3a   0x00000002   PAD
    0x08000b3c   0x08000b3c   0x00000040   Code   RO         1196    i.HAL_NVIC_SetPriority  stm32f1xx_hal_cortex.o
    0x08000b7c   0x08000b7c   0x00000024   Code   RO         1197    i.HAL_NVIC_SetPriorityGrouping  stm32f1xx_hal_cortex.o
    0x08000ba0   0x08000ba0   0x00000024   Code   RO         1198    i.HAL_NVIC_SystemReset  stm32f1xx_hal_cortex.o
    0x08000bc4   0x08000bc4   0x000000ec   Code   RO          993    i.HAL_RCCEx_PeriphCLKConfig  stm32f1xx_hal_rcc_ex.o
    0x08000cb0   0x08000cb0   0x0000012c   Code   RO          890    i.HAL_RCC_ClockConfig  stm32f1xx_hal_rcc.o
    0x08000ddc   0x08000ddc   0x00000020   Code   RO          897    i.HAL_RCC_GetPCLK1Freq  stm32f1xx_hal_rcc.o
    0x08000dfc   0x08000dfc   0x00000020   Code   RO          898    i.HAL_RCC_GetPCLK2Freq  stm32f1xx_hal_rcc.o
    0x08000e1c   0x08000e1c   0x0000006c   Code   RO          899    i.HAL_RCC_GetSysClockFreq  stm32f1xx_hal_rcc.o
    0x08000e88   0x08000e88   0x00000320   Code   RO          902    i.HAL_RCC_OscConfig  stm32f1xx_hal_rcc.o
    0x080011a8   0x080011a8   0x00000028   Code   RO         1201    i.HAL_SYSTICK_Config  stm32f1xx_hal_cortex.o
    0x080011d0   0x080011d0   0x00000002   Code   RO         1747    i.HAL_UART_ErrorCallback  stm32f1xx_hal_uart.o
    0x080011d2   0x080011d2   0x00000002   PAD
    0x080011d4   0x080011d4   0x0000015c   Code   RO         1750    i.HAL_UART_IRQHandler  stm32f1xx_hal_uart.o
    0x08001330   0x08001330   0x00000062   Code   RO         1751    i.HAL_UART_Init     stm32f1xx_hal_uart.o
    0x08001392   0x08001392   0x00000002   PAD
    0x08001394   0x08001394   0x000000d8   Code   RO          245    i.HAL_UART_MspInit  usart.o
    0x0800146c   0x0800146c   0x00000002   Code   RO         1757    i.HAL_UART_RxCpltCallback  stm32f1xx_hal_uart.o
    0x0800146e   0x0800146e   0x00000002   PAD
    0x08001470   0x08001470   0x000000b2   Code   RO         1759    i.HAL_UART_Transmit  stm32f1xx_hal_uart.o
    0x08001522   0x08001522   0x00000002   Code   RO         1762    i.HAL_UART_TxCpltCallback  stm32f1xx_hal_uart.o
    0x08001524   0x08001524   0x000000a8   Code   RO         2510    i.HX711_Read        hx711.o
    0x080015cc   0x080015cc   0x00000002   Code   RO          294    i.HardFault_Handler  stm32f1xx_it.o
    0x080015ce   0x080015ce   0x00000002   PAD
    0x080015d0   0x080015d0   0x00000024   Code   RO         2511    i.Init_HX711pin     hx711.o
    0x080015f4   0x080015f4   0x0000004c   Code   RO          204    i.MX_ADC1_Init      adc.o
    0x08001640   0x08001640   0x0000008c   Code   RO          178    i.MX_GPIO_Init      gpio.o
    0x080016cc   0x080016cc   0x00000038   Code   RO          246    i.MX_USART1_UART_Init  usart.o
    0x08001704   0x08001704   0x00000038   Code   RO          247    i.MX_USART2_UART_Init  usart.o
    0x0800173c   0x0800173c   0x00000002   Code   RO          295    i.MemManage_Handler  stm32f1xx_it.o
    0x0800173e   0x0800173e   0x00000002   Code   RO          296    i.NMI_Handler       stm32f1xx_it.o
    0x08001740   0x08001740   0x00000002   Code   RO          297    i.PendSV_Handler    stm32f1xx_it.o
    0x08001742   0x08001742   0x00000002   Code   RO          298    i.SVC_Handler       stm32f1xx_it.o
    0x08001744   0x08001744   0x00000004   Code   RO          299    i.SysTick_Handler   stm32f1xx_it.o
    0x08001748   0x08001748   0x00000068   Code   RO           14    i.SystemClock_Config  main.o
    0x080017b0   0x080017b0   0x00000002   Code   RO         2048    i.SystemInit        system_stm32f1xx.o
    0x080017b2   0x080017b2   0x00000010   Code   RO         1764    i.UART_DMAAbortOnError  stm32f1xx_hal_uart.o
    0x080017c2   0x080017c2   0x0000001c   Code   RO         1774    i.UART_EndRxTransfer  stm32f1xx_hal_uart.o
    0x080017de   0x080017de   0x0000008c   Code   RO         1776    i.UART_Receive_IT   stm32f1xx_hal_uart.o
    0x0800186a   0x0800186a   0x00000002   PAD
    0x0800186c   0x0800186c   0x000000b8   Code   RO         1777    i.UART_SetConfig    stm32f1xx_hal_uart.o
    0x08001924   0x08001924   0x00000064   Code   RO         1778    i.UART_WaitOnFlagUntilTimeout  stm32f1xx_hal_uart.o
    0x08001988   0x08001988   0x0000002c   Code   RO          300    i.USART1_IRQHandler  stm32f1xx_it.o
    0x080019b4   0x080019b4   0x0000000c   Code   RO          301    i.USART2_IRQHandler  stm32f1xx_it.o
    0x080019c0   0x080019c0   0x00000002   Code   RO          302    i.UsageFault_Handler  stm32f1xx_it.o
    0x080019c2   0x080019c2   0x00000002   PAD
    0x080019c4   0x080019c4   0x00000020   Code   RO         2659    i.__0printf$3       mc_w.l(printf3.o)
    0x080019e4   0x080019e4   0x00000028   Code   RO         2661    i.__0sprintf$3      mc_w.l(printf3.o)
    0x08001a0c   0x08001a0c   0x00000020   Code   RO         1203    i.__NVIC_SetPriority  stm32f1xx_hal_cortex.o
    0x08001a2c   0x08001a2c   0x0000000e   Code   RO         2879    i.__scatterload_copy  mc_w.l(handlers.o)
    0x08001a3a   0x08001a3a   0x00000002   Code   RO         2880    i.__scatterload_null  mc_w.l(handlers.o)
    0x08001a3c   0x08001a3c   0x0000000e   Code   RO         2881    i.__scatterload_zeroinit  mc_w.l(handlers.o)
    0x08001a4a   0x08001a4a   0x00000002   PAD
    0x08001a4c   0x08001a4c   0x000001b8   Code   RO         2666    i._printf_core      mc_w.l(printf3.o)
    0x08001c04   0x08001c04   0x0000000a   Code   RO         2668    i._sputc            mc_w.l(printf3.o)
    0x08001c0e   0x08001c0e   0x00000002   PAD
    0x08001c10   0x08001c10   0x0000002c   Code   RO         2334    i.all_data_update   protocol.o
    0x08001c3c   0x08001c3c   0x00000016   Code   RO         2085    i.byte_to_int       mcu_api.o
    0x08001c52   0x08001c52   0x00000002   PAD
    0x08001c54   0x08001c54   0x000001a0   Code   RO         2437    i.data_handle       system.o
    0x08001df4   0x08001df4   0x000000e0   Code   RO         2335    i.dp_download_handle  protocol.o
    0x08001ed4   0x08001ed4   0x00000018   Code   RO           15    i.fputc             main.o
    0x08001eec   0x08001eec   0x0000002c   Code   RO         2512    i.get_HX711data     hx711.o
    0x08001f18   0x08001f18   0x0000001e   Code   RO         2438    i.get_check_sum     system.o
    0x08001f36   0x08001f36   0x00000004   Code   RO         2336    i.get_download_cmd_total  protocol.o
    0x08001f3a   0x08001f3a   0x00000002   Code   RO         2337    i.get_voice_state_result  protocol.o
    0x08001f3c   0x08001f3c   0x0000004c   Code   RO         2338    i.get_wifi_status   protocol.o
    0x08001f88   0x08001f88   0x00000190   Code   RO           16    i.key_xz            main.o
    0x08002118   0x08002118   0x0000006c   Code   RO           17    i.main              main.o
    0x08002184   0x08002184   0x00000048   Code   RO         2089    i.mcu_dp_bool_update  mcu_api.o
    0x080021cc   0x080021cc   0x00000040   Code   RO         2090    i.mcu_dp_enum_update  mcu_api.o
    0x0800220c   0x0800220c   0x00000044   Code   RO         2092    i.mcu_dp_raw_update  mcu_api.o
    0x08002250   0x08002250   0x00000054   Code   RO         2094    i.mcu_dp_value_update  mcu_api.o
    0x080022a4   0x080022a4   0x00000004   Code   RO         2095    i.mcu_get_dp_download_bool  mcu_api.o
    0x080022a8   0x080022a8   0x00000004   Code   RO         2097    i.mcu_get_dp_download_value  mcu_api.o
    0x080022ac   0x080022ac   0x0000000c   Code   RO         2100    i.mcu_get_wifi_work_state  mcu_api.o
    0x080022b8   0x080022b8   0x00000014   Code   RO         2102    i.mcu_reset_wifi    mcu_api.o
    0x080022cc   0x080022cc   0x0000003c   Code   RO         2106    i.my_memcpy         mcu_api.o
    0x08002308   0x08002308   0x00000016   Code   RO         2110    i.my_strlen         mcu_api.o
    0x0800231e   0x0800231e   0x00000002   PAD
    0x08002320   0x08002320   0x000000f8   Code   RO         2439    i.product_info_update  system.o
    0x08002418   0x08002418   0x00000018   Code   RO         2111    i.set_speaker_voice  mcu_api.o
    0x08002430   0x08002430   0x00000002   Code   RO         2339    i.set_speaker_voice_result  protocol.o
    0x08002432   0x08002432   0x00000002   Code   RO         2340    i.set_voice_MIC_silence_result  protocol.o
    0x08002434   0x08002434   0x0000001c   Code   RO         2440    i.set_wifi_uart_buffer  system.o
    0x08002450   0x08002450   0x00000010   Code   RO         2441    i.set_wifi_uart_byte  system.o
    0x08002460   0x08002460   0x00000028   Code   RO         2442    i.take_byte_rxbuff  system.o
    0x08002488   0x08002488   0x0000003c   Code   RO         2114    i.uart_receive_input  mcu_api.o
    0x080024c4   0x080024c4   0x00000018   Code   RO         2341    i.uart_transmit_output  protocol.o
    0x080024dc   0x080024dc   0x00000002   Code   RO         2342    i.voice_awaken_test_result  protocol.o
    0x080024de   0x080024de   0x00000002   PAD
    0x080024e0   0x080024e0   0x000000d8   Code   RO         2343    i.voice_module_extend_fun  protocol.o
    0x080025b8   0x080025b8   0x00000002   Code   RO         2344    i.voice_test_result  protocol.o
    0x080025ba   0x080025ba   0x00000002   PAD
    0x080025bc   0x080025bc   0x0000002c   Code   RO         2118    i.wifi_protocol_init  mcu_api.o
    0x080025e8   0x080025e8   0x00000058   Code   RO         2345    i.wifi_test_result  protocol.o
    0x08002640   0x08002640   0x000000b0   Code   RO         2119    i.wifi_uart_service  mcu_api.o
    0x080026f0   0x080026f0   0x00000044   Code   RO         2443    i.wifi_uart_write_frame  system.o
    0x08002734   0x08002734   0x00000018   Code   RO         2444    i.with_data_rxbuff  system.o
    0x0800274c   0x0800274c   0x00000010   Data   RO         2049    .constdata          system_stm32f1xx.o
    0x0800275c   0x0800275c   0x00000008   Data   RO         2050    .constdata          system_stm32f1xx.o
    0x08002764   0x08002764   0x0000001a   Data   RO         2346    .constdata          protocol.o
    0x0800277e   0x0800277e   0x00000002   PAD
    0x08002780   0x08002780   0x00000020   Data   RO         2877    Region$$Table       anon$$obj.o


    Execution Region RW_IRAM1 (Exec base: 0x20000000, Load base: 0x080027a0, Size: 0x00000568, Max: 0x00005000, ABSOLUTE)

    Exec Addr    Load Addr    Size         Type   Attr      Idx    E Section Name        Object

    0x20000000   0x080027a0   0x00000004   Data   RW           18    .data               main.o
    0x20000004   0x080027a4   0x0000000c   Data   RW          740    .data               stm32f1xx_hal.o
    0x20000010   0x080027b0   0x00000004   Data   RW         2051    .data               system_stm32f1xx.o
    0x20000014   0x080027b4   0x00000002   Data   RW         2120    .data               mcu_api.o
    0x20000016   0x080027b6   0x00000002   PAD
    0x20000018   0x080027b8   0x0000000c   Data   RW         2347    .data               protocol.o
    0x20000024   0x080027c4   0x0000000c   Data   RW         2446    .data               system.o
    0x20000030   0x080027d0   0x00000001   Data   RW         2447    .data               system.o
    0x20000031   0x080027d1   0x00000003   PAD
    0x20000034   0x080027d4   0x0000000c   Data   RW         2514    .data               hx711.o
    0x20000040   0x080027e0   0x00000004   Data   RW         2853    .data               mc_w.l(stdout.o)
    0x20000044        -       0x00000030   Zero   RW          205    .bss                adc.o
    0x20000074        -       0x00000080   Zero   RW          248    .bss                usart.o
    0x200000f4        -       0x0000006d   Zero   RW         2445    .bss                system.o
    0x20000161   0x080027e4   0x00000007   PAD
    0x20000168        -       0x00000400   Zero   RW            1    STACK               startup_stm32f103xb.o


==============================================================================

Image component sizes


      Code (inc. data)   RO Data    RW Data    ZI Data      Debug   Object Name

       164         20          0          0         48       1505   adc.o
       140         12          0          0          0        815   gpio.o
       316         26          0         12          0       2964   hx711.o
       640         74          0          4          0     411137   main.o
       736         76          0          2          0      10284   mcu_api.o
       688        114         26         12          0       9261   protocol.o
        36          8        236          0       1024        780   startup_stm32f103xb.o
       164         28          0         12          0       5701   stm32f1xx_hal.o
       612         24          0          0          0       3196   stm32f1xx_hal_adc.o
       234         24          0          0          0      29346   stm32f1xx_hal_cortex.o
       152          4          0          0          0       1055   stm32f1xx_hal_dma.o
         4          0          0          0          0        478   stm32f1xx_hal_flash.o
       516         34          0          0          0       4012   stm32f1xx_hal_gpio.o
        60          8          0          0          0        794   stm32f1xx_hal_msp.o
      1272        100          0          0          0       5044   stm32f1xx_hal_rcc.o
       236         12          0          0          0       1332   stm32f1xx_hal_rcc_ex.o
      1098         10          0          0          0       8427   stm32f1xx_hal_uart.o
        76         16          0          0          0       4486   stm32f1xx_it.o
       870        126          0         13        109       8311   system.o
         2          0         24          4          0       1023   system_stm32f1xx.o
       328         34          0          0        128       2199   usart.o

    ----------------------------------------------------------------------
      8368        750        320         64       1316     512150   Object Totals
         0          0         32          0          0          0   (incl. Generated)
        24          0          2          5          7          0   (incl. Padding)

    ----------------------------------------------------------------------

      Code (inc. data)   RO Data    RW Data    ZI Data      Debug   Library Member Name

         0          0          0          0          0          0   entry.o
         0          0          0          0          0          0   entry10a.o
         0          0          0          0          0          0   entry11a.o
         8          4          0          0          0          0   entry2.o
         4          0          0          0          0          0   entry5.o
         0          0          0          0          0          0   entry7b.o
         0          0          0          0          0          0   entry8b.o
         8          4          0          0          0          0   entry9a.o
        30          0          0          0          0          0   handlers.o
        36          8          0          0          0         68   init.o
         0          0          0          0          0          0   iusefp.o
        30          0          0          0          0         68   llshl.o
        32          0          0          0          0         68   llushr.o
        26          0          0          0          0         80   memcmp.o
        36          0          0          0          0        108   memseta.o
       522         20          0          0          0        336   printf3.o
         0          0          0          4          0          0   stdout.o
        36          0          0          0          0         80   strstr.o
        44          0          0          0          0         80   uidiv.o
       222          0          0          0          0        100   ddiv.o
       186          0          0          0          0        176   depilogue.o
        62          0          0          0          0         80   dfixi.o
        38          0          0          0          0         68   f2d.o
       110          0          0          0          0        168   fepilogue.o
        18          0          0          0          0         68   fflti.o

    ----------------------------------------------------------------------
      1456         36          0          4          0       1548   Library Totals
         8          0          0          0          0          0   (incl. Padding)

    ----------------------------------------------------------------------

      Code (inc. data)   RO Data    RW Data    ZI Data      Debug   Library Name

       812         36          0          4          0        888   mc_w.l
       636          0          0          0          0        660   mf_w.l

    ----------------------------------------------------------------------
      1456         36          0          4          0       1548   Library Totals

    ----------------------------------------------------------------------

==============================================================================


      Code (inc. data)   RO Data    RW Data    ZI Data      Debug   

      9824        786        320         68       1316     508026   Grand Totals
      9824        786        320         68       1316     508026   ELF Image Totals
      9824        786        320         68          0          0   ROM Totals

==============================================================================

    Total RO  Size (Code + RO Data)                10144 (   9.91kB)
    Total RW  Size (RW Data + ZI Data)              1384 (   1.35kB)
    Total ROM Size (Code + RO Data + RW Data)      10212 (   9.97kB)

==============================================================================

