Component: ARM Compiler 5.06 update 6 (build 750) Tool: armlink [4d35ed]

==============================================================================

Section Cross References

    startup_stm32f103xb.o(RESET) refers to startup_stm32f103xb.o(STACK) for __initial_sp
    startup_stm32f103xb.o(RESET) refers to startup_stm32f103xb.o(.text) for Reset_Handler
    startup_stm32f103xb.o(RESET) refers to stm32f1xx_it.o(i.NMI_Handler) for NMI_Handler
    startup_stm32f103xb.o(RESET) refers to stm32f1xx_it.o(i.HardFault_Handler) for HardFault_Handler
    startup_stm32f103xb.o(RESET) refers to stm32f1xx_it.o(i.MemManage_Handler) for MemManage_Handler
    startup_stm32f103xb.o(RESET) refers to stm32f1xx_it.o(i.BusFault_Handler) for BusFault_Handler
    startup_stm32f103xb.o(RESET) refers to stm32f1xx_it.o(i.UsageFault_Handler) for UsageFault_Handler
    startup_stm32f103xb.o(RESET) refers to stm32f1xx_it.o(i.SVC_Handler) for SVC_Handler
    startup_stm32f103xb.o(RESET) refers to stm32f1xx_it.o(i.DebugMon_Handler) for DebugMon_Handler
    startup_stm32f103xb.o(RESET) refers to stm32f1xx_it.o(i.PendSV_Handler) for PendSV_Handler
    startup_stm32f103xb.o(RESET) refers to stm32f1xx_it.o(i.SysTick_Handler) for SysTick_Handler
    startup_stm32f103xb.o(RESET) refers to stm32f1xx_it.o(i.USART1_IRQHandler) for USART1_IRQHandler
    startup_stm32f103xb.o(RESET) refers to stm32f1xx_it.o(i.USART2_IRQHandler) for USART2_IRQHandler
    startup_stm32f103xb.o(.text) refers to system_stm32f1xx.o(i.SystemInit) for SystemInit
    startup_stm32f103xb.o(.text) refers to entry.o(.ARM.Collect$$$$00000000) for __main
    main.o(i.SystemClock_Config) refers to memseta.o(.text) for __aeabi_memclr4
    main.o(i.SystemClock_Config) refers to stm32f1xx_hal_rcc.o(i.HAL_RCC_OscConfig) for HAL_RCC_OscConfig
    main.o(i.SystemClock_Config) refers to stm32f1xx_hal_rcc.o(i.HAL_RCC_ClockConfig) for HAL_RCC_ClockConfig
    main.o(i.SystemClock_Config) refers to stm32f1xx_hal_rcc_ex.o(i.HAL_RCCEx_PeriphCLKConfig) for HAL_RCCEx_PeriphCLKConfig
    main.o(i.fputc) refers to stm32f1xx_hal_uart.o(i.HAL_UART_Transmit) for HAL_UART_Transmit
    main.o(i.fputc) refers to usart.o(.bss) for huart2
    main.o(i.key_xz) refers to stm32f1xx_hal_gpio.o(i.HAL_GPIO_ReadPin) for HAL_GPIO_ReadPin
    main.o(i.key_xz) refers to printf6.o(i.__0printf$6) for __2printf
    main.o(i.key_xz) refers to stm32f1xx_hal.o(i.HAL_Delay) for HAL_Delay
    main.o(i.key_xz) refers to mcu_api.o(i.mcu_reset_wifi) for mcu_reset_wifi
    main.o(i.key_xz) refers to mcu_api.o(i.mcu_get_system_time) for mcu_get_system_time
    main.o(i.key_xz) refers to mcu_api.o(i.set_speaker_voice) for set_speaker_voice
    main.o(i.key_xz) refers to mcu_api.o(i.mcu_dp_enum_update) for mcu_dp_enum_update
    main.o(i.key_xz) refers to stm32f1xx_hal_gpio.o(i.HAL_GPIO_WritePin) for HAL_GPIO_WritePin
    main.o(i.key_xz) refers to mcu_api.o(i.mcu_dp_value_update) for mcu_dp_value_update
    main.o(i.key_xz) refers to main.o(.data) for .data
    main.o(i.main) refers to stm32f1xx_hal.o(i.HAL_Init) for HAL_Init
    main.o(i.main) refers to main.o(i.SystemClock_Config) for SystemClock_Config
    main.o(i.main) refers to mcu_api.o(i.mcu_get_green_time) for mcu_get_green_time
    main.o(i.main) refers to gpio.o(i.MX_GPIO_Init) for MX_GPIO_Init
    main.o(i.main) refers to usart.o(i.MX_USART1_UART_Init) for MX_USART1_UART_Init
    main.o(i.main) refers to usart.o(i.MX_USART2_UART_Init) for MX_USART2_UART_Init
    main.o(i.main) refers to adc.o(i.MX_ADC1_Init) for MX_ADC1_Init
    main.o(i.main) refers to printf6.o(i.__0printf$6) for __2printf
    main.o(i.main) refers to mcu_api.o(i.wifi_protocol_init) for wifi_protocol_init
    main.o(i.main) refers to stm32f1xx_hal_gpio.o(i.HAL_GPIO_WritePin) for HAL_GPIO_WritePin
    main.o(i.main) refers to mcu_api.o(i.wifi_uart_service) for wifi_uart_service
    main.o(i.main) refers to main.o(i.key_xz) for key_xz
    main.o(i.main) refers to mcu_api.o(i.mcu_get_wifi_work_state) for mcu_get_wifi_work_state
    main.o(i.main) refers to protocol.o(i.get_wifi_status) for get_wifi_status
    main.o(i.main) refers to usart.o(.bss) for huart1
    gpio.o(i.MX_GPIO_Init) refers to stm32f1xx_hal_gpio.o(i.HAL_GPIO_WritePin) for HAL_GPIO_WritePin
    gpio.o(i.MX_GPIO_Init) refers to stm32f1xx_hal_gpio.o(i.HAL_GPIO_Init) for HAL_GPIO_Init
    adc.o(i.HAL_ADC_MspDeInit) refers to stm32f1xx_hal_gpio.o(i.HAL_GPIO_DeInit) for HAL_GPIO_DeInit
    adc.o(i.HAL_ADC_MspInit) refers to stm32f1xx_hal_gpio.o(i.HAL_GPIO_Init) for HAL_GPIO_Init
    adc.o(i.MX_ADC1_Init) refers to stm32f1xx_hal_adc.o(i.HAL_ADC_Init) for HAL_ADC_Init
    adc.o(i.MX_ADC1_Init) refers to main.o(i.Error_Handler) for Error_Handler
    adc.o(i.MX_ADC1_Init) refers to stm32f1xx_hal_adc.o(i.HAL_ADC_ConfigChannel) for HAL_ADC_ConfigChannel
    adc.o(i.MX_ADC1_Init) refers to adc.o(.bss) for .bss
    rtc.o(i.HAL_RTC_MspInit) refers to stm32f1xx_hal_pwr.o(i.HAL_PWR_EnableBkUpAccess) for HAL_PWR_EnableBkUpAccess
[...]
    Removing stm32f1xx_hal_adc.o(i.HAL_ADC_Start_IT), (204 bytes).
    Removing stm32f1xx_hal_adc.o(i.HAL_ADC_Stop), (52 bytes).
    Removing stm32f1xx_hal_adc.o(i.HAL_ADC_Stop_DMA), (86 bytes).
    Removing stm32f1xx_hal_adc.o(i.HAL_ADC_Stop_IT), (62 bytes).
    Removing stm32f1xx_hal_adc_ex.o(.rev16_text), (4 bytes).
    Removing stm32f1xx_hal_adc_ex.o(.revsh_text), (4 bytes).
    Removing stm32f1xx_hal_adc_ex.o(.rrx_text), (6 bytes).
    Removing stm32f1xx_hal_adc_ex.o(i.HAL_ADCEx_Calibration_Start), (200 bytes).
    Removing stm32f1xx_hal_adc_ex.o(i.HAL_ADCEx_InjectedConfigChannel), (476 bytes).
    Removing stm32f1xx_hal_adc_ex.o(i.HAL_ADCEx_InjectedConvCpltCallback), (2 bytes).
    Removing stm32f1xx_hal_adc_ex.o(i.HAL_ADCEx_InjectedGetValue), (30 bytes).
    Removing stm32f1xx_hal_adc_ex.o(i.HAL_ADCEx_InjectedPollForConversion), (292 bytes).
    Removing stm32f1xx_hal_adc_ex.o(i.HAL_ADCEx_InjectedStart), (168 bytes).
    Removing stm32f1xx_hal_adc_ex.o(i.HAL_ADCEx_InjectedStart_IT), (180 bytes).
    Removing stm32f1xx_hal_adc_ex.o(i.HAL_ADCEx_InjectedStop), (78 bytes).
    Removing stm32f1xx_hal_adc_ex.o(i.HAL_ADCEx_InjectedStop_IT), (88 bytes).
    Removing stm32f1xx_hal_adc_ex.o(i.HAL_ADCEx_MultiModeConfigChannel), (100 bytes).
    Removing stm32f1xx_hal_adc_ex.o(i.HAL_ADCEx_MultiModeGetValue), (32 bytes).
    Removing stm32f1xx_hal_adc_ex.o(i.HAL_ADCEx_MultiModeStart_DMA), (232 bytes).
    Removing stm32f1xx_hal_adc_ex.o(i.HAL_ADCEx_MultiModeStop_DMA), (116 bytes).
    Removing stm32f1xx_hal.o(.rev16_text), (4 bytes).
    Removing stm32f1xx_hal.o(.revsh_text), (4 bytes).
    Removing stm32f1xx_hal.o(.rrx_text), (6 bytes).
    Removing stm32f1xx_hal.o(i.HAL_DBGMCU_DisableDBGSleepMode), (16 bytes).
    Removing stm32f1xx_hal.o(i.HAL_DBGMCU_DisableDBGStandbyMode), (16 bytes).
    Removing stm32f1xx_hal.o(i.HAL_DBGMCU_DisableDBGStopMode), (16 bytes).
    Removing stm32f1xx_hal.o(i.HAL_DBGMCU_EnableDBGSleepMode), (16 bytes).
    Removing stm32f1xx_hal.o(i.HAL_DBGMCU_EnableDBGStandbyMode), (16 bytes).
    Removing stm32f1xx_hal.o(i.HAL_DBGMCU_EnableDBGStopMode), (16 bytes).
    Removing stm32f1xx_hal.o(i.HAL_DeInit), (32 bytes).
    Removing stm32f1xx_hal.o(i.HAL_GetDEVID), (16 bytes).
    Removing stm32f1xx_hal.o(i.HAL_GetHalVersion), (8 bytes).
    Removing stm32f1xx_hal.o(i.HAL_GetREVID), (12 bytes).
    Removing stm32f1xx_hal.o(i.HAL_GetTickFreq), (12 bytes).
    Removing stm32f1xx_hal.o(i.HAL_GetTickPrio), (12 bytes).
    Removing stm32f1xx_hal.o(i.HAL_GetUIDw0), (12 bytes).
    Removing stm32f1xx_hal.o(i.HAL_GetUIDw1), (12 bytes).
    Removing stm32f1xx_hal.o(i.HAL_GetUIDw2), (12 bytes).
    Removing stm32f1xx_hal.o(i.HAL_MspDeInit), (2 bytes).
    Removing stm32f1xx_hal.o(i.HAL_MspInit), (2 bytes).
    Removing stm32f1xx_hal.o(i.HAL_ResumeTick), (14 bytes).
    Removing stm32f1xx_hal.o(i.HAL_SetTickFreq), (36 bytes).
    Removing stm32f1xx_hal.o(i.HAL_SuspendTick), (14 bytes).
    Removing stm32f1xx_hal_rcc.o(.rev16_text), (4 bytes).
    Removing stm32f1xx_hal_rcc.o(.revsh_text), (4 bytes).
    Removing stm32f1xx_hal_rcc.o(.rrx_text), (6 bytes).
    Removing stm32f1xx_hal_rcc.o(i.HAL_RCC_CSSCallback), (2 bytes).
    Removing stm32f1xx_hal_rcc.o(i.HAL_RCC_DeInit), (220 bytes).
    Removing stm32f1xx_hal_rcc.o(i.HAL_RCC_DisableCSS), (12 bytes).
    Removing stm32f1xx_hal_rcc.o(i.HAL_RCC_EnableCSS), (12 bytes).
    Removing stm32f1xx_hal_rcc.o(i.HAL_RCC_GetClockConfig), (64 bytes).
    Removing stm32f1xx_hal_rcc.o(i.HAL_RCC_GetHCLKFreq), (12 bytes).
    Removing stm32f1xx_hal_rcc.o(i.HAL_RCC_GetOscConfig), (144 bytes).
    Removing stm32f1xx_hal_rcc.o(i.HAL_RCC_MCOConfig), (72 bytes).
    Removing stm32f1xx_hal_rcc.o(i.HAL_RCC_NMI_IRQHandler), (24 bytes).
    Removing stm32f1xx_hal_rcc_ex.o(.rev16_text), (4 bytes).
    Removing stm32f1xx_hal_rcc_ex.o(.revsh_text), (4 bytes).
    Removing stm32f1xx_hal_rcc_ex.o(.rrx_text), (6 bytes).
    Removing stm32f1xx_hal_rcc_ex.o(i.HAL_RCCEx_GetPeriphCLKConfig), (44 bytes).
    Removing stm32f1xx_hal_rcc_ex.o(i.HAL_RCCEx_GetPeriphCLKFreq), (200 bytes).
    Removing stm32f1xx_hal_gpio.o(.rev16_text), (4 bytes).
    Removing stm32f1xx_hal_gpio.o(.revsh_text), (4 bytes).
    Removing stm32f1xx_hal_gpio.o(.rrx_text), (6 bytes).
    Removing stm32f1xx_hal_gpio.o(i.HAL_GPIO_DeInit), (252 bytes).
    Removing stm32f1xx_hal_gpio.o(i.HAL_GPIO_EXTI_Callback), (2 bytes).
    Removing stm32f1xx_hal_gpio.o(i.HAL_GPIO_EXTI_IRQHandler), (24 bytes).
    Removing stm32f1xx_hal_gpio.o(i.HAL_GPIO_LockPin), (34 bytes).
    Removing stm32f1xx_hal_dma.o(.rev16_text), (4 bytes).
    Removing stm32f1xx_hal_dma.o(.revsh_text), (4 bytes).
    Removing stm32f1xx_hal_dma.o(.rrx_text), (6 bytes).
    Removing stm32f1xx_hal_dma.o(i.DMA_SetConfig), (42 bytes).
    Removing stm32f1xx_hal_dma.o(i.HAL_DMA_Abort), (70 bytes).
    Removing stm32f1xx_hal_dma.o(i.HAL_DMA_DeInit), (92 bytes).
    Removing stm32f1xx_hal_dma.o(i.HAL_DMA_GetError), (4 bytes).
    Removing stm32f1xx_hal_dma.o(i.HAL_DMA_GetState), (6 bytes).
    Removing stm32f1xx_hal_dma.o(i.HAL_DMA_IRQHandler), (340 bytes).
    Removing stm32f1xx_hal_dma.o(i.HAL_DMA_Init), (92 bytes).
    Removing stm32f1xx_hal_dma.o(i.HAL_DMA_PollForTransfer), (532 bytes).
    Removing stm32f1xx_hal_dma.o(i.HAL_DMA_RegisterCallback), (74 bytes).
    Removing stm32f1xx_hal_dma.o(i.HAL_DMA_Start), (80 bytes).
    Removing stm32f1xx_hal_dma.o(i.HAL_DMA_Start_IT), (112 bytes).
    Removing stm32f1xx_hal_dma.o(i.HAL_DMA_UnRegisterCallback), (82 bytes).
    Removing stm32f1xx_hal_cortex.o(.rev16_text), (4 bytes).
    Removing stm32f1xx_hal_cortex.o(.revsh_text), (4 bytes).
    Removing stm32f1xx_hal_cortex.o(.rrx_text), (6 bytes).
    Removing stm32f1xx_hal_cortex.o(i.HAL_NVIC_ClearPendingIRQ), (26 bytes).
    Removing stm32f1xx_hal_cortex.o(i.HAL_NVIC_DisableIRQ), (34 bytes).
    Removing stm32f1xx_hal_cortex.o(i.HAL_NVIC_GetActive), (36 bytes).
    Removing stm32f1xx_hal_cortex.o(i.HAL_NVIC_GetPendingIRQ), (36 bytes).
    Removing stm32f1xx_hal_cortex.o(i.HAL_NVIC_GetPriority), (82 bytes).
    Removing stm32f1xx_hal_cortex.o(i.HAL_NVIC_GetPriorityGrouping), (16 bytes).
    Removing stm32f1xx_hal_cortex.o(i.HAL_NVIC_SetPendingIRQ), (26 bytes).
    Removing stm32f1xx_hal_cortex.o(i.HAL_SYSTICK_CLKSourceConfig), (24 bytes).
    Removing stm32f1xx_hal_cortex.o(i.HAL_SYSTICK_Callback), (2 bytes).
    Removing stm32f1xx_hal_cortex.o(i.HAL_SYSTICK_IRQHandler), (8 bytes).
    Removing stm32f1xx_hal_pwr.o(.rev16_text), (4 bytes).
    Removing stm32f1xx_hal_pwr.o(.revsh_text), (4 bytes).
    Removing stm32f1xx_hal_pwr.o(.rrx_text), (6 bytes).
    Removing stm32f1xx_hal_pwr.o(i.HAL_PWR_ConfigPVD), (124 bytes).
    Removing stm32f1xx_hal_pwr.o(i.HAL_PWR_DeInit), (24 bytes).
    Removing stm32f1xx_hal_pwr.o(i.HAL_PWR_DisableBkUpAccess), (12 bytes).
    Removing stm32f1xx_hal_pwr.o(i.HAL_PWR_DisablePVD), (12 bytes).
    Removing stm32f1xx_hal_pwr.o(i.HAL_PWR_DisableSEVOnPend), (16 bytes).
    Removing stm32f1xx_hal_pwr.o(i.HAL_PWR_DisableSleepOnExit), (16 bytes).
    Removing stm32f1xx_hal_pwr.o(i.HAL_PWR_DisableWakeUpPin), (28 bytes).
    Removing stm32f1xx_hal_pwr.o(i.HAL_PWR_EnableBkUpAccess), (12 bytes).
    Removing stm32f1xx_hal_pwr.o(i.HAL_PWR_EnablePVD), (12 bytes).
    Removing stm32f1xx_hal_pwr.o(i.HAL_PWR_EnableSEVOnPend), (16 bytes).
    Removing stm32f1xx_hal_pwr.o(i.HAL_PWR_EnableSleepOnExit), (16 bytes).
    Removing stm32f1xx_hal_pwr.o(i.HAL_PWR_EnableWakeUpPin), (28 bytes).
    Removing stm32f1xx_hal_pwr.o(i.HAL_PWR_EnterSLEEPMode), (32 bytes).
    Removing stm32f1xx_hal_pwr.o(i.HAL_PWR_EnterSTANDBYMode), (32 bytes).
    Removing stm32f1xx_hal_pwr.o(i.HAL_PWR_EnterSTOPMode), (68 bytes).
    Removing stm32f1xx_hal_pwr.o(i.HAL_PWR_PVDCallback), (2 bytes).
    Removing stm32f1xx_hal_pwr.o(i.HAL_PWR_PVD_IRQHandler), (28 bytes).
    Removing stm32f1xx_hal_pwr.o(i.PWR_OverloadWfe), (6 bytes).
    Removing stm32f1xx_hal_flash.o(.rev16_text), (4 bytes).
    Removing stm32f1xx_hal_flash.o(.revsh_text), (4 bytes).
    Removing stm32f1xx_hal_flash.o(.rrx_text), (6 bytes).
    Removing stm32f1xx_hal_flash.o(i.FLASH_Program_HalfWord), (28 bytes).
    Removing stm32f1xx_hal_flash.o(i.FLASH_SetErrorCode), (92 bytes).
    Removing stm32f1xx_hal_flash.o(i.FLASH_WaitForLastOperation), (84 bytes).
    Removing stm32f1xx_hal_flash.o(i.HAL_FLASH_EndOfOperationCallback), (2 bytes).
    Removing stm32f1xx_hal_flash.o(i.HAL_FLASH_GetError), (12 bytes).
    Removing stm32f1xx_hal_flash.o(i.HAL_FLASH_IRQHandler), (264 bytes).
    Removing stm32f1xx_hal_flash.o(i.HAL_FLASH_Lock), (20 bytes).
    Removing stm32f1xx_hal_flash.o(i.HAL_FLASH_OB_Lock), (20 bytes).
    Removing stm32f1xx_hal_flash.o(i.HAL_FLASH_OB_Unlock), (36 bytes).
    Removing stm32f1xx_hal_flash.o(i.HAL_FLASH_OperationErrorCallback), (2 bytes).
    Removing stm32f1xx_hal_flash.o(i.HAL_FLASH_Program), (128 bytes).
    Removing stm32f1xx_hal_flash.o(i.HAL_FLASH_Program_IT), (100 bytes).
    Removing stm32f1xx_hal_flash.o(i.HAL_FLASH_Unlock), (40 bytes).
    Removing stm32f1xx_hal_flash.o(.bss), (32 bytes).
    Removing stm32f1xx_hal_flash_ex.o(.rev16_text), (4 bytes).
    Removing stm32f1xx_hal_flash_ex.o(.revsh_text), (4 bytes).
    Removing stm32f1xx_hal_flash_ex.o(.rrx_text), (6 bytes).
    Removing stm32f1xx_hal_flash_ex.o(i.FLASH_MassErase), (36 bytes).
    Removing stm32f1xx_hal_flash_ex.o(i.FLASH_OB_DisableWRP), (176 bytes).
    Removing stm32f1xx_hal_flash_ex.o(i.FLASH_OB_EnableWRP), (176 bytes).
    Removing stm32f1xx_hal_flash_ex.o(i.FLASH_OB_GetRDP), (24 bytes).
    Removing stm32f1xx_hal_flash_ex.o(i.FLASH_OB_RDP_LevelConfig), (100 bytes).
    Removing stm32f1xx_hal_flash_ex.o(i.FLASH_PageErase), (36 bytes).
    Removing stm32f1xx_hal_flash_ex.o(i.HAL_FLASHEx_Erase), (168 bytes).
    Removing stm32f1xx_hal_flash_ex.o(i.HAL_FLASHEx_Erase_IT), (84 bytes).
    Removing stm32f1xx_hal_flash_ex.o(i.HAL_FLASHEx_OBErase), (84 bytes).
    Removing stm32f1xx_hal_flash_ex.o(i.HAL_FLASHEx_OBGetConfig), (36 bytes).
    Removing stm32f1xx_hal_flash_ex.o(i.HAL_FLASHEx_OBGetUserData), (32 bytes).
    Removing stm32f1xx_hal_flash_ex.o(i.HAL_FLASHEx_OBProgram), (200 bytes).
    Removing stm32f1xx_hal_exti.o(.rev16_text), (4 bytes).
    Removing stm32f1xx_hal_exti.o(.revsh_text), (4 bytes).
    Removing stm32f1xx_hal_exti.o(.rrx_text), (6 bytes).
    Removing stm32f1xx_hal_exti.o(i.HAL_EXTI_ClearConfigLine), (104 bytes).
    Removing stm32f1xx_hal_exti.o(i.HAL_EXTI_ClearPending), (20 bytes).
    Removing stm32f1xx_hal_exti.o(i.HAL_EXTI_GenerateSWI), (20 bytes).
    Removing stm32f1xx_hal_exti.o(i.HAL_EXTI_GetConfigLine), (152 bytes).
    Removing stm32f1xx_hal_exti.o(i.HAL_EXTI_GetHandle), (12 bytes).
    Removing stm32f1xx_hal_exti.o(i.HAL_EXTI_GetPending), (24 bytes).
    Removing stm32f1xx_hal_exti.o(i.HAL_EXTI_IRQHandler), (36 bytes).
    Removing stm32f1xx_hal_exti.o(i.HAL_EXTI_RegisterCallback), (14 bytes).
    Removing stm32f1xx_hal_exti.o(i.HAL_EXTI_SetConfigLine), (164 bytes).
    Removing stm32f1xx_hal_rtc.o(.rev16_text), (4 bytes).
    Removing stm32f1xx_hal_rtc.o(.revsh_text), (4 bytes).
    Removing stm32f1xx_hal_rtc.o(.rrx_text), (6 bytes).
    Removing stm32f1xx_hal_rtc.o(i.HAL_RTC_AlarmAEventCallback), (2 bytes).
    Removing stm32f1xx_hal_rtc.o(i.HAL_RTC_AlarmIRQHandler), (52 bytes).
    Removing stm32f1xx_hal_rtc.o(i.HAL_RTC_DeInit), (100 bytes).
    Removing stm32f1xx_hal_rtc.o(i.HAL_RTC_DeactivateAlarm), (112 bytes).
    Removing stm32f1xx_hal_rtc.o(i.HAL_RTC_GetAlarm), (102 bytes).
    Removing stm32f1xx_hal_rtc.o(i.HAL_RTC_GetDate), (78 bytes).
    Removing stm32f1xx_hal_rtc.o(i.HAL_RTC_GetState), (4 bytes).
    Removing stm32f1xx_hal_rtc.o(i.HAL_RTC_GetTime), (216 bytes).
    Removing stm32f1xx_hal_rtc.o(i.HAL_RTC_Init), (160 bytes).
    Removing stm32f1xx_hal_rtc.o(i.HAL_RTC_MspDeInit), (2 bytes).
    Removing stm32f1xx_hal_rtc.o(i.HAL_RTC_MspInit), (2 bytes).
    Removing stm32f1xx_hal_rtc.o(i.HAL_RTC_PollForAlarmAEvent), (64 bytes).
    Removing stm32f1xx_hal_rtc.o(i.HAL_RTC_SetAlarm), (188 bytes).
    Removing stm32f1xx_hal_rtc.o(i.HAL_RTC_SetAlarm_IT), (232 bytes).
    Removing stm32f1xx_hal_rtc.o(i.HAL_RTC_SetDate), (196 bytes).
    Removing stm32f1xx_hal_rtc.o(i.HAL_RTC_SetTime), (172 bytes).
    Removing stm32f1xx_hal_rtc.o(i.HAL_RTC_WaitForSynchro), (58 bytes).
    Removing stm32f1xx_hal_rtc.o(i.RTC_Bcd2ToByte), (18 bytes).
    Removing stm32f1xx_hal_rtc.o(i.RTC_ByteToBcd2), (22 bytes).
    Removing stm32f1xx_hal_rtc.o(i.RTC_DateUpdate), (174 bytes).
    Removing stm32f1xx_hal_rtc.o(i.RTC_EnterInitMode), (52 bytes).
    Removing stm32f1xx_hal_rtc.o(i.RTC_ExitInitMode), (54 bytes).
    Removing stm32f1xx_hal_rtc.o(i.RTC_ReadAlarmCounter), (14 bytes).
    Removing stm32f1xx_hal_rtc.o(i.RTC_ReadTimeCounter), (32 bytes).
    Removing stm32f1xx_hal_rtc.o(i.RTC_WeekDayNum), (86 bytes).
    Removing stm32f1xx_hal_rtc.o(i.RTC_WriteAlarmCounter), (40 bytes).
    Removing stm32f1xx_hal_rtc.o(i.RTC_WriteTimeCounter), (40 bytes).
    Removing stm32f1xx_hal_rtc_ex.o(.rev16_text), (4 bytes).
    Removing stm32f1xx_hal_rtc_ex.o(.revsh_text), (4 bytes).
    Removing stm32f1xx_hal_rtc_ex.o(.rrx_text), (6 bytes).
    Removing stm32f1xx_hal_rtc_ex.o(i.HAL_RTCEx_BKUPRead), (16 bytes).
    Removing stm32f1xx_hal_rtc_ex.o(i.HAL_RTCEx_BKUPWrite), (16 bytes).
    Removing stm32f1xx_hal_rtc_ex.o(i.HAL_RTCEx_DeactivateSecond), (44 bytes).
    Removing stm32f1xx_hal_rtc_ex.o(i.HAL_RTCEx_DeactivateTamper), (76 bytes).
    Removing stm32f1xx_hal_rtc_ex.o(i.HAL_RTCEx_PollForTamper1Event), (72 bytes).
    Removing stm32f1xx_hal_rtc_ex.o(i.HAL_RTCEx_RTCEventCallback), (2 bytes).
    Removing stm32f1xx_hal_rtc_ex.o(i.HAL_RTCEx_RTCEventErrorCallback), (2 bytes).
    Removing stm32f1xx_hal_rtc_ex.o(i.HAL_RTCEx_RTCIRQHandler), (60 bytes).
    Removing stm32f1xx_hal_rtc_ex.o(i.HAL_RTCEx_SetSecond_IT), (44 bytes).
    Removing stm32f1xx_hal_rtc_ex.o(i.HAL_RTCEx_SetSmoothCalib), (52 bytes).
    Removing stm32f1xx_hal_rtc_ex.o(i.HAL_RTCEx_SetTamper), (80 bytes).
    Removing stm32f1xx_hal_rtc_ex.o(i.HAL_RTCEx_SetTamper_IT), (92 bytes).
    Removing stm32f1xx_hal_rtc_ex.o(i.HAL_RTCEx_Tamper1EventCallback), (2 bytes).
    Removing stm32f1xx_hal_rtc_ex.o(i.HAL_RTCEx_TamperIRQHandler), (44 bytes).
    Removing stm32f1xx_hal_tim.o(.rev16_text), (4 bytes).
    Removing stm32f1xx_hal_tim.o(.revsh_text), (4 bytes).
    Removing stm32f1xx_hal_tim.o(.rrx_text), (6 bytes).
    Removing stm32f1xx_hal_tim_ex.o(.rev16_text), (4 bytes).
    Removing stm32f1xx_hal_tim_ex.o(.revsh_text), (4 bytes).
    Removing stm32f1xx_hal_tim_ex.o(.rrx_text), (6 bytes).
    Removing stm32f1xx_hal_uart.o(.rev16_text), (4 bytes).
    Removing stm32f1xx_hal_uart.o(.revsh_text), (4 bytes).
    Removing stm32f1xx_hal_uart.o(.rrx_text), (6 bytes).
    Removing stm32f1xx_hal_uart.o(i.HAL_HalfDuplex_EnableReceiver), (50 bytes).
    Removing stm32f1xx_hal_uart.o(i.HAL_HalfDuplex_EnableTransmitter), (50 bytes).
    Removing stm32f1xx_hal_uart.o(i.HAL_HalfDuplex_Init), (108 bytes).
    Removing stm32f1xx_hal_uart.o(i.HAL_LIN_Init), (128 bytes).
    Removing stm32f1xx_hal_uart.o(i.HAL_LIN_SendBreak), (46 bytes).
    Removing stm32f1xx_hal_uart.o(i.HAL_MultiProcessor_EnterMuteMode), (46 bytes).
    Removing stm32f1xx_hal_uart.o(i.HAL_MultiProcessor_ExitMuteMode), (46 bytes).
    Removing stm32f1xx_hal_uart.o(i.HAL_MultiProcessor_Init), (142 bytes).
    Removing stm32f1xx_hal_uart.o(i.HAL_UART_Abort), (138 bytes).
    Removing stm32f1xx_hal_uart.o(i.HAL_UART_AbortCpltCallback), (2 bytes).
    Removing stm32f1xx_hal_uart.o(i.HAL_UART_AbortReceive), (88 bytes).
    Removing stm32f1xx_hal_uart.o(i.HAL_UART_AbortReceiveCpltCallback), (2 bytes).
    Removing stm32f1xx_hal_uart.o(i.HAL_UART_AbortReceive_IT), (92 bytes).
    Removing stm32f1xx_hal_uart.o(i.HAL_UART_AbortTransmit), (78 bytes).
    Removing stm32f1xx_hal_uart.o(i.HAL_UART_AbortTransmitCpltCallback), (2 bytes).
    Removing stm32f1xx_hal_uart.o(i.HAL_UART_AbortTransmit_IT), (84 bytes).
    Removing stm32f1xx_hal_uart.o(i.HAL_UART_Abort_IT), (172 bytes).
    Removing stm32f1xx_hal_uart.o(i.HAL_UART_DMAPause), (102 bytes).
    Removing stm32f1xx_hal_uart.o(i.HAL_UART_DMAResume), (94 bytes).
    Removing stm32f1xx_hal_uart.o(i.HAL_UART_DMAStop), (88 bytes).
    Removing stm32f1xx_hal_uart.o(i.HAL_UART_DeInit), (50 bytes).
    Removing stm32f1xx_hal_uart.o(i.HAL_UART_GetError), (4 bytes).
    Removing stm32f1xx_hal_uart.o(i.HAL_UART_GetState), (10 bytes).
    Removing stm32f1xx_hal_uart.o(i.HAL_UART_MspDeInit), (2 bytes).
    Removing stm32f1xx_hal_uart.o(i.HAL_UART_MspInit), (2 bytes).
    Removing stm32f1xx_hal_uart.o(i.HAL_UART_Receive), (188 bytes).
    Removing stm32f1xx_hal_uart.o(i.HAL_UART_Receive_DMA), (152 bytes).
    Removing stm32f1xx_hal_uart.o(i.HAL_UART_Receive_IT), (82 bytes).
    Removing stm32f1xx_hal_uart.o(i.HAL_UART_RxHalfCpltCallback), (2 bytes).
    Removing stm32f1xx_hal_uart.o(i.HAL_UART_Transmit_DMA), (128 bytes).
    Removing stm32f1xx_hal_uart.o(i.HAL_UART_Transmit_IT), (62 bytes).
    Removing stm32f1xx_hal_uart.o(i.HAL_UART_TxHalfCpltCallback), (2 bytes).
    Removing stm32f1xx_hal_uart.o(i.UART_DMAError), (74 bytes).
    Removing stm32f1xx_hal_uart.o(i.UART_DMAReceiveCplt), (60 bytes).
    Removing stm32f1xx_hal_uart.o(i.UART_DMARxAbortCallback), (42 bytes).
    Removing stm32f1xx_hal_uart.o(i.UART_DMARxHalfCplt), (10 bytes).
    Removing stm32f1xx_hal_uart.o(i.UART_DMARxOnlyAbortCallback), (20 bytes).
    Removing stm32f1xx_hal_uart.o(i.UART_DMATransmitCplt), (46 bytes).
    Removing stm32f1xx_hal_uart.o(i.UART_DMATxAbortCallback), (42 bytes).
    Removing stm32f1xx_hal_uart.o(i.UART_DMATxHalfCplt), (10 bytes).
    Removing stm32f1xx_hal_uart.o(i.UART_DMATxOnlyAbortCallback), (20 bytes).
    Removing stm32f1xx_hal_uart.o(i.UART_EndTxTransfer), (18 bytes).
    Removing system_stm32f1xx.o(.rev16_text), (4 bytes).
    Removing system_stm32f1xx.o(.revsh_text), (4 bytes).
    Removing system_stm32f1xx.o(.rrx_text), (6 bytes).
    Removing system_stm32f1xx.o(i.SystemCoreClockUpdate), (104 bytes).
    Removing mcu_api.o(.rev16_text), (4 bytes).
    Removing mcu_api.o(.revsh_text), (4 bytes).
    Removing mcu_api.o(.rrx_text), (6 bytes).
    Removing mcu_api.o(i.get_voice_state), (10 bytes).
    Removing mcu_api.o(i.hex_to_bcd), (74 bytes).
    Removing mcu_api.o(i.int_to_byte), (16 bytes).
    Removing mcu_api.o(i.mcu_dp_fault_update), (104 bytes).
    Removing mcu_api.o(i.mcu_dp_string_update), (68 bytes).
    Removing mcu_api.o(i.mcu_get_dp_download_enum), (4 bytes).
    Removing mcu_api.o(i.mcu_get_reset_wifi_flag), (12 bytes).
    Removing mcu_api.o(i.mcu_get_wifi_connect_status), (10 bytes).
    Removing mcu_api.o(i.mcu_get_wifimode_flag), (12 bytes).
    Removing mcu_api.o(i.mcu_set_wifi_mode), (32 bytes).
    Removing mcu_api.o(i.mcu_start_BLE_test), (24 bytes).
    Removing mcu_api.o(i.mcu_start_wifitest), (10 bytes).
    Removing mcu_api.o(i.my_memset), (20 bytes).
    Removing mcu_api.o(i.my_strcmp), (26 bytes).
    Removing mcu_api.o(i.my_strcpy), (32 bytes).
    Removing mcu_api.o(i.set_voice_MIC_silence), (24 bytes).
    Removing mcu_api.o(i.uart_receive_buff_input), (26 bytes).
    Removing mcu_api.o(i.voice_awaken_test), (10 bytes).
    Removing mcu_api.o(i.voice_mcu_fun_set), (116 bytes).
    Removing mcu_api.o(i.voice_test), (24 bytes).
    Removing protocol.o(.rev16_text), (4 bytes).
    Removing protocol.o(.revsh_text), (4 bytes).
    Removing protocol.o(.rrx_text), (6 bytes).
    Removing protocol.o(.data), (1 bytes).
    Removing system.o(.rev16_text), (4 bytes).
    Removing system.o(.revsh_text), (4 bytes).
    Removing system.o(.rrx_text), (6 bytes).
    Removing dadd.o(.text), (334 bytes).
    Removing dmul.o(.text), (228 bytes).
    Removing ddiv.o(.text), (222 bytes).
    Removing dfixul.o(.text), (48 bytes).
    Removing cdrcmple.o(.text), (48 bytes).
    Removing depilogue.o(.text), (186 bytes).

356 unused section(s) (total 18920 bytes) removed from the image.

==============================================================================

Image Symbol Table

    Local Symbols

    Symbol Name                              Value     Ov Type        Size  Object(Section)

    ../Drivers/STM32F1xx_HAL_Driver/Src/stm32f1xx_hal.c 0x00000000   Number         0  stm32f1xx_hal.o ABSOLUTE
    ../Drivers/STM32F1xx_HAL_Driver/Src/stm32f1xx_hal_adc.c 0x00000000   Number         0  stm32f1xx_hal_adc.o ABSOLUTE
    ../Drivers/STM32F1xx_HAL_Driver/Src/stm32f1xx_hal_adc_ex.c 0x00000000   Number         0  stm32f1xx_hal_adc_ex.o ABSOLUTE
    ../Drivers/STM32F1xx_HAL_Driver/Src/stm32f1xx_hal_cortex.c 0x00000000   Number         0  stm32f1xx_hal_cortex.o ABSOLUTE
    ../Drivers/STM32F1xx_HAL_Driver/Src/stm32f1xx_hal_dma.c 0x00000000   Number         0  stm32f1xx_hal_dma.o ABSOLUTE
    ../Drivers/STM32F1xx_HAL_Driver/Src/stm32f1xx_hal_exti.c 0x00000000   Number         0  stm32f1xx_hal_exti.o ABSOLUTE
    ../Drivers/STM32F1xx_HAL_Driver/Src/stm32f1xx_hal_flash.c 0x00000000   Number         0  stm32f1xx_hal_flash.o ABSOLUTE
    ../Drivers/STM32F1xx_HAL_Driver/Src/stm32f1xx_hal_flash_ex.c 0x00000000   Number         0  stm32f1xx_hal_flash_ex.o ABSOLUTE
    ../Drivers/STM32F1xx_HAL_Driver/Src/stm32f1xx_hal_gpio.c 0x00000000   Number         0  stm32f1xx_hal_gpio.o ABSOLUTE
    ../Drivers/STM32F1xx_HAL_Driver/Src/stm32f1xx_hal_gpio_ex.c 0x00000000   Number         0  stm32f1xx_hal_gpio_ex.o ABSOLUTE
    ../Drivers/STM32F1xx_HAL_Driver/Src/stm32f1xx_hal_pwr.c 0x00000000   Number         0  stm32f1xx_hal_pwr.o ABSOLUTE
    ../Drivers/STM32F1xx_HAL_Driver/Src/stm32f1xx_hal_rcc.c 0x00000000   Number         0  stm32f1xx_hal_rcc.o ABSOLUTE
    ../Drivers/STM32F1xx_HAL_Driver/Src/stm32f1xx_hal_rcc_ex.c 0x00000000   Number         0  stm32f1xx_hal_rcc_ex.o ABSOLUTE
    ../Drivers/STM32F1xx_HAL_Driver/Src/stm32f1xx_hal_rtc.c 0x00000000   Number         0  stm32f1xx_hal_rtc.o ABSOLUTE
    ../Drivers/STM32F1xx_HAL_Driver/Src/stm32f1xx_hal_rtc_ex.c 0x00000000   Number         0  stm32f1xx_hal_rtc_ex.o ABSOLUTE
    ../Drivers/STM32F1xx_HAL_Driver/Src/stm32f1xx_hal_tim.c 0x00000000   Number         0  stm32f1xx_hal_tim.o ABSOLUTE
    ../Drivers/STM32F1xx_HAL_Driver/Src/stm32f1xx_hal_tim_ex.c 0x00000000   Number         0  stm32f1xx_hal_tim_ex.o ABSOLUTE
    ../Drivers/STM32F1xx_HAL_Driver/Src/stm32f1xx_hal_uart.c 0x00000000   Number         0  stm32f1xx_hal_uart.o ABSOLUTE
    ../Src/adc.c                             0x00000000   Number         0  adc.o ABSOLUTE
    ../Src/gpio.c                            0x00000000   Number         0  gpio.o ABSOLUTE
    ../Src/main.c                            0x00000000   Number         0  main.o ABSOLUTE
    ../Src/rtc.c                             0x00000000   Number         0  rtc.o ABSOLUTE
    ../Src/stm32f1xx_hal_msp.c               0x00000000   Number         0  stm32f1xx_hal_msp.o ABSOLUTE
    ../Src/stm32f1xx_it.c                    0x00000000   Number         0  stm32f1xx_it.o ABSOLUTE
    ../Src/system_stm32f1xx.c                0x00000000   Number         0  system_stm32f1xx.o ABSOLUTE
    ../Src/usart.c                           0x00000000   Number         0  usart.o ABSOLUTE
    ../clib/microlib/division.c              0x00000000   Number         0  uldiv.o ABSOLUTE
    ../clib/microlib/division.c              0x00000000   Number         0  uidiv.o ABSOLUTE
    ../clib/microlib/init/entry.s            0x00000000   Number         0  entry11a.o ABSOLUTE
    ../clib/microlib/init/entry.s            0x00000000   Number         0  entry10b.o ABSOLUTE
    ../clib/microlib/init/entry.s            0x00000000   Number         0  entry10a.o ABSOLUTE
    ../clib/microlib/init/entry.s            0x00000000   Number         0  entry9b.o ABSOLUTE
    ../clib/microlib/init/entry.s            0x00000000   Number         0  entry8a.o ABSOLUTE
    ../clib/microlib/init/entry.s            0x00000000   Number         0  entry7b.o ABSOLUTE
    ../clib/microlib/init/entry.s            0x00000000   Number         0  entry7a.o ABSOLUTE
    ../clib/microlib/init/entry.s            0x00000000   Number         0  entry11b.o ABSOLUTE
    ../clib/microlib/init/entry.s            0x00000000   Number         0  entry5.o ABSOLUTE
    ../clib/microlib/init/entry.s            0x00000000   Number         0  entry.o ABSOLUTE
    ../clib/microlib/init/entry.s            0x00000000   Number         0  entry2.o ABSOLUTE
    ../clib/microlib/init/entry.s            0x00000000   Number         0  entry8b.o ABSOLUTE
    ../clib/microlib/init/entry.s            0x00000000   Number         0  entry9a.o ABSOLUTE
    ../clib/microlib/longlong.c              0x00000000   Number         0  llsshr.o ABSOLUTE
    ../clib/microlib/longlong.c              0x00000000   Number         0  llushr.o ABSOLUTE
    ../clib/microlib/longlong.c              0x00000000   Number         0  llshl.o ABSOLUTE
    ../clib/microlib/printf/printf.c         0x00000000   Number         0  printf0.o ABSOLUTE
    ../clib/microlib/printf/printf.c         0x00000000   Number         0  printf4.o ABSOLUTE
    ../clib/microlib/printf/printf.c         0x00000000   Number         0  printfa.o ABSOLUTE
    ../clib/microlib/printf/printf.c         0x00000000   Number         0  printfb.o ABSOLUTE
    ../clib/microlib/printf/printf.c         0x00000000   Number         0  printf1.o ABSOLUTE
    ../clib/microlib/printf/printf.c         0x00000000   Number         0  printf2.o ABSOLUTE
    ../clib/microlib/printf/printf.c         0x00000000   Number         0  printf3.o ABSOLUTE
    ../clib/microlib/printf/printf.c         0x00000000   Number         0  printf8.o ABSOLUTE
    ../clib/microlib/printf/printf.c         0x00000000   Number         0  printf7.o ABSOLUTE
    ../clib/microlib/printf/printf.c         0x00000000   Number         0  printf6.o ABSOLUTE
    ../clib/microlib/printf/printf.c         0x00000000   Number         0  printf5.o ABSOLUTE
    ../clib/microlib/printf/stubs.s          0x00000000   Number         0  stubs.o ABSOLUTE
    ../clib/microlib/stdio/streams.c         0x00000000   Number         0  stdout.o ABSOLUTE
    ../clib/microlib/string/memcmp.c         0x00000000   Number         0  memcmp.o ABSOLUTE
    ../clib/microlib/string/memset.c         0x00000000   Number         0  memseta.o ABSOLUTE
    ../clib/microlib/string/strstr.c         0x00000000   Number         0  strstr.o ABSOLUTE
    ../clib/microlib/stubs.s                 0x00000000   Number         0  iusefp.o ABSOLUTE
    ../fplib/microlib/fpadd.c                0x00000000   Number         0  dadd.o ABSOLUTE
    ../fplib/microlib/fpdiv.c                0x00000000   Number         0  ddiv.o ABSOLUTE
    ../fplib/microlib/fpepilogue.c           0x00000000   Number         0  depilogue.o ABSOLUTE
    ../fplib/microlib/fpfix.c                0x00000000   Number         0  dfixul.o ABSOLUTE
    ../fplib/microlib/fpmul.c                0x00000000   Number         0  dmul.o ABSOLUTE
    ..\Drivers\STM32F1xx_HAL_Driver\Src\stm32f1xx_hal.c 0x00000000   Number         0  stm32f1xx_hal.o ABSOLUTE
    ..\Drivers\STM32F1xx_HAL_Driver\Src\stm32f1xx_hal_adc.c 0x00000000   Number         0  stm32f1xx_hal_adc.o ABSOLUTE
    ..\Drivers\STM32F1xx_HAL_Driver\Src\stm32f1xx_hal_adc_ex.c 0x00000000   Number         0  stm32f1xx_hal_adc_ex.o ABSOLUTE
    ..\Drivers\STM32F1xx_HAL_Driver\Src\stm32f1xx_hal_cortex.c 0x00000000   Number         0  stm32f1xx_hal_cortex.o ABSOLUTE
    ..\Drivers\STM32F1xx_HAL_Driver\Src\stm32f1xx_hal_dma.c 0x00000000   Number         0  stm32f1xx_hal_dma.o ABSOLUTE
    ..\Drivers\STM32F1xx_HAL_Driver\Src\stm32f1xx_hal_exti.c 0x00000000   Number         0  stm32f1xx_hal_exti.o ABSOLUTE
    ..\Drivers\STM32F1xx_HAL_Driver\Src\stm32f1xx_hal_flash.c 0x00000000   Number         0  stm32f1xx_hal_flash.o ABSOLUTE
    ..\Drivers\STM32F1xx_HAL_Driver\Src\stm32f1xx_hal_flash_ex.c 0x00000000   Number         0  stm32f1xx_hal_flash_ex.o ABSOLUTE
    ..\Drivers\STM32F1xx_HAL_Driver\Src\stm32f1xx_hal_gpio.c 0x00000000   Number         0  stm32f1xx_hal_gpio.o ABSOLUTE
    ..\Drivers\STM32F1xx_HAL_Driver\Src\stm32f1xx_hal_gpio_ex.c 0x00000000   Number         0  stm32f1xx_hal_gpio_ex.o ABSOLUTE
    ..\Drivers\STM32F1xx_HAL_Driver\Src\stm32f1xx_hal_pwr.c 0x00000000   Number         0  stm32f1xx_hal_pwr.o ABSOLUTE
    ..\Drivers\STM32F1xx_HAL_Driver\Src\stm32f1xx_hal_rcc.c 0x00000000   Number         0  stm32f1xx_hal_rcc.o ABSOLUTE
    ..\Drivers\STM32F1xx_HAL_Driver\Src\stm32f1xx_hal_rcc_ex.c 0x00000000   Number         0  stm32f1xx_hal_rcc_ex.o ABSOLUTE
    ..\Drivers\STM32F1xx_HAL_Driver\Src\stm32f1xx_hal_rtc.c 0x00000000   Number         0  stm32f1xx_hal_rtc.o ABSOLUTE
    ..\Drivers\STM32F1xx_HAL_Driver\Src\stm32f1xx_hal_rtc_ex.c 0x00000000   Number         0  stm32f1xx_hal_rtc_ex.o ABSOLUTE
    ..\Drivers\STM32F1xx_HAL_Driver\Src\stm32f1xx_hal_tim.c 0x00000000   Number         0  stm32f1xx_hal_tim.o ABSOLUTE
    ..\Drivers\STM32F1xx_HAL_Driver\Src\stm32f1xx_hal_tim_ex.c 0x00000000   Number         0  stm32f1xx_hal_tim_ex.o ABSOLUTE
    ..\Drivers\STM32F1xx_HAL_Driver\Src\stm32f1xx_hal_uart.c 0x00000000   Number         0  stm32f1xx_hal_uart.o ABSOLUTE
    ..\Src\adc.c                             0x00000000   Number         0  adc.o ABSOLUTE
    ..\Src\gpio.c                            0x00000000   Number         0  gpio.o ABSOLUTE
    ..\Src\main.c                            0x00000000   Number         0  main.o ABSOLUTE
    ..\Src\rtc.c                             0x00000000   Number         0  rtc.o ABSOLUTE
    ..\Src\stm32f1xx_hal_msp.c               0x00000000   Number         0  stm32f1xx_hal_msp.o ABSOLUTE
    ..\Src\stm32f1xx_it.c                    0x00000000   Number         0  stm32f1xx_it.o ABSOLUTE
    ..\Src\system_stm32f1xx.c                0x00000000   Number         0  system_stm32f1xx.o ABSOLUTE
    ..\Src\usart.c                           0x00000000   Number         0  usart.o ABSOLUTE
    ..\\mcu_sdk\\mcu_api.c                   0x00000000   Number         0  mcu_api.o ABSOLUTE
    ..\\mcu_sdk\\protocol.c                  0x00000000   Number         0  protocol.o ABSOLUTE
    ..\\mcu_sdk\\system.c                    0x00000000   Number         0  system.o ABSOLUTE
    ..\mcu_sdk\mcu_api.c                     0x00000000   Number         0  mcu_api.o ABSOLUTE
    ..\mcu_sdk\protocol.c                    0x00000000   Number         0  protocol.o ABSOLUTE
    ..\mcu_sdk\system.c                      0x00000000   Number         0  system.o ABSOLUTE
    cdrcmple.s                               0x00000000   Number         0  cdrcmple.o ABSOLUTE
    dc.s                                     0x00000000   Number         0  dc.o ABSOLUTE
    handlers.s                               0x00000000   Number         0  handlers.o ABSOLUTE
    init.s                                   0x00000000   Number         0  init.o ABSOLUTE
    startup_stm32f103xb.s                    0x00000000   Number         0  startup_stm32f103xb.o ABSOLUTE
    RESET                                    0x08000000   Section      236  startup_stm32f103xb.o(RESET)
    .ARM.Collect$$$$00000000                 0x080000ec   Section        0  entry.o(.ARM.Collect$$$$00000000)
    .ARM.Collect$$$$00000001                 0x080000ec   Section        4  entry2.o(.ARM.Collect$$$$00000001)
    .ARM.Collect$$$$00000004                 0x080000f0   Section        4  entry5.o(.ARM.Collect$$$$00000004)
    .ARM.Collect$$$$00000008                 0x080000f4   Section        0  entry7b.o(.ARM.Collect$$$$00000008)
    .ARM.Collect$$$$0000000A                 0x080000f4   Section        0  entry8b.o(.ARM.Collect$$$$0000000A)
    .ARM.Collect$$$$0000000B                 0x080000f4   Section        8  entry9a.o(.ARM.Collect$$$$0000000B)
    .ARM.Collect$$$$0000000D                 0x080000fc   Section        0  entry10a.o(.ARM.Collect$$$$0000000D)
    .ARM.Collect$$$$0000000F                 0x080000fc   Section        0  entry11a.o(.ARM.Collect$$$$0000000F)
    .ARM.Collect$$$$00002712                 0x080000fc   Section        4  entry2.o(.ARM.Collect$$$$00002712)
    __lit__00000000                          0x080000fc   Data           4  entry2.o(.ARM.Collect$$$$00002712)
    .text                                    0x08000100   Section       36  startup_stm32f103xb.o(.text)
    .text                                    0x08000124   Section        0  memseta.o(.text)
    .text                                    0x08000148   Section        0  strstr.o(.text)
    .text                                    0x0800016c   Section        0  memcmp.o(.text)
    .text                                    0x08000186   Section        0  uidiv.o(.text)
    .text                                    0x080001b4   Section       36  init.o(.text)
    i.ADC_ConversionStop_Disable             0x080001d8   Section        0  stm32f1xx_hal_adc.o(i.ADC_ConversionStop_Disable)
    i.BLE_test_result                        0x08000224   Section        0  protocol.o(i.BLE_test_result)
    i.BusFault_Handler                       0x08000226   Section        0  stm32f1xx_it.o(i.BusFault_Handler)
    i.DebugMon_Handler                       0x08000228   Section        0  stm32f1xx_it.o(i.DebugMon_Handler)
    i.Error_Handler                          0x0800022a   Section        0  main.o(i.Error_Handler)
    i.HAL_ADC_ConfigChannel                  0x08000230   Section        0  stm32f1xx_hal_adc.o(i.HAL_ADC_ConfigChannel)
    i.HAL_ADC_Init                           0x0800032c   Section        0  stm32f1xx_hal_adc.o(i.HAL_ADC_Init)
    i.HAL_ADC_MspInit                        0x08000448   Section        0  adc.o(i.HAL_ADC_MspInit)
    i.HAL_DMA_Abort_IT                       0x080004a0   Section        0  stm32f1xx_hal_dma.o(i.HAL_DMA_Abort_IT)
    i.HAL_Delay                              0x08000538   Section        0  stm32f1xx_hal.o(i.HAL_Delay)
    i.HAL_FLASH_OB_Launch                    0x0800055c   Section        0  stm32f1xx_hal_flash.o(i.HAL_FLASH_OB_Launch)
    i.HAL_GPIO_Init                          0x08000560   Section        0  stm32f1xx_hal_gpio.o(i.HAL_GPIO_Init)
    i.HAL_GPIO_ReadPin                       0x08000740   Section        0  stm32f1xx_hal_gpio.o(i.HAL_GPIO_ReadPin)
    i.HAL_GPIO_TogglePin                     0x0800074a   Section        0  stm32f1xx_hal_gpio.o(i.HAL_GPIO_TogglePin)
    i.HAL_GPIO_WritePin                      0x0800075a   Section        0  stm32f1xx_hal_gpio.o(i.HAL_GPIO_WritePin)
    i.HAL_GetTick                            0x08000764   Section        0  stm32f1xx_hal.o(i.HAL_GetTick)
    i.HAL_IncTick                            0x08000770   Section        0  stm32f1xx_hal.o(i.HAL_IncTick)
    i.HAL_Init                               0x08000780   Section        0  stm32f1xx_hal.o(i.HAL_Init)
    i.HAL_InitTick                           0x080007a4   Section        0  stm32f1xx_hal.o(i.HAL_InitTick)
    i.HAL_MspInit                            0x080007e4   Section        0  stm32f1xx_hal_msp.o(i.HAL_MspInit)
    i.HAL_NVIC_EnableIRQ                     0x08000820   Section        0  stm32f1xx_hal_cortex.o(i.HAL_NVIC_EnableIRQ)
    i.HAL_NVIC_SetPriority                   0x0800083c   Section        0  stm32f1xx_hal_cortex.o(i.HAL_NVIC_SetPriority)
    i.HAL_NVIC_SetPriorityGrouping           0x0800087c   Section        0  stm32f1xx_hal_cortex.o(i.HAL_NVIC_SetPriorityGrouping)
    i.HAL_NVIC_SystemReset                   0x080008a0   Section        0  stm32f1xx_hal_cortex.o(i.HAL_NVIC_SystemReset)
    i.HAL_RCCEx_PeriphCLKConfig              0x080008c4   Section        0  stm32f1xx_hal_rcc_ex.o(i.HAL_RCCEx_PeriphCLKConfig)
    i.HAL_RCC_ClockConfig                    0x080009b0   Section        0  stm32f1xx_hal_rcc.o(i.HAL_RCC_ClockConfig)
    i.HAL_RCC_GetPCLK1Freq                   0x08000adc   Section        0  stm32f1xx_hal_rcc.o(i.HAL_RCC_GetPCLK1Freq)
    i.HAL_RCC_GetPCLK2Freq                   0x08000afc   Section        0  stm32f1xx_hal_rcc.o(i.HAL_RCC_GetPCLK2Freq)
    i.HAL_RCC_GetSysClockFreq                0x08000b1c   Section        0  stm32f1xx_hal_rcc.o(i.HAL_RCC_GetSysClockFreq)
    i.HAL_RCC_OscConfig                      0x08000b88   Section        0  stm32f1xx_hal_rcc.o(i.HAL_RCC_OscConfig)
    i.HAL_SYSTICK_Config                     0x08000ea8   Section        0  stm32f1xx_hal_cortex.o(i.HAL_SYSTICK_Config)
    i.HAL_UART_ErrorCallback                 0x08000ed0   Section        0  stm32f1xx_hal_uart.o(i.HAL_UART_ErrorCallback)
    i.HAL_UART_IRQHandler                    0x08000ed4   Section        0  stm32f1xx_hal_uart.o(i.HAL_UART_IRQHandler)
    i.HAL_UART_Init                          0x08001030   Section        0  stm32f1xx_hal_uart.o(i.HAL_UART_Init)
    i.HAL_UART_MspInit                       0x08001094   Section        0  usart.o(i.HAL_UART_MspInit)
    i.HAL_UART_RxCpltCallback                0x0800116c   Section        0  stm32f1xx_hal_uart.o(i.HAL_UART_RxCpltCallback)
    i.HAL_UART_Transmit                      0x08001170   Section        0  stm32f1xx_hal_uart.o(i.HAL_UART_Transmit)
    i.HAL_UART_TxCpltCallback                0x08001222   Section        0  stm32f1xx_hal_uart.o(i.HAL_UART_TxCpltCallback)
    i.HardFault_Handler                      0x08001224   Section        0  stm32f1xx_it.o(i.HardFault_Handler)
    i.MX_ADC1_Init                           0x08001228   Section        0  adc.o(i.MX_ADC1_Init)
    i.MX_GPIO_Init                           0x08001274   Section        0  gpio.o(i.MX_GPIO_Init)
    i.MX_USART1_UART_Init                    0x08001300   Section        0  usart.o(i.MX_USART1_UART_Init)
    i.MX_USART2_UART_Init                    0x08001338   Section        0  usart.o(i.MX_USART2_UART_Init)
    i.MemManage_Handler                      0x08001370   Section        0  stm32f1xx_it.o(i.MemManage_Handler)
    i.NMI_Handler                            0x08001372   Section        0  stm32f1xx_it.o(i.NMI_Handler)
    i.PendSV_Handler                         0x08001374   Section        0  stm32f1xx_it.o(i.PendSV_Handler)
    i.SVC_Handler                            0x08001376   Section        0  stm32f1xx_it.o(i.SVC_Handler)
    i.SysTick_Handler                        0x08001378   Section        0  stm32f1xx_it.o(i.SysTick_Handler)
    i.SystemClock_Config                     0x0800137c   Section        0  main.o(i.SystemClock_Config)
    i.SystemInit                             0x080013ee   Section        0  system_stm32f1xx.o(i.SystemInit)
    i.UART_DMAAbortOnError                   0x080013f0   Section        0  stm32f1xx_hal_uart.o(i.UART_DMAAbortOnError)
    UART_DMAAbortOnError                     0x080013f1   Thumb Code    16  stm32f1xx_hal_uart.o(i.UART_DMAAbortOnError)
    i.UART_EndRxTransfer                     0x08001400   Section        0  stm32f1xx_hal_uart.o(i.UART_EndRxTransfer)
    UART_EndRxTransfer                       0x08001401   Thumb Code    28  stm32f1xx_hal_uart.o(i.UART_EndRxTransfer)
    i.UART_Receive_IT                        0x0800141c   Section        0  stm32f1xx_hal_uart.o(i.UART_Receive_IT)
    UART_Receive_IT                          0x0800141d   Thumb Code   140  stm32f1xx_hal_uart.o(i.UART_Receive_IT)
    i.UART_SetConfig                         0x080014a8   Section        0  stm32f1xx_hal_uart.o(i.UART_SetConfig)
    UART_SetConfig                           0x080014a9   Thumb Code   178  stm32f1xx_hal_uart.o(i.UART_SetConfig)
    i.UART_WaitOnFlagUntilTimeout            0x08001560   Section        0  stm32f1xx_hal_uart.o(i.UART_WaitOnFlagUntilTimeout)
    UART_WaitOnFlagUntilTimeout              0x08001561   Thumb Code   100  stm32f1xx_hal_uart.o(i.UART_WaitOnFlagUntilTimeout)
    i.USART1_IRQHandler                      0x080015c4   Section        0  stm32f1xx_it.o(i.USART1_IRQHandler)
    i.USART2_IRQHandler                      0x080015f0   Section        0  stm32f1xx_it.o(i.USART2_IRQHandler)
    i.UsageFault_Handler                     0x080015fc   Section        0  stm32f1xx_it.o(i.UsageFault_Handler)
    i.__0printf$6                            0x08001600   Section        0  printf6.o(i.__0printf$6)
    i.__0sprintf$6                           0x08001620   Section        0  printf6.o(i.__0sprintf$6)
    i.__NVIC_SetPriority                     0x08001648   Section        0  stm32f1xx_hal_cortex.o(i.__NVIC_SetPriority)
    __NVIC_SetPriority                       0x08001649   Thumb Code    32  stm32f1xx_hal_cortex.o(i.__NVIC_SetPriority)
    i.__scatterload_copy                     0x08001668   Section       14  handlers.o(i.__scatterload_copy)
    i.__scatterload_null                     0x08001676   Section        2  handlers.o(i.__scatterload_null)
    i.__scatterload_zeroinit                 0x08001678   Section       14  handlers.o(i.__scatterload_zeroinit)
    i._printf_core                           0x08001688   Section        0  printf6.o(i._printf_core)
    _printf_core                             0x08001689   Thumb Code   748  printf6.o(i._printf_core)
    i._printf_post_padding                   0x08001978   Section        0  printf6.o(i._printf_post_padding)
    _printf_post_padding                     0x08001979   Thumb Code    36  printf6.o(i._printf_post_padding)
    i._printf_pre_padding                    0x0800199c   Section        0  printf6.o(i._printf_pre_padding)
    _printf_pre_padding                      0x0800199d   Thumb Code    46  printf6.o(i._printf_pre_padding)
    i._sputc                                 0x080019ca   Section        0  printf6.o(i._sputc)
    _sputc                                   0x080019cb   Thumb Code    10  printf6.o(i._sputc)
    i.all_data_update                        0x080019d4   Section        0  protocol.o(i.all_data_update)
    i.byte_to_int                            0x08001a00   Section        0  mcu_api.o(i.byte_to_int)
    i.data_handle                            0x08001a18   Section        0  system.o(i.data_handle)
    i.dp_download_handle                     0x08001bd8   Section        0  protocol.o(i.dp_download_handle)
    i.fputc                                  0x08001cf4   Section        0  main.o(i.fputc)
    i.get_check_sum                          0x08001d0c   Section        0  system.o(i.get_check_sum)
    i.get_download_cmd_total                 0x08001d2a   Section        0  protocol.o(i.get_download_cmd_total)
    i.get_voice_state_result                 0x08001d2e   Section        0  protocol.o(i.get_voice_state_result)
    i.get_wifi_status                        0x08001d30   Section        0  protocol.o(i.get_wifi_status)
    i.key_xz                                 0x08001d7c   Section        0  main.o(i.key_xz)
    i.main                                   0x08001f20   Section        0  main.o(i.main)
    i.mcu_dp_bool_update                     0x08001f80   Section        0  mcu_api.o(i.mcu_dp_bool_update)
    i.mcu_dp_enum_update                     0x08001fc8   Section        0  mcu_api.o(i.mcu_dp_enum_update)
    i.mcu_dp_raw_update                      0x08002008   Section        0  mcu_api.o(i.mcu_dp_raw_update)
    i.mcu_dp_value_update                    0x0800204c   Section        0  mcu_api.o(i.mcu_dp_value_update)
    i.mcu_get_dp_download_bool               0x080020a0   Section        0  mcu_api.o(i.mcu_get_dp_download_bool)
    i.mcu_get_dp_download_value              0x080020a4   Section        0  mcu_api.o(i.mcu_get_dp_download_value)
    i.mcu_get_green_time                     0x080020a8   Section        0  mcu_api.o(i.mcu_get_green_time)
    i.mcu_get_greentime                      0x080020b4   Section        0  protocol.o(i.mcu_get_greentime)
    i.mcu_get_system_time                    0x080020d0   Section        0  mcu_api.o(i.mcu_get_system_time)
    i.mcu_get_wifi_work_state                0x080020dc   Section        0  mcu_api.o(i.mcu_get_wifi_work_state)
    i.mcu_reset_wifi                         0x080020e8   Section        0  mcu_api.o(i.mcu_reset_wifi)
    i.mcu_write_rtctime                      0x080020fc   Section        0  protocol.o(i.mcu_write_rtctime)
    i.my_memcpy                              0x08002150   Section        0  mcu_api.o(i.my_memcpy)
    i.my_strlen                              0x0800218c   Section        0  mcu_api.o(i.my_strlen)
    i.product_info_update                    0x080021a4   Section        0  system.o(i.product_info_update)
    product_info_update                      0x080021a5   Thumb Code   174  system.o(i.product_info_update)
    i.set_speaker_voice                      0x0800229c   Section        0  mcu_api.o(i.set_speaker_voice)
    i.set_speaker_voice_result               0x080022b4   Section        0  protocol.o(i.set_speaker_voice_result)
    i.set_voice_MIC_silence_result           0x080022b6   Section        0  protocol.o(i.set_voice_MIC_silence_result)
    i.set_wifi_uart_buffer                   0x080022b8   Section        0  system.o(i.set_wifi_uart_buffer)
    i.set_wifi_uart_byte                     0x080022d4   Section        0  system.o(i.set_wifi_uart_byte)
    i.take_byte_rxbuff                       0x080022e4   Section        0  system.o(i.take_byte_rxbuff)
    i.uart_receive_input                     0x0800230c   Section        0  mcu_api.o(i.uart_receive_input)
    i.uart_transmit_output                   0x08002348   Section        0  protocol.o(i.uart_transmit_output)
    i.voice_awaken_test_result               0x08002360   Section        0  protocol.o(i.voice_awaken_test_result)
    i.voice_module_extend_fun                0x08002364   Section        0  protocol.o(i.voice_module_extend_fun)
    i.voice_test_result                      0x0800243c   Section        0  protocol.o(i.voice_test_result)
    i.wifi_protocol_init                     0x08002440   Section        0  mcu_api.o(i.wifi_protocol_init)
    i.wifi_test_result                       0x0800246c   Section        0  protocol.o(i.wifi_test_result)
    i.wifi_uart_service                      0x080024c4   Section        0  mcu_api.o(i.wifi_uart_service)
    i.wifi_uart_write_frame                  0x08002574   Section        0  system.o(i.wifi_uart_write_frame)
    i.with_data_rxbuff                       0x080025b8   Section        0  system.o(i.with_data_rxbuff)
    .constdata                               0x080025d0   Section       16  system_stm32f1xx.o(.constdata)
    .constdata                               0x080025e0   Section        8  system_stm32f1xx.o(.constdata)
    .constdata                               0x080025e8   Section       26  protocol.o(.constdata)
    .data                                    0x20000000   Section        4  main.o(.data)
    .data                                    0x20000004   Section       12  stm32f1xx_hal.o(.data)
    .data                                    0x20000010   Section        4  system_stm32f1xx.o(.data)
    .data                                    0x20000014   Section        2  mcu_api.o(.data)
    rx_in                                    0x20000014   Data           2  mcu_api.o(.data)
    .data                                    0x20000018   Section       12  protocol.o(.data)
    .data                                    0x20000024   Section       12  system.o(.data)
    mcu_reset_state                          0x20000024   Data           1  system.o(.data)
    .data                                    0x20000030   Section        1  system.o(.data)
    .data                                    0x20000034   Section        4  stdout.o(.data)
    .bss                                     0x20000038   Section       48  adc.o(.bss)
    .bss                                     0x20000068   Section      128  usart.o(.bss)
    .bss                                     0x200000e8   Section      109  system.o(.bss)
    STACK                                    0x20000158   Section     1024  startup_stm32f103xb.o(STACK)

    Global Symbols

    Symbol Name                              Value     Ov Type        Size  Object(Section)

    BuildAttributes$$THM_ISAv4$P$D$K$B$S$PE$A:L22UL41UL21$X:L11$S22US41US21$IEEE1$IW$USESV6$~STKCKD$USESV7$~SHL$OSPACE$ROPI$EBA8$MICROLIB$REQ8$PRES8$EABIv2 0x00000000   Number         0  anon$$obj.o ABSOLUTE
    __ARM_use_no_argv                        0x00000000   Number         0  main.o ABSOLUTE
    _printf_a                                0x00000000   Number         0  stubs.o ABSOLUTE
    _printf_c                                0x00000000   Number         0  stubs.o ABSOLUTE
    _printf_charcount                        0x00000000   Number         0  stubs.o ABSOLUTE
    _printf_d                                0x00000000   Number         0  stubs.o ABSOLUTE
    _printf_e                                0x00000000   Number         0  stubs.o ABSOLUTE
    _printf_f                                0x00000000   Number         0  stubs.o ABSOLUTE
    _printf_flags                            0x00000000   Number         0  stubs.o ABSOLUTE
    _printf_fp_dec                           0x00000000   Number         0  stubs.o ABSOLUTE
    _printf_fp_hex                           0x00000000   Number         0  stubs.o ABSOLUTE
    _printf_g                                0x00000000   Number         0  stubs.o ABSOLUTE
    _printf_i                                0x00000000   Number         0  stubs.o ABSOLUTE
    _printf_int_dec                          0x00000000   Number         0  stubs.o ABSOLUTE
    _printf_l                                0x00000000   Number         0  stubs.o ABSOLUTE
    _printf_lc                               0x00000000   Number         0  stubs.o ABSOLUTE
    _printf_ll                               0x00000000   Number         0  stubs.o ABSOLUTE
    _printf_lld                              0x00000000   Number         0  stubs.o ABSOLUTE
    _printf_lli                              0x00000000   Number         0  stubs.o ABSOLUTE
    _printf_llo                              0x00000000   Number         0  stubs.o ABSOLUTE
    _printf_llu                              0x00000000   Number         0  stubs.o ABSOLUTE
    _printf_llx                              0x00000000   Number         0  stubs.o ABSOLUTE
    _printf_longlong_dec                     0x00000000   Number         0  stubs.o ABSOLUTE
    _printf_longlong_hex                     0x00000000   Number         0  stubs.o ABSOLUTE
    _printf_longlong_oct                     0x00000000   Number         0  stubs.o ABSOLUTE
    _printf_ls                               0x00000000   Number         0  stubs.o ABSOLUTE
    _printf_mbtowc                           0x00000000   Number         0  stubs.o ABSOLUTE
    _printf_n                                0x00000000   Number         0  stubs.o ABSOLUTE
    _printf_o                                0x00000000   Number         0  stubs.o ABSOLUTE
    _printf_p                                0x00000000   Number         0  stubs.o ABSOLUTE
    _printf_percent                          0x00000000   Number         0  stubs.o ABSOLUTE
    _printf_pre_padding                      0x00000000   Number         0  stubs.o ABSOLUTE
    _printf_return_value                     0x00000000   Number         0  stubs.o ABSOLUTE
    _printf_s                                0x00000000   Number         0  stubs.o ABSOLUTE
    _printf_sizespec                         0x00000000   Number         0  stubs.o ABSOLUTE
    _printf_str                              0x00000000   Number         0  stubs.o ABSOLUTE
    _printf_truncate_signed                  0x00000000   Number         0  stubs.o ABSOLUTE
    _printf_truncate_unsigned                0x00000000   Number         0  stubs.o ABSOLUTE
    _printf_u                                0x00000000   Number         0  stubs.o ABSOLUTE
    _printf_wc                               0x00000000   Number         0  stubs.o ABSOLUTE
    _printf_wctomb                           0x00000000   Number         0  stubs.o ABSOLUTE
    _printf_widthprec                        0x00000000   Number         0  stubs.o ABSOLUTE
    _printf_x                                0x00000000   Number         0  stubs.o ABSOLUTE
    __cpp_initialize__aeabi_                  - Undefined Weak Reference
    __cxa_finalize                            - Undefined Weak Reference
    __decompress                              - Undefined Weak Reference
    _clock_init                               - Undefined Weak Reference
    _microlib_exit                            - Undefined Weak Reference
    __Vectors_Size                           0x000000ec   Number         0  startup_stm32f103xb.o ABSOLUTE
    __Vectors                                0x08000000   Data           4  startup_stm32f103xb.o(RESET)
    __Vectors_End                            0x080000ec   Data           0  startup_stm32f103xb.o(RESET)
    __main                                   0x080000ed   Thumb Code     0  entry.o(.ARM.Collect$$$$00000000)
    _main_stk                                0x080000ed   Thumb Code     0  entry2.o(.ARM.Collect$$$$00000001)
    _main_scatterload                        0x080000f1   Thumb Code     0  entry5.o(.ARM.Collect$$$$00000004)
    __main_after_scatterload                 0x080000f5   Thumb Code     0  entry5.o(.ARM.Collect$$$$00000004)
    _main_clock                              0x080000f5   Thumb Code     0  entry7b.o(.ARM.Collect$$$$00000008)
    _main_cpp_init                           0x080000f5   Thumb Code     0  entry8b.o(.ARM.Collect$$$$0000000A)
    _main_init                               0x080000f5   Thumb Code     0  entry9a.o(.ARM.Collect$$$$0000000B)
    __rt_final_cpp                           0x080000fd   Thumb Code     0  entry10a.o(.ARM.Collect$$$$0000000D)
    __rt_final_exit                          0x080000fd   Thumb Code     0  entry11a.o(.ARM.Collect$$$$0000000F)
    Reset_Handler                            0x08000101   Thumb Code     8  startup_stm32f103xb.o(.text)
    ADC1_2_IRQHandler                        0x0800011b   Thumb Code     0  startup_stm32f103xb.o(.text)
    CAN1_RX1_IRQHandler                      0x0800011b   Thumb Code     0  startup_stm32f103xb.o(.text)
    CAN1_SCE_IRQHandler                      0x0800011b   Thumb Code     0  startup_stm32f103xb.o(.text)
    DMA1_Channel1_IRQHandler                 0x0800011b   Thumb Code     0  startup_stm32f103xb.o(.text)
    DMA1_Channel2_IRQHandler                 0x0800011b   Thumb Code     0  startup_stm32f103xb.o(.text)
    DMA1_Channel3_IRQHandler                 0x0800011b   Thumb Code     0  startup_stm32f103xb.o(.text)
    DMA1_Channel4_IRQHandler                 0x0800011b   Thumb Code     0  startup_stm32f103xb.o(.text)
    DMA1_Channel5_IRQHandler                 0x0800011b   Thumb Code     0  startup_stm32f103xb.o(.text)
    DMA1_Channel6_IRQHandler                 0x0800011b   Thumb Code     0  startup_stm32f103xb.o(.text)
    DMA1_Channel7_IRQHandler                 0x0800011b   Thumb Code     0  startup_stm32f103xb.o(.text)
    EXTI0_IRQHandler                         0x0800011b   Thumb Code     0  startup_stm32f103xb.o(.text)
    EXTI15_10_IRQHandler                     0x0800011b   Thumb Code     0  startup_stm32f103xb.o(.text)
    EXTI1_IRQHandler                         0x0800011b   Thumb Code     0  startup_stm32f103xb.o(.text)
    EXTI2_IRQHandler                         0x0800011b   Thumb Code     0  startup_stm32f103xb.o(.text)
    EXTI3_IRQHandler                         0x0800011b   Thumb Code     0  startup_stm32f103xb.o(.text)
    EXTI4_IRQHandler                         0x0800011b   Thumb Code     0  startup_stm32f103xb.o(.text)
    EXTI9_5_IRQHandler                       0x0800011b   Thumb Code     0  startup_stm32f103xb.o(.text)
    FLASH_IRQHandler                         0x0800011b   Thumb Code     0  startup_stm32f103xb.o(.text)
    I2C1_ER_IRQHandler                       0x0800011b   Thumb Code     0  startup_stm32f103xb.o(.text)
    I2C1_EV_IRQHandler                       0x0800011b   Thumb Code     0  startup_stm32f103xb.o(.text)
    I2C2_ER_IRQHandler                       0x0800011b   Thumb Code     0  startup_stm32f103xb.o(.text)
    I2C2_EV_IRQHandler                       0x0800011b   Thumb Code     0  startup_stm32f103xb.o(.text)
    PVD_IRQHandler                           0x0800011b   Thumb Code     0  startup_stm32f103xb.o(.text)
    RCC_IRQHandler                           0x0800011b   Thumb Code     0  startup_stm32f103xb.o(.text)
    RTC_Alarm_IRQHandler                     0x0800011b   Thumb Code     0  startup_stm32f103xb.o(.text)
    RTC_IRQHandler                           0x0800011b   Thumb Code     0  startup_stm32f103xb.o(.text)
    SPI1_IRQHandler                          0x0800011b   Thumb Code     0  startup_stm32f103xb.o(.text)
    SPI2_IRQHandler                          0x0800011b   Thumb Code     0  startup_stm32f103xb.o(.text)
    TAMPER_IRQHandler                        0x0800011b   Thumb Code     0  startup_stm32f103xb.o(.text)
    TIM1_BRK_IRQHandler                      0x0800011b   Thumb Code     0  startup_stm32f103xb.o(.text)
    TIM1_CC_IRQHandler                       0x0800011b   Thumb Code     0  startup_stm32f103xb.o(.text)
    TIM1_TRG_COM_IRQHandler                  0x0800011b   Thumb Code     0  startup_stm32f103xb.o(.text)
    TIM1_UP_IRQHandler                       0x0800011b   Thumb Code     0  startup_stm32f103xb.o(.text)
    TIM2_IRQHandler                          0x0800011b   Thumb Code     0  startup_stm32f103xb.o(.text)
    TIM3_IRQHandler                          0x0800011b   Thumb Code     0  startup_stm32f103xb.o(.text)
    TIM4_IRQHandler                          0x0800011b   Thumb Code     0  startup_stm32f103xb.o(.text)
    USART3_IRQHandler                        0x0800011b   Thumb Code     0  startup_stm32f103xb.o(.text)
    USBWakeUp_IRQHandler                     0x0800011b   Thumb Code     0  startup_stm32f103xb.o(.text)
    USB_HP_CAN1_TX_IRQHandler                0x0800011b   Thumb Code     0  startup_stm32f103xb.o(.text)
    USB_LP_CAN1_RX0_IRQHandler               0x0800011b   Thumb Code     0  startup_stm32f103xb.o(.text)
    WWDG_IRQHandler                          0x0800011b   Thumb Code     0  startup_stm32f103xb.o(.text)
    __aeabi_memset                           0x08000125   Thumb Code    14  memseta.o(.text)
    __aeabi_memset4                          0x08000125   Thumb Code     0  memseta.o(.text)
    __aeabi_memset8                          0x08000125   Thumb Code     0  memseta.o(.text)
    __aeabi_memclr                           0x08000133   Thumb Code     4  memseta.o(.text)
    __aeabi_memclr4                          0x08000133   Thumb Code     0  memseta.o(.text)
    __aeabi_memclr8                          0x08000133   Thumb Code     0  memseta.o(.text)
    _memset$wrapper                          0x08000137   Thumb Code    18  memseta.o(.text)
    strstr                                   0x08000149   Thumb Code    36  strstr.o(.text)
    memcmp                                   0x0800016d   Thumb Code    26  memcmp.o(.text)
    __aeabi_uidiv                            0x08000187   Thumb Code     0  uidiv.o(.text)
    __aeabi_uidivmod                         0x08000187   Thumb Code    44  uidiv.o(.text)
    __scatterload                            0x080001b5   Thumb Code    28  init.o(.text)
    __scatterload_rt2                        0x080001b5   Thumb Code     0  init.o(.text)
    ADC_ConversionStop_Disable               0x080001d9   Thumb Code    76  stm32f1xx_hal_adc.o(i.ADC_ConversionStop_Disable)
    BLE_test_result                          0x08000225   Thumb Code     2  protocol.o(i.BLE_test_result)
    BusFault_Handler                         0x08000227   Thumb Code     2  stm32f1xx_it.o(i.BusFault_Handler)
    DebugMon_Handler                         0x08000229   Thumb Code     2  stm32f1xx_it.o(i.DebugMon_Handler)
    Error_Handler                            0x0800022b   Thumb Code     4  main.o(i.Error_Handler)
    HAL_ADC_ConfigChannel                    0x08000231   Thumb Code   240  stm32f1xx_hal_adc.o(i.HAL_ADC_ConfigChannel)
    HAL_ADC_Init                             0x0800032d   Thumb Code   272  stm32f1xx_hal_adc.o(i.HAL_ADC_Init)
    HAL_ADC_MspInit                          0x08000449   Thumb Code    76  adc.o(i.HAL_ADC_MspInit)
    HAL_DMA_Abort_IT                         0x080004a1   Thumb Code   148  stm32f1xx_hal_dma.o(i.HAL_DMA_Abort_IT)
    HAL_Delay                                0x08000539   Thumb Code    32  stm32f1xx_hal.o(i.HAL_Delay)
    HAL_FLASH_OB_Launch                      0x0800055d   Thumb Code     4  stm32f1xx_hal_flash.o(i.HAL_FLASH_OB_Launch)
    HAL_GPIO_Init                            0x08000561   Thumb Code   446  stm32f1xx_hal_gpio.o(i.HAL_GPIO_Init)
    HAL_GPIO_ReadPin                         0x08000741   Thumb Code    10  stm32f1xx_hal_gpio.o(i.HAL_GPIO_ReadPin)
    HAL_GPIO_TogglePin                       0x0800074b   Thumb Code    16  stm32f1xx_hal_gpio.o(i.HAL_GPIO_TogglePin)
    HAL_GPIO_WritePin                        0x0800075b   Thumb Code    10  stm32f1xx_hal_gpio.o(i.HAL_GPIO_WritePin)
    HAL_GetTick                              0x08000765   Thumb Code     6  stm32f1xx_hal.o(i.HAL_GetTick)
    HAL_IncTick                              0x08000771   Thumb Code    12  stm32f1xx_hal.o(i.HAL_IncTick)
    HAL_Init                                 0x08000781   Thumb Code    32  stm32f1xx_hal.o(i.HAL_Init)
    HAL_InitTick                             0x080007a5   Thumb Code    54  stm32f1xx_hal.o(i.HAL_InitTick)
    HAL_MspInit                              0x080007e5   Thumb Code    52  stm32f1xx_hal_msp.o(i.HAL_MspInit)
    HAL_NVIC_EnableIRQ                       0x08000821   Thumb Code    26  stm32f1xx_hal_cortex.o(i.HAL_NVIC_EnableIRQ)
    HAL_NVIC_SetPriority                     0x0800083d   Thumb Code    60  stm32f1xx_hal_cortex.o(i.HAL_NVIC_SetPriority)
    HAL_NVIC_SetPriorityGrouping             0x0800087d   Thumb Code    26  stm32f1xx_hal_cortex.o(i.HAL_NVIC_SetPriorityGrouping)
    HAL_NVIC_SystemReset                     0x080008a1   Thumb Code    26  stm32f1xx_hal_cortex.o(i.HAL_NVIC_SystemReset)
    HAL_RCCEx_PeriphCLKConfig                0x080008c5   Thumb Code   224  stm32f1xx_hal_rcc_ex.o(i.HAL_RCCEx_PeriphCLKConfig)
    HAL_RCC_ClockConfig                      0x080009b1   Thumb Code   280  stm32f1xx_hal_rcc.o(i.HAL_RCC_ClockConfig)
    HAL_RCC_GetPCLK1Freq                     0x08000add   Thumb Code    20  stm32f1xx_hal_rcc.o(i.HAL_RCC_GetPCLK1Freq)
    HAL_RCC_GetPCLK2Freq                     0x08000afd   Thumb Code    20  stm32f1xx_hal_rcc.o(i.HAL_RCC_GetPCLK2Freq)
    HAL_RCC_GetSysClockFreq                  0x08000b1d   Thumb Code    74  stm32f1xx_hal_rcc.o(i.HAL_RCC_GetSysClockFreq)
    HAL_RCC_OscConfig                        0x08000b89   Thumb Code   778  stm32f1xx_hal_rcc.o(i.HAL_RCC_OscConfig)
    HAL_SYSTICK_Config                       0x08000ea9   Thumb Code    40  stm32f1xx_hal_cortex.o(i.HAL_SYSTICK_Config)
    HAL_UART_ErrorCallback                   0x08000ed1   Thumb Code     2  stm32f1xx_hal_uart.o(i.HAL_UART_ErrorCallback)
    HAL_UART_IRQHandler                      0x08000ed5   Thumb Code   344  stm32f1xx_hal_uart.o(i.HAL_UART_IRQHandler)
    HAL_UART_Init                            0x08001031   Thumb Code    98  stm32f1xx_hal_uart.o(i.HAL_UART_Init)
    HAL_UART_MspInit                         0x08001095   Thumb Code   198  usart.o(i.HAL_UART_MspInit)
    HAL_UART_RxCpltCallback                  0x0800116d   Thumb Code     2  stm32f1xx_hal_uart.o(i.HAL_UART_RxCpltCallback)
    HAL_UART_Transmit                        0x08001171   Thumb Code   178  stm32f1xx_hal_uart.o(i.HAL_UART_Transmit)
    HAL_UART_TxCpltCallback                  0x08001223   Thumb Code     2  stm32f1xx_hal_uart.o(i.HAL_UART_TxCpltCallback)
    HardFault_Handler                        0x08001225   Thumb Code     2  stm32f1xx_it.o(i.HardFault_Handler)
    MX_ADC1_Init                             0x08001229   Thumb Code    68  adc.o(i.MX_ADC1_Init)
    MX_GPIO_Init                             0x08001275   Thumb Code   128  gpio.o(i.MX_GPIO_Init)
    MX_USART1_UART_Init                      0x08001301   Thumb Code    48  usart.o(i.MX_USART1_UART_Init)
    MX_USART2_UART_Init                      0x08001339   Thumb Code    48  usart.o(i.MX_USART2_UART_Init)
    MemManage_Handler                        0x08001371   Thumb Code     2  stm32f1xx_it.o(i.MemManage_Handler)
    NMI_Handler                              0x08001373   Thumb Code     2  stm32f1xx_it.o(i.NMI_Handler)
    PendSV_Handler                           0x08001375   Thumb Code     2  stm32f1xx_it.o(i.PendSV_Handler)
    SVC_Handler                              0x08001377   Thumb Code     2  stm32f1xx_it.o(i.SVC_Handler)
    SysTick_Handler                          0x08001379   Thumb Code     4  stm32f1xx_it.o(i.SysTick_Handler)
    SystemClock_Config                       0x0800137d   Thumb Code   114  main.o(i.SystemClock_Config)
    SystemInit                               0x080013ef   Thumb Code     2  system_stm32f1xx.o(i.SystemInit)
    USART1_IRQHandler                        0x080015c5   Thumb Code    34  stm32f1xx_it.o(i.USART1_IRQHandler)
    USART2_IRQHandler                        0x080015f1   Thumb Code     6  stm32f1xx_it.o(i.USART2_IRQHandler)
    UsageFault_Handler                       0x080015fd   Thumb Code     2  stm32f1xx_it.o(i.UsageFault_Handler)
    __0printf$6                              0x08001601   Thumb Code    22  printf6.o(i.__0printf$6)
    __1printf$6                              0x08001601   Thumb Code     0  printf6.o(i.__0printf$6)
    __2printf                                0x08001601   Thumb Code     0  printf6.o(i.__0printf$6)
    __0sprintf$6                             0x08001621   Thumb Code    34  printf6.o(i.__0sprintf$6)
    __1sprintf$6                             0x08001621   Thumb Code     0  printf6.o(i.__0sprintf$6)
    __2sprintf                               0x08001621   Thumb Code     0  printf6.o(i.__0sprintf$6)
    __scatterload_copy                       0x08001669   Thumb Code    14  handlers.o(i.__scatterload_copy)
    __scatterload_null                       0x08001677   Thumb Code     2  handlers.o(i.__scatterload_null)
    __scatterload_zeroinit                   0x08001679   Thumb Code    14  handlers.o(i.__scatterload_zeroinit)
    all_data_update                          0x080019d5   Thumb Code    40  protocol.o(i.all_data_update)
    byte_to_int                              0x08001a01   Thumb Code    22  mcu_api.o(i.byte_to_int)
    data_handle                              0x08001a19   Thumb Code   434  system.o(i.data_handle)
    dp_download_handle                       0x08001bd9   Thumb Code   278  protocol.o(i.dp_download_handle)
    fputc                                    0x08001cf5   Thumb Code    20  main.o(i.fputc)
    get_check_sum                            0x08001d0d   Thumb Code    30  system.o(i.get_check_sum)
    get_download_cmd_total                   0x08001d2b   Thumb Code     4  protocol.o(i.get_download_cmd_total)
    get_voice_state_result                   0x08001d2f   Thumb Code     2  protocol.o(i.get_voice_state_result)
    get_wifi_status                          0x08001d31   Thumb Code    70  protocol.o(i.get_wifi_status)
    key_xz                                   0x08001d7d   Thumb Code   360  main.o(i.key_xz)
    main                                     0x08001f21   Thumb Code    78  main.o(i.main)
    mcu_dp_bool_update                       0x08001f81   Thumb Code    66  mcu_api.o(i.mcu_dp_bool_update)
    mcu_dp_enum_update                       0x08001fc9   Thumb Code    58  mcu_api.o(i.mcu_dp_enum_update)
    mcu_dp_raw_update                        0x08002009   Thumb Code    62  mcu_api.o(i.mcu_dp_raw_update)
    mcu_dp_value_update                      0x0800204d   Thumb Code    80  mcu_api.o(i.mcu_dp_value_update)
    mcu_get_dp_download_bool                 0x080020a1   Thumb Code     4  mcu_api.o(i.mcu_get_dp_download_bool)
    mcu_get_dp_download_value                0x080020a5   Thumb Code     4  mcu_api.o(i.mcu_get_dp_download_value)
    mcu_get_green_time                       0x080020a9   Thumb Code    10  mcu_api.o(i.mcu_get_green_time)
    mcu_get_greentime                        0x080020b5   Thumb Code    14  protocol.o(i.mcu_get_greentime)
    mcu_get_system_time                      0x080020d1   Thumb Code    10  mcu_api.o(i.mcu_get_system_time)
    mcu_get_wifi_work_state                  0x080020dd   Thumb Code     6  mcu_api.o(i.mcu_get_wifi_work_state)
    mcu_reset_wifi                           0x080020e9   Thumb Code    16  mcu_api.o(i.mcu_reset_wifi)
    mcu_write_rtctime                        0x080020fd   Thumb Code    34  protocol.o(i.mcu_write_rtctime)
    my_memcpy                                0x08002151   Thumb Code    60  mcu_api.o(i.my_memcpy)
    my_strlen                                0x0800218d   Thumb Code    22  mcu_api.o(i.my_strlen)
    set_speaker_voice                        0x0800229d   Thumb Code    24  mcu_api.o(i.set_speaker_voice)
    set_speaker_voice_result                 0x080022b5   Thumb Code     2  protocol.o(i.set_speaker_voice_result)
    set_voice_MIC_silence_result             0x080022b7   Thumb Code     2  protocol.o(i.set_voice_MIC_silence_result)
    set_wifi_uart_buffer                     0x080022b9   Thumb Code    22  system.o(i.set_wifi_uart_buffer)
    set_wifi_uart_byte                       0x080022d5   Thumb Code    12  system.o(i.set_wifi_uart_byte)
    take_byte_rxbuff                         0x080022e5   Thumb Code    30  system.o(i.take_byte_rxbuff)
    uart_receive_input                       0x0800230d   Thumb Code    46  mcu_api.o(i.uart_receive_input)
    uart_transmit_output                     0x08002349   Thumb Code    18  protocol.o(i.uart_transmit_output)
    voice_awaken_test_result                 0x08002361   Thumb Code     2  protocol.o(i.voice_awaken_test_result)
    voice_module_extend_fun                  0x08002365   Thumb Code   182  protocol.o(i.voice_module_extend_fun)
    voice_test_result                        0x0800243d   Thumb Code     2  protocol.o(i.voice_test_result)
    wifi_protocol_init                       0x08002441   Thumb Code    24  mcu_api.o(i.wifi_protocol_init)
    wifi_test_result                         0x0800246d   Thumb Code    38  protocol.o(i.wifi_test_result)
    wifi_uart_service                        0x080024c5   Thumb Code   166  mcu_api.o(i.wifi_uart_service)
    wifi_uart_write_frame                    0x08002575   Thumb Code    64  system.o(i.wifi_uart_write_frame)
    with_data_rxbuff                         0x080025b9   Thumb Code    18  system.o(i.with_data_rxbuff)
    AHBPrescTable                            0x080025d0   Data          16  system_stm32f1xx.o(.constdata)
    APBPrescTable                            0x080025e0   Data           8  system_stm32f1xx.o(.constdata)
    download_cmd                             0x080025e8   Data          26  protocol.o(.constdata)
    Region$$Table$$Base                      0x08002604   Number         0  anon$$obj.o(Region$$Table)
    Region$$Table$$Limit                     0x08002624   Number         0  anon$$obj.o(Region$$Table)
    YY_YL                                    0x20000000   Data           4  main.o(.data)
    uwTickFreq                               0x20000004   Data           1  stm32f1xx_hal.o(.data)
    uwTickPrio                               0x20000008   Data           4  stm32f1xx_hal.o(.data)
    uwTick                                   0x2000000c   Data           4  stm32f1xx_hal.o(.data)
    SystemCoreClock                          0x20000010   Data           4  system_stm32f1xx.o(.data)
    Flag_ZD_KG                               0x20000018   Data           1  protocol.o(.data)
    Flag_YL_LT                               0x2000001c   Data           4  protocol.o(.data)
    Flag_YL_SW                               0x20000020   Data           4  protocol.o(.data)
    reset_wifi_flag                          0x20000025   Data           1  system.o(.data)
    set_wifimode_flag                        0x20000026   Data           1  system.o(.data)
    wifi_work_state                          0x20000027   Data           1  system.o(.data)
    rx_buf_in                                0x20000028   Data           4  system.o(.data)
    rx_buf_out                               0x2000002c   Data           4  system.o(.data)
    stop_update_flag                         0x20000030   Data           1  system.o(.data)
    __stdout                                 0x20000034   Data           4  stdout.o(.data)
    hadc1                                    0x20000038   Data          48  adc.o(.bss)
    huart1                                   0x20000068   Data          64  usart.o(.bss)
    huart2                                   0x200000a8   Data          64  usart.o(.bss)
    wifi_data_process_buf                    0x200000e8   Data          31  system.o(.bss)
    wifi_uart_rx_buf                         0x20000107   Data          23  system.o(.bss)
    wifi_uart_tx_buf                         0x2000011e   Data          55  system.o(.bss)
    __initial_sp                             0x20000558   Data           0  startup_stm32f103xb.o(STACK)



==============================================================================

Memory Map of the image

  Image Entry point : 0x080000ed

  Load Region LR_IROM1 (Base: 0x08000000, Size: 0x0000265c, Max: 0x00010000, ABSOLUTE)

    Execution Region ER_IROM1 (Exec base: 0x08000000, Load base: 0x08000000, Size: 0x00002624, Max: 0x00010000, ABSOLUTE)

    Exec Addr    Load Addr    Size         Type   Attr      Idx    E Section Name        Object

    0x08000000   0x08000000   0x000000ec   Data   RO            3    RESET               startup_stm32f103xb.o
    0x080000ec   0x080000ec   0x00000000   Code   RO         2854  * .ARM.Collect$$$$00000000  mc_w.l(entry.o)
    0x080000ec   0x080000ec   0x00000004   Code   RO         3126    .ARM.Collect$$$$00000001  mc_w.l(entry2.o)
    0x080000f0   0x080000f0   0x00000004   Code   RO         3129    .ARM.Collect$$$$00000004  mc_w.l(entry5.o)
    0x080000f4   0x080000f4   0x00000000   Code   RO         3131    .ARM.Collect$$$$00000008  mc_w.l(entry7b.o)
    0x080000f4   0x080000f4   0x00000000   Code   RO         3133    .ARM.Collect$$$$0000000A  mc_w.l(entry8b.o)
    0x080000f4   0x080000f4   0x00000008   Code   RO         3134    .ARM.Collect$$$$0000000B  mc_w.l(entry9a.o)
    0x080000fc   0x080000fc   0x00000000   Code   RO         3136    .ARM.Collect$$$$0000000D  mc_w.l(entry10a.o)
    0x080000fc   0x080000fc   0x00000000   Code   RO         3138    .ARM.Collect$$$$0000000F  mc_w.l(entry11a.o)
    0x080000fc   0x080000fc   0x00000004   Code   RO         3127    .ARM.Collect$$$$00002712  mc_w.l(entry2.o)
    0x08000100   0x08000100   0x00000024   Code   RO            4    .text               startup_stm32f103xb.o
    0x08000124   0x08000124   0x00000024   Code   RO         2859    .text               mc_w.l(memseta.o)
    0x08000148   0x08000148   0x00000024   Code   RO         2861    .text               mc_w.l(strstr.o)
    0x0800016c   0x0800016c   0x0000001a   Code   RO         2863    .text               mc_w.l(memcmp.o)
    0x08000186   0x08000186   0x0000002c   Code   RO         3141    .text               mc_w.l(uidiv.o)
    0x080001b2   0x080001b2   0x00000002   PAD
    0x080001b4   0x080001b4   0x00000024   Code   RO         3156    .text               mc_w.l(init.o)
    0x080001d8   0x080001d8   0x0000004c   Code   RO          492    i.ADC_ConversionStop_Disable  stm32f1xx_hal_adc.o
    0x08000224   0x08000224   0x00000002   Code   RO         2670    i.BLE_test_result   protocol.o
    0x08000226   0x08000226   0x00000002   Code   RO          345    i.BusFault_Handler  stm32f1xx_it.o
    0x08000228   0x08000228   0x00000002   Code   RO          346    i.DebugMon_Handler  stm32f1xx_it.o
    0x0800022a   0x0800022a   0x00000004   Code   RO           13    i.Error_Handler     main.o
    0x0800022e   0x0800022e   0x00000002   PAD
    0x08000230   0x08000230   0x000000fc   Code   RO          498    i.HAL_ADC_ConfigChannel  stm32f1xx_hal_adc.o
    0x0800032c   0x0800032c   0x0000011c   Code   RO          507    i.HAL_ADC_Init      stm32f1xx_hal_adc.o
    0x08000448   0x08000448   0x00000058   Code   RO          213    i.HAL_ADC_MspInit   adc.o
    0x080004a0   0x080004a0   0x00000098   Code   RO         1148    i.HAL_DMA_Abort_IT  stm32f1xx_hal_dma.o
    0x08000538   0x08000538   0x00000024   Code   RO          775    i.HAL_Delay         stm32f1xx_hal.o
    0x0800055c   0x0800055c   0x00000004   Code   RO         1490    i.HAL_FLASH_OB_Launch  stm32f1xx_hal_flash.o
    0x08000560   0x08000560   0x000001e0   Code   RO         1083    i.HAL_GPIO_Init     stm32f1xx_hal_gpio.o
    0x08000740   0x08000740   0x0000000a   Code   RO         1085    i.HAL_GPIO_ReadPin  stm32f1xx_hal_gpio.o
    0x0800074a   0x0800074a   0x00000010   Code   RO         1086    i.HAL_GPIO_TogglePin  stm32f1xx_hal_gpio.o
    0x0800075a   0x0800075a   0x0000000a   Code   RO         1087    i.HAL_GPIO_WritePin  stm32f1xx_hal_gpio.o
    0x08000764   0x08000764   0x0000000c   Code   RO          779    i.HAL_GetTick       stm32f1xx_hal.o
    0x08000770   0x08000770   0x00000010   Code   RO          785    i.HAL_IncTick       stm32f1xx_hal.o
    0x08000780   0x08000780   0x00000024   Code   RO          786    i.HAL_Init          stm32f1xx_hal.o
    0x080007a4   0x080007a4   0x00000040   Code   RO          787    i.HAL_InitTick      stm32f1xx_hal.o
    0x080007e4   0x080007e4   0x0000003c   Code   RO          432    i.HAL_MspInit       stm32f1xx_hal_msp.o
    0x08000820   0x08000820   0x0000001a   Code   RO         1243    i.HAL_NVIC_EnableIRQ  stm32f1xx_hal_cortex.o
    0x0800083a   0x0800083a   0x00000002   PAD
    0x0800083c   0x0800083c   0x00000040   Code   RO         1249    i.HAL_NVIC_SetPriority  stm32f1xx_hal_cortex.o
    0x0800087c   0x0800087c   0x00000024   Code   RO         1250    i.HAL_NVIC_SetPriorityGrouping  stm32f1xx_hal_cortex.o
    0x080008a0   0x080008a0   0x00000024   Code   RO         1251    i.HAL_NVIC_SystemReset  stm32f1xx_hal_cortex.o
    0x080008c4   0x080008c4   0x000000ec   Code   RO         1046    i.HAL_RCCEx_PeriphCLKConfig  stm32f1xx_hal_rcc_ex.o
    0x080009b0   0x080009b0   0x0000012c   Code   RO          943    i.HAL_RCC_ClockConfig  stm32f1xx_hal_rcc.o
    0x08000adc   0x08000adc   0x00000020   Code   RO          950    i.HAL_RCC_GetPCLK1Freq  stm32f1xx_hal_rcc.o
    0x08000afc   0x08000afc   0x00000020   Code   RO          951    i.HAL_RCC_GetPCLK2Freq  stm32f1xx_hal_rcc.o
    0x08000b1c   0x08000b1c   0x0000006c   Code   RO          952    i.HAL_RCC_GetSysClockFreq  stm32f1xx_hal_rcc.o
    0x08000b88   0x08000b88   0x00000320   Code   RO          955    i.HAL_RCC_OscConfig  stm32f1xx_hal_rcc.o
    0x08000ea8   0x08000ea8   0x00000028   Code   RO         1254    i.HAL_SYSTICK_Config  stm32f1xx_hal_cortex.o
    0x08000ed0   0x08000ed0   0x00000002   Code   RO         2072    i.HAL_UART_ErrorCallback  stm32f1xx_hal_uart.o
    0x08000ed2   0x08000ed2   0x00000002   PAD
    0x08000ed4   0x08000ed4   0x0000015c   Code   RO         2075    i.HAL_UART_IRQHandler  stm32f1xx_hal_uart.o
    0x08001030   0x08001030   0x00000062   Code   RO         2076    i.HAL_UART_Init     stm32f1xx_hal_uart.o
    0x08001092   0x08001092   0x00000002   PAD
    0x08001094   0x08001094   0x000000d8   Code   RO          298    i.HAL_UART_MspInit  usart.o
    0x0800116c   0x0800116c   0x00000002   Code   RO         2082    i.HAL_UART_RxCpltCallback  stm32f1xx_hal_uart.o
    0x0800116e   0x0800116e   0x00000002   PAD
    0x08001170   0x08001170   0x000000b2   Code   RO         2084    i.HAL_UART_Transmit  stm32f1xx_hal_uart.o
    0x08001222   0x08001222   0x00000002   Code   RO         2087    i.HAL_UART_TxCpltCallback  stm32f1xx_hal_uart.o
    0x08001224   0x08001224   0x00000002   Code   RO          347    i.HardFault_Handler  stm32f1xx_it.o
    0x08001226   0x08001226   0x00000002   PAD
    0x08001228   0x08001228   0x0000004c   Code   RO          214    i.MX_ADC1_Init      adc.o
    0x08001274   0x08001274   0x0000008c   Code   RO          188    i.MX_GPIO_Init      gpio.o
    0x08001300   0x08001300   0x00000038   Code   RO          299    i.MX_USART1_UART_Init  usart.o
    0x08001338   0x08001338   0x00000038   Code   RO          300    i.MX_USART2_UART_Init  usart.o
    0x08001370   0x08001370   0x00000002   Code   RO          348    i.MemManage_Handler  stm32f1xx_it.o
    0x08001372   0x08001372   0x00000002   Code   RO          349    i.NMI_Handler       stm32f1xx_it.o
    0x08001374   0x08001374   0x00000002   Code   RO          350    i.PendSV_Handler    stm32f1xx_it.o
    0x08001376   0x08001376   0x00000002   Code   RO          351    i.SVC_Handler       stm32f1xx_it.o
    0x08001378   0x08001378   0x00000004   Code   RO          352    i.SysTick_Handler   stm32f1xx_it.o
    0x0800137c   0x0800137c   0x00000072   Code   RO           14    i.SystemClock_Config  main.o
    0x080013ee   0x080013ee   0x00000002   Code   RO         2373    i.SystemInit        system_stm32f1xx.o
    0x080013f0   0x080013f0   0x00000010   Code   RO         2089    i.UART_DMAAbortOnError  stm32f1xx_hal_uart.o
    0x08001400   0x08001400   0x0000001c   Code   RO         2099    i.UART_EndRxTransfer  stm32f1xx_hal_uart.o
    0x0800141c   0x0800141c   0x0000008c   Code   RO         2101    i.UART_Receive_IT   stm32f1xx_hal_uart.o
    0x080014a8   0x080014a8   0x000000b8   Code   RO         2102    i.UART_SetConfig    stm32f1xx_hal_uart.o
    0x08001560   0x08001560   0x00000064   Code   RO         2103    i.UART_WaitOnFlagUntilTimeout  stm32f1xx_hal_uart.o
    0x080015c4   0x080015c4   0x0000002c   Code   RO          353    i.USART1_IRQHandler  stm32f1xx_it.o
    0x080015f0   0x080015f0   0x0000000c   Code   RO          354    i.USART2_IRQHandler  stm32f1xx_it.o
    0x080015fc   0x080015fc   0x00000002   Code   RO          355    i.UsageFault_Handler  stm32f1xx_it.o
    0x080015fe   0x080015fe   0x00000002   PAD
    0x08001600   0x08001600   0x00000020   Code   RO         3020    i.__0printf$6       mc_w.l(printf6.o)
    0x08001620   0x08001620   0x00000028   Code   RO         3022    i.__0sprintf$6      mc_w.l(printf6.o)
    0x08001648   0x08001648   0x00000020   Code   RO         1256    i.__NVIC_SetPriority  stm32f1xx_hal_cortex.o
    0x08001668   0x08001668   0x0000000e   Code   RO         3166    i.__scatterload_copy  mc_w.l(handlers.o)
    0x08001676   0x08001676   0x00000002   Code   RO         3167    i.__scatterload_null  mc_w.l(handlers.o)
    0x08001678   0x08001678   0x0000000e   Code   RO         3168    i.__scatterload_zeroinit  mc_w.l(handlers.o)
    0x08001686   0x08001686   0x00000002   PAD
    0x08001688   0x08001688   0x000002f0   Code   RO         3027    i._printf_core      mc_w.l(printf6.o)
    0x08001978   0x08001978   0x00000024   Code   RO         3028    i._printf_post_padding  mc_w.l(printf6.o)
    0x0800199c   0x0800199c   0x0000002e   Code   RO         3029    i._printf_pre_padding  mc_w.l(printf6.o)
    0x080019ca   0x080019ca   0x0000000a   Code   RO         3031    i._sputc            mc_w.l(printf6.o)
    0x080019d4   0x080019d4   0x0000002c   Code   RO         2671    i.all_data_update   protocol.o
    0x08001a00   0x08001a00   0x00000016   Code   RO         2410    i.byte_to_int       mcu_api.o
    0x08001a16   0x08001a16   0x00000002   PAD
    0x08001a18   0x08001a18   0x000001c0   Code   RO         2786    i.data_handle       system.o
    0x08001bd8   0x08001bd8   0x0000011c   Code   RO         2672    i.dp_download_handle  protocol.o
    0x08001cf4   0x08001cf4   0x00000018   Code   RO           15    i.fputc             main.o
    0x08001d0c   0x08001d0c   0x0000001e   Code   RO         2787    i.get_check_sum     system.o
    0x08001d2a   0x08001d2a   0x00000004   Code   RO         2673    i.get_download_cmd_total  protocol.o
    0x08001d2e   0x08001d2e   0x00000002   Code   RO         2674    i.get_voice_state_result  protocol.o
    0x08001d30   0x08001d30   0x0000004c   Code   RO         2675    i.get_wifi_status   protocol.o
    0x08001d7c   0x08001d7c   0x000001a4   Code   RO           16    i.key_xz            main.o
    0x08001f20   0x08001f20   0x00000060   Code   RO           17    i.main              main.o
    0x08001f80   0x08001f80   0x00000048   Code   RO         2414    i.mcu_dp_bool_update  mcu_api.o
    0x08001fc8   0x08001fc8   0x00000040   Code   RO         2415    i.mcu_dp_enum_update  mcu_api.o
    0x08002008   0x08002008   0x00000044   Code   RO         2417    i.mcu_dp_raw_update  mcu_api.o
    0x0800204c   0x0800204c   0x00000054   Code   RO         2419    i.mcu_dp_value_update  mcu_api.o
    0x080020a0   0x080020a0   0x00000004   Code   RO         2420    i.mcu_get_dp_download_bool  mcu_api.o
    0x080020a4   0x080020a4   0x00000004   Code   RO         2422    i.mcu_get_dp_download_value  mcu_api.o
    0x080020a8   0x080020a8   0x0000000a   Code   RO         2423    i.mcu_get_green_time  mcu_api.o
    0x080020b2   0x080020b2   0x00000002   PAD
    0x080020b4   0x080020b4   0x0000001c   Code   RO         2676    i.mcu_get_greentime  protocol.o
    0x080020d0   0x080020d0   0x0000000a   Code   RO         2425    i.mcu_get_system_time  mcu_api.o
    0x080020da   0x080020da   0x00000002   PAD
    0x080020dc   0x080020dc   0x0000000c   Code   RO         2427    i.mcu_get_wifi_work_state  mcu_api.o
    0x080020e8   0x080020e8   0x00000014   Code   RO         2429    i.mcu_reset_wifi    mcu_api.o
    0x080020fc   0x080020fc   0x00000054   Code   RO         2677    i.mcu_write_rtctime  protocol.o
    0x08002150   0x08002150   0x0000003c   Code   RO         2433    i.my_memcpy         mcu_api.o
    0x0800218c   0x0800218c   0x00000016   Code   RO         2437    i.my_strlen         mcu_api.o
    0x080021a2   0x080021a2   0x00000002   PAD
    0x080021a4   0x080021a4   0x000000f8   Code   RO         2788    i.product_info_update  system.o
    0x0800229c   0x0800229c   0x00000018   Code   RO         2438    i.set_speaker_voice  mcu_api.o
    0x080022b4   0x080022b4   0x00000002   Code   RO         2678    i.set_speaker_voice_result  protocol.o
    0x080022b6   0x080022b6   0x00000002   Code   RO         2679    i.set_voice_MIC_silence_result  protocol.o
    0x080022b8   0x080022b8   0x0000001c   Code   RO         2789    i.set_wifi_uart_buffer  system.o
    0x080022d4   0x080022d4   0x00000010   Code   RO         2790    i.set_wifi_uart_byte  system.o
    0x080022e4   0x080022e4   0x00000028   Code   RO         2791    i.take_byte_rxbuff  system.o
    0x0800230c   0x0800230c   0x0000003c   Code   RO         2441    i.uart_receive_input  mcu_api.o
    0x08002348   0x08002348   0x00000018   Code   RO         2680    i.uart_transmit_output  protocol.o
    0x08002360   0x08002360   0x00000002   Code   RO         2681    i.voice_awaken_test_result  protocol.o
    0x08002362   0x08002362   0x00000002   PAD
    0x08002364   0x08002364   0x000000d8   Code   RO         2682    i.voice_module_extend_fun  protocol.o
    0x0800243c   0x0800243c   0x00000002   Code   RO         2683    i.voice_test_result  protocol.o
    0x0800243e   0x0800243e   0x00000002   PAD
    0x08002440   0x08002440   0x0000002c   Code   RO         2445    i.wifi_protocol_init  mcu_api.o
    0x0800246c   0x0800246c   0x00000058   Code   RO         2684    i.wifi_test_result  protocol.o
    0x080024c4   0x080024c4   0x000000b0   Code   RO         2446    i.wifi_uart_service  mcu_api.o
    0x08002574   0x08002574   0x00000044   Code   RO         2792    i.wifi_uart_write_frame  system.o
    0x080025b8   0x080025b8   0x00000018   Code   RO         2793    i.with_data_rxbuff  system.o
    0x080025d0   0x080025d0   0x00000010   Data   RO         2374    .constdata          system_stm32f1xx.o
    0x080025e0   0x080025e0   0x00000008   Data   RO         2375    .constdata          system_stm32f1xx.o
    0x080025e8   0x080025e8   0x0000001a   Data   RO         2685    .constdata          protocol.o
    0x08002602   0x08002602   0x00000002   PAD
    0x08002604   0x08002604   0x00000020   Data   RO         3164    Region$$Table       anon$$obj.o


    Execution Region RW_IRAM1 (Exec base: 0x20000000, Load base: 0x08002624, Size: 0x00000558, Max: 0x00005000, ABSOLUTE)

    Exec Addr    Load Addr    Size         Type   Attr      Idx    E Section Name        Object

    0x20000000   0x08002624   0x00000004   Data   RW           18    .data               main.o
    0x20000004   0x08002628   0x0000000c   Data   RW          793    .data               stm32f1xx_hal.o
    0x20000010   0x08002634   0x00000004   Data   RW         2376    .data               system_stm32f1xx.o
    0x20000014   0x08002638   0x00000002   Data   RW         2447    .data               mcu_api.o
    0x20000016   0x0800263a   0x00000002   PAD
    0x20000018   0x0800263c   0x0000000c   Data   RW         2686    .data               protocol.o
    0x20000024   0x08002648   0x0000000c   Data   RW         2795    .data               system.o
    0x20000030   0x08002654   0x00000001   Data   RW         2796    .data               system.o
    0x20000031   0x08002655   0x00000003   PAD
    0x20000034   0x08002658   0x00000004   Data   RW         3140    .data               mc_w.l(stdout.o)
    0x20000038        -       0x00000030   Zero   RW          215    .bss                adc.o
    0x20000068        -       0x00000080   Zero   RW          301    .bss                usart.o
    0x200000e8        -       0x0000006d   Zero   RW         2794    .bss                system.o
    0x20000155   0x0800265c   0x00000003   PAD
    0x20000158        -       0x00000400   Zero   RW            1    STACK               startup_stm32f103xb.o


==============================================================================

Image component sizes


      Code (inc. data)   RO Data    RW Data    ZI Data      Debug   Object Name

       164         20          0          0         48       1505   adc.o
       140         12          0          0          0        815   gpio.o
       658         82          0          4          0     411137   main.o
       756         76          0          2          0      11091   mcu_api.o
       860        178         26         12          0      10349   protocol.o
        36          8        236          0       1024        780   startup_stm32f103xb.o
       164         28          0         12          0       5701   stm32f1xx_hal.o
       612         24          0          0          0       3196   stm32f1xx_hal_adc.o
       234         24          0          0          0      29346   stm32f1xx_hal_cortex.o
       152          4          0          0          0       1055   stm32f1xx_hal_dma.o
         4          0          0          0          0        478   stm32f1xx_hal_flash.o
       516         34          0          0          0       4012   stm32f1xx_hal_gpio.o
        60          8          0          0          0        794   stm32f1xx_hal_msp.o
      1272        100          0          0          0       5044   stm32f1xx_hal_rcc.o
       236         12          0          0          0       1332   stm32f1xx_hal_rcc_ex.o
      1098         10          0          0          0       8427   stm32f1xx_hal_uart.o
        76         16          0          0          0       4486   stm32f1xx_it.o
       902        132          0         13        109       8391   system.o
         2          0         24          4          0       1023   system_stm32f1xx.o
       328         34          0          0        128       2199   usart.o

    ----------------------------------------------------------------------
      8296        802        320         52       1312     511161   Object Totals
         0          0         32          0          0          0   (incl. Generated)
        26          0          2          5          3          0   (incl. Padding)

    ----------------------------------------------------------------------

      Code (inc. data)   RO Data    RW Data    ZI Data      Debug   Library Member Name

         0          0          0          0          0          0   entry.o
         0          0          0          0          0          0   entry10a.o
         0          0          0          0          0          0   entry11a.o
         8          4          0          0          0          0   entry2.o
         4          0          0          0          0          0   entry5.o
         0          0          0          0          0          0   entry7b.o
         0          0          0          0          0          0   entry8b.o
         8          4          0          0          0          0   entry9a.o
        30          0          0          0          0          0   handlers.o
        36          8          0          0          0         68   init.o
        26          0          0          0          0         80   memcmp.o
        36          0          0          0          0        108   memseta.o
       916         20          0          0          0        504   printf6.o
         0          0          0          4          0          0   stdout.o
        36          0          0          0          0         80   strstr.o
        44          0          0          0          0         80   uidiv.o

    ----------------------------------------------------------------------
      1148         36          0          4          0        920   Library Totals
         4          0          0          0          0          0   (incl. Padding)

    ----------------------------------------------------------------------

      Code (inc. data)   RO Data    RW Data    ZI Data      Debug   Library Name

      1144         36          0          4          0        920   mc_w.l

    ----------------------------------------------------------------------
      1148         36          0          4          0        920   Library Totals

    ----------------------------------------------------------------------

==============================================================================


      Code (inc. data)   RO Data    RW Data    ZI Data      Debug   

      9444        838        320         56       1312     506877   Grand Totals
      9444        838        320         56       1312     506877   ELF Image Totals
      9444        838        320         56          0          0   ROM Totals

==============================================================================

    Total RO  Size (Code + RO Data)                 9764 (   9.54kB)
    Total RW  Size (RW Data + ZI Data)              1368 (   1.34kB)
    Total ROM Size (Code + RO Data + RW Data)       9820 (   9.59kB)

==============================================================================

