<html>
<body>
<pre>
<h1>µVision Build Log</h1>
<h2>Tool Versions:</h2>
IDE-Version: ¦ÌVision V5.31.0.0
Copyright (C) 2020 ARM Ltd and ARM Germany GmbH. All rights reserved.
License Information: aa aa, aa, LIC=FYKYW-Q2FH5-Z94G9-4KEWG-NS049-J0YG5
 
Tool Versions:
Toolchain:       MDK-ARM Plus  Version: 5.31.0.0
Toolchain Path:  C:\Keil_v5\ARM\ARMCC\Bin
C Compiler:      Armcc.exe V5.06 update 6 (build 750)
Assembler:       Armasm.exe V5.06 update 6 (build 750)
Linker/Locator:  ArmLink.exe V5.06 update 6 (build 750)
Library Manager: ArmAr.exe V5.06 update 6 (build 750)
Hex Converter:   FromElf.exe V5.06 update 6 (build 750)
CPU DLL:         SARMCM3.DLL V5.31.0.0
Dialog DLL:      DCM.DLL V1.17.3.0
Target DLL:      STLink\ST-LINKIII-KEIL_SWO.dll V3.0.7.0
Dialog DLL:      TCM.DLL V1.46.0.0
 
<h2>Project:</h2>
E:\GitHub\predator\predator\MDK-ARM\predator.uvprojx
Project File Date:  03/26/2021

<h2>Output:</h2>
*** Using Compiler 'V5.06 update 6 (build 750)', folder: 'C:\Keil_v5\ARM\ARMCC\Bin'
Build target 'predator'
compiling HX711.c...
..\HX711\HX711.c(41): warning:  #188-D: enumerated type mixed with another type
  	HAL_GPIO_WritePin(HX711_DOUT_GPIO_Port,HX711_DOUT_Pin,0);
..\HX711\HX711.c(42): warning:  #188-D: enumerated type mixed with another type
  	HAL_GPIO_WritePin(HX711_SCK_GPIO_Port,HX711_SCK_Pin,0);
..\HX711\HX711.c(55): warning:  #188-D: enumerated type mixed with another type
  	HAL_GPIO_WritePin(HX711_DOUT_GPIO_Port,HX711_DOUT_Pin,1);
..\HX711\HX711.c(58): warning:  #188-D: enumerated type mixed with another type
  	HAL_GPIO_WritePin(HX711_SCK_GPIO_Port,HX711_SCK_Pin,0);
..\HX711\HX711.c(64): warning:  #188-D: enumerated type mixed with another type
  		HAL_GPIO_WritePin(HX711_SCK_GPIO_Port,HX711_SCK_Pin,1);
..\HX711\HX711.c(68): warning:  #188-D: enumerated type mixed with another type
  		HAL_GPIO_WritePin(HX711_SCK_GPIO_Port,HX711_SCK_Pin,0);
..\HX711\HX711.c(70): warning:  #188-D: enumerated type mixed with another type
  		HAL_GPIO_WritePin(DJ_GPIO_Port,DJ_Pin,1);
..\HX711\HX711.c(76): warning:  #188-D: enumerated type mixed with another type
  	HAL_GPIO_WritePin(HX711_SCK_GPIO_Port,HX711_SCK_Pin,1);
..\HX711\HX711.c(80): warning:  #188-D: enumerated type mixed with another type
  	HAL_GPIO_WritePin(HX711_SCK_GPIO_Port,HX711_SCK_Pin,0);	
..\HX711\HX711.c: 9 warnings, 0 errors
compiling main.c...
../Src/main.c(111): warning:  #188-D: enumerated type mixed with another type
  					HAL_GPIO_WritePin(DJ_GPIO_Port,DJ_Pin,0);
../Src/main.c(113): warning:  #188-D: enumerated type mixed with another type
  					HAL_GPIO_WritePin(DJ_GPIO_Port,DJ_Pin,1);
../Src/main.c: 2 warnings, 0 errors
linking...
Program Size: Code=9824 RO-data=320 RW-data=68 ZI-data=1316  
FromELF: creating hex file...
"predator\predator.axf" - 0 Error(s), 11 Warning(s).

<h2>Software Packages used:</h2>

Package Vendor: ARM
                http://www.keil.com/pack/ARM.CMSIS.5.7.0.pack
                ARM.CMSIS.5.7.0
                CMSIS (Cortex Microcontroller Software Interface Standard)
   * Component: CORE Version: 5.4.0

Package Vendor: Keil
                http://www.keil.com/pack/Keil.STM32F1xx_DFP.2.3.0.pack
                Keil.STM32F1xx_DFP.2.3.0
                STMicroelectronics STM32F1 Series Device Support, Drivers and Examples

<h2>Collection of Component include folders:</h2>
  .\RTE\_predator
  C:\Users\14401\AppData\Local\Arm\Packs\ARM\CMSIS\5.7.0\CMSIS\Core\Include
  C:\Users\14401\AppData\Local\Arm\Packs\Keil\STM32F1xx_DFP\2.3.0\Device\Include

<h2>Collection of Component Files used:</h2>

   * Component: ARM::CMSIS:CORE:5.4.0
Build Time Elapsed:  00:00:03
</pre>
</body>
</html>
