<html>
<body>
<pre>
<h1>µVision Build Log</h1>
<h2>Tool Versions:</h2>
IDE-Version: ¦ÌVision V5.31.0.0
Copyright (C) 2020 ARM Ltd and ARM Germany GmbH. All rights reserved.
License Information: aa aa, aa, LIC=FYKYW-Q2FH5-Z94G9-4KEWG-NS049-J0YG5
 
Tool Versions:
Toolchain:       MDK-ARM Plus  Version: 5.31.0.0
Toolchain Path:  C:\Keil_v5\ARM\ARMCC\Bin
C Compiler:      Armcc.exe V5.06 update 6 (build 750)
Assembler:       Armasm.exe V5.06 update 6 (build 750)
Linker/Locator:  ArmLink.exe V5.06 update 6 (build 750)
Library Manager: ArmAr.exe V5.06 update 6 (build 750)
Hex Converter:   FromElf.exe V5.06 update 6 (build 750)
CPU DLL:         SARMCM3.DLL V5.31.0.0
Dialog DLL:      DCM.DLL V1.17.3.0
Target DLL:      STLink\ST-LINKIII-KEIL_SWO.dll V3.0.7.0
Dialog DLL:      TCM.DLL V1.46.0.0
 
<h2>Project:</h2>
E:\GitHub\predator\predator\MDK-ARM\predator.uvprojx
Project File Date:  03/29/2021

<h2>Output:</h2>
*** Using Compiler 'V5.06 update 6 (build 750)', folder: 'C:\Keil_v5\ARM\ARMCC\Bin'
Build target 'predator'
compiling protocol.c...
..\mcu_sdk\protocol.c(269): warning:  #188-D: enumerated type mixed with another type
  					HAL_GPIO_WritePin(DJ_GPIO_Port,DJ_Pin,1);
..\mcu_sdk\protocol.c(271): warning:  #188-D: enumerated type mixed with another type
  					HAL_GPIO_WritePin(DJ_GPIO_Port,DJ_Pin,0);
..\mcu_sdk\protocol.c(363): warning:  #188-D: enumerated type mixed with another type
  					HAL_GPIO_WritePin(DJ_GPIO_Port,DJ_Pin,1);
..\mcu_sdk\protocol.c(365): warning:  #188-D: enumerated type mixed with another type
  					HAL_GPIO_WritePin(DJ_GPIO_Port,DJ_Pin,0);
..\mcu_sdk\protocol.c(1265): warning:  #550-D: variable "play"  was set but never used
      unsigned char play;
..\mcu_sdk\protocol.c(1266): warning:  #550-D: variable "bt_play"  was set but never used
      unsigned char bt_play;
..\mcu_sdk\protocol.c: 6 warnings, 0 errors
linking...
Program Size: Code=9444 RO-data=320 RW-data=56 ZI-data=1312  
FromELF: creating hex file...
"predator\predator.axf" - 0 Error(s), 6 Warning(s).

<h2>Software Packages used:</h2>

Package Vendor: ARM
                http://www.keil.com/pack/ARM.CMSIS.5.7.0.pack
                ARM.CMSIS.5.7.0
                CMSIS (Cortex Microcontroller Software Interface Standard)
   * Component: CORE Version: 5.4.0

Package Vendor: Keil
                http://www.keil.com/pack/Keil.STM32F1xx_DFP.2.3.0.pack
                Keil.STM32F1xx_DFP.2.3.0
                STMicroelectronics STM32F1 Series Device Support, Drivers and Examples

<h2>Collection of Component include folders:</h2>
  .\RTE\_predator
  C:\Users\14401\AppData\Local\Arm\Packs\ARM\CMSIS\5.7.0\CMSIS\Core\Include
  C:\Users\14401\AppData\Local\Arm\Packs\Keil\STM32F1xx_DFP\2.3.0\Device\Include

<h2>Collection of Component Files used:</h2>

   * Component: ARM::CMSIS:CORE:5.4.0
Build Time Elapsed:  00:00:02
</pre>
</body>
</html>
